Archive member included to satisfy reference by file (symbol)

c:/program files (x86)/atmel/studio/7.0/toolchain/arm/arm-gnu-toolchain/bin/../lib/gcc/arm-none-eabi/6.3.1/thumb/v6-m\libgcc.a(_udivsi3.o)
                              src/ASF/common2/services/delay/sam0/systick_counter.o (__aeabi_uidiv)
c:/program files (x86)/atmel/studio/7.0/toolchain/arm/arm-gnu-toolchain/bin/../lib/gcc/arm-none-eabi/6.3.1/thumb/v6-m\libgcc.a(_divsi3.o)
                              src/ASF/thirdparty/fatfs/fatfs-r0.09/src/ff.o (__aeabi_idiv)
c:/program files (x86)/atmel/studio/7.0/toolchain/arm/arm-gnu-toolchain/bin/../lib/gcc/arm-none-eabi/6.3.1/thumb/v6-m\libgcc.a(_dvmd_tls.o)
                              c:/program files (x86)/atmel/studio/7.0/toolchain/arm/arm-gnu-toolchain/bin/../lib/gcc/arm-none-eabi/6.3.1/thumb/v6-m\libgcc.a(_udivsi3.o) (__aeabi_idiv0)
c:/program files (x86)/atmel/studio/7.0/toolchain/arm/arm-gnu-toolchain/bin/../lib/gcc/arm-none-eabi/6.3.1/thumb/v6-m\libgcc.a(_muldi3.o)
                              src/ASF/sam0/drivers/sercom/sercom.o (__aeabi_lmul)
c:/program files (x86)/atmel/studio/7.0/toolchain/arm/arm-gnu-toolchain/bin/../lib/gcc/arm-none-eabi/6.3.1/thumb/v6-m\libgcc.a(adddf3.o)
                              src/ASF/sam0/drivers/sercom/i2c/i2c_sam0/i2c_master.o (__aeabi_dadd)
c:/program files (x86)/atmel/studio/7.0/toolchain/arm/arm-gnu-toolchain/bin/../lib/gcc/arm-none-eabi/6.3.1/thumb/v6-m\libgcc.a(divdf3.o)
                              src/ASF/sam0/drivers/sercom/i2c/i2c_sam0/i2c_master.o (__aeabi_ddiv)
c:/program files (x86)/atmel/studio/7.0/toolchain/arm/arm-gnu-toolchain/bin/../lib/gcc/arm-none-eabi/6.3.1/thumb/v6-m\libgcc.a(muldf3.o)
                              src/ASF/sam0/drivers/sercom/i2c/i2c_sam0/i2c_master.o (__aeabi_dmul)
c:/program files (x86)/atmel/studio/7.0/toolchain/arm/arm-gnu-toolchain/bin/../lib/gcc/arm-none-eabi/6.3.1/thumb/v6-m\libgcc.a(subdf3.o)
                              src/ASF/sam0/drivers/sercom/i2c/i2c_sam0/i2c_master.o (__aeabi_dsub)
c:/program files (x86)/atmel/studio/7.0/toolchain/arm/arm-gnu-toolchain/bin/../lib/gcc/arm-none-eabi/6.3.1/thumb/v6-m\libgcc.a(fixdfsi.o)
                              src/ASF/sam0/drivers/sercom/i2c/i2c_sam0/i2c_master.o (__aeabi_d2iz)
c:/program files (x86)/atmel/studio/7.0/toolchain/arm/arm-gnu-toolchain/bin/../lib/gcc/arm-none-eabi/6.3.1/thumb/v6-m\libgcc.a(floatunsidf.o)
                              src/ASF/sam0/drivers/sercom/i2c/i2c_sam0/i2c_master.o (__aeabi_ui2d)
c:/program files (x86)/atmel/studio/7.0/toolchain/arm/arm-gnu-toolchain/bin/../lib/gcc/arm-none-eabi/6.3.1/thumb/v6-m\libgcc.a(_clzsi2.o)
                              c:/program files (x86)/atmel/studio/7.0/toolchain/arm/arm-gnu-toolchain/bin/../lib/gcc/arm-none-eabi/6.3.1/thumb/v6-m\libgcc.a(adddf3.o) (__clzsi2)
c:/program files (x86)/atmel/studio/7.0/toolchain/arm/arm-gnu-toolchain/bin/../lib/gcc/arm-none-eabi/6.3.1/../../../../arm-none-eabi/lib/thumb/v6-m\libc_nano.a(lib_a-exit.o)
                              c:/program files (x86)/atmel/studio/7.0/toolchain/arm/arm-gnu-toolchain/bin/../lib/gcc/arm-none-eabi/6.3.1/../../../../arm-none-eabi/lib/thumb/v6-m/crt0.o (exit)
c:/program files (x86)/atmel/studio/7.0/toolchain/arm/arm-gnu-toolchain/bin/../lib/gcc/arm-none-eabi/6.3.1/../../../../arm-none-eabi/lib/thumb/v6-m\libc_nano.a(lib_a-impure.o)
                              c:/program files (x86)/atmel/studio/7.0/toolchain/arm/arm-gnu-toolchain/bin/../lib/gcc/arm-none-eabi/6.3.1/../../../../arm-none-eabi/lib/thumb/v6-m\libc_nano.a(lib_a-exit.o) (_global_impure_ptr)
c:/program files (x86)/atmel/studio/7.0/toolchain/arm/arm-gnu-toolchain/bin/../lib/gcc/arm-none-eabi/6.3.1/../../../../arm-none-eabi/lib/thumb/v6-m\libc_nano.a(lib_a-init.o)
                              c:/program files (x86)/atmel/studio/7.0/toolchain/arm/arm-gnu-toolchain/bin/../lib/gcc/arm-none-eabi/6.3.1/../../../../arm-none-eabi/lib/thumb/v6-m/crt0.o (__libc_init_array)
c:/program files (x86)/atmel/studio/7.0/toolchain/arm/arm-gnu-toolchain/bin/../lib/gcc/arm-none-eabi/6.3.1/../../../../arm-none-eabi/lib/thumb/v6-m\libc_nano.a(lib_a-malloc.o)
                              src/SerialConsole/circular_buffer.o (malloc)
c:/program files (x86)/atmel/studio/7.0/toolchain/arm/arm-gnu-toolchain/bin/../lib/gcc/arm-none-eabi/6.3.1/../../../../arm-none-eabi/lib/thumb/v6-m\libc_nano.a(lib_a-memcpy-stub.o)
                              src/ASF/thirdparty/fatfs/fatfs-port-r0.09/diskio.o (memcpy)
c:/program files (x86)/atmel/studio/7.0/toolchain/arm/arm-gnu-toolchain/bin/../lib/gcc/arm-none-eabi/6.3.1/../../../../arm-none-eabi/lib/thumb/v6-m\libc_nano.a(lib_a-memset.o)
                              c:/program files (x86)/atmel/studio/7.0/toolchain/arm/arm-gnu-toolchain/bin/../lib/gcc/arm-none-eabi/6.3.1/../../../../arm-none-eabi/lib/thumb/v6-m/crt0.o (memset)
[...]
Memory Configuration

Name             Origin             Length             Attributes
rom              0x00000000         0x00040000         xr
ram              0x20000000         0x00008000         xrw
*default*        0x00000000         0xffffffff

Linker script and memory map

LOAD c:/program files (x86)/atmel/studio/7.0/toolchain/arm/arm-gnu-toolchain/bin/../lib/gcc/arm-none-eabi/6.3.1/thumb/v6-m/crti.o
LOAD c:/program files (x86)/atmel/studio/7.0/toolchain/arm/arm-gnu-toolchain/bin/../lib/gcc/arm-none-eabi/6.3.1/thumb/v6-m/crtbegin.o
LOAD c:/program files (x86)/atmel/studio/7.0/toolchain/arm/arm-gnu-toolchain/bin/../lib/gcc/arm-none-eabi/6.3.1/../../../../arm-none-eabi/lib/thumb/v6-m/crt0.o
LOAD src/ASF/common2/services/delay/sam0/systick_counter.o
LOAD src/Systick/Systick.o
LOAD src/ASF/common/services/crc32/crc32.o
LOAD src/ASF/sam0/boards/board_init.o
LOAD src/ASF/sam0/drivers/dsu/crc32/crc32.o
LOAD src/ASF/sam0/drivers/nvm/nvm.o
LOAD src/ASF/sam0/drivers/pac/pac_sam_d_r_h/pac.o
LOAD src/ASF/sam0/drivers/sercom/i2c/i2c_sam0/i2c_master.o
LOAD src/SD Card/SdCard.o
LOAD src/SerialConsole/circular_buffer.o
LOAD src/SerialConsole/SerialConsole.o
LOAD src/ASF/common2/components/memory/sd_mmc/sd_mmc.o
LOAD src/ASF/common2/components/memory/sd_mmc/sd_mmc_mem.o
LOAD src/ASF/common2/components/memory/sd_mmc/sd_mmc_spi.o
LOAD src/ASF/common/services/storage/ctrl_access/ctrl_access.o
LOAD src/ASF/common/utils/interrupt/interrupt_sam_nvic.o
LOAD src/ASF/sam0/drivers/port/port.o
LOAD src/ASF/sam0/drivers/rtc/rtc_sam_d_r_h/rtc_calendar.o
LOAD src/ASF/sam0/drivers/sercom/sercom.o
LOAD src/ASF/sam0/drivers/sercom/sercom_interrupt.o
LOAD src/ASF/sam0/drivers/sercom/spi/spi.o
LOAD src/ASF/sam0/drivers/sercom/spi/spi_interrupt.o
LOAD src/ASF/sam0/drivers/sercom/usart/usart.o
LOAD src/ASF/sam0/drivers/sercom/usart/usart_interrupt.o
LOAD src/ASF/sam0/drivers/system/clock/clock_samd21_r21_da_ha1/clock.o
LOAD src/ASF/sam0/drivers/system/clock/clock_samd21_r21_da_ha1/gclk.o
LOAD src/ASF/sam0/drivers/system/interrupt/system_interrupt.o
LOAD src/ASF/sam0/drivers/system/pinmux/pinmux.o
LOAD src/ASF/sam0/drivers/system/system.o
LOAD src/ASF/sam0/utils/cmsis/samd21/source/gcc/startup_samd21.o
LOAD src/ASF/sam0/utils/cmsis/samd21/source/system_samd21.o
LOAD src/ASF/sam0/utils/stdio/read.o
LOAD src/ASF/sam0/utils/stdio/write.o
LOAD src/ASF/sam0/utils/syscalls/gcc/syscalls.o
LOAD src/ASF/thirdparty/fatfs/fatfs-port-r0.09/diskio.o
LOAD src/ASF/thirdparty/fatfs/fatfs-port-r0.09/sam0/fattime_rtc.o
LOAD src/ASF/thirdparty/fatfs/fatfs-r0.09/src/ff.o
LOAD src/ASF/thirdparty/fatfs/fatfs-r0.09/src/option/ccsbcs.o
LOAD src/BootMain.o
START GROUP
LOAD ../src/ASF/thirdparty/CMSIS/Lib/GCC\libarm_cortexM0l_math.a
LOAD c:/program files (x86)/atmel/studio/7.0/toolchain/arm/arm-gnu-toolchain/bin/../lib/gcc/arm-none-eabi/6.3.1/../../../../arm-none-eabi/lib/thumb/v6-m\libm.a
END GROUP
                0x00002000                __stack_size__ = 0x2000
START GROUP
LOAD c:/program files (x86)/atmel/studio/7.0/toolchain/arm/arm-gnu-toolchain/bin/../lib/gcc/arm-none-eabi/6.3.1/thumb/v6-m\libgcc.a
LOAD c:/program files (x86)/atmel/studio/7.0/toolchain/arm/arm-gnu-toolchain/bin/../lib/gcc/arm-none-eabi/6.3.1/../../../../arm-none-eabi/lib/thumb/v6-m\libc_nano.a
END GROUP
START GROUP
LOAD c:/program files (x86)/atmel/studio/7.0/toolchain/arm/arm-gnu-toolchain/bin/../lib/gcc/arm-none-eabi/6.3.1/thumb/v6-m\libgcc.a
LOAD c:/program files (x86)/atmel/studio/7.0/toolchain/arm/arm-gnu-toolchain/bin/../lib/gcc/arm-none-eabi/6.3.1/../../../../arm-none-eabi/lib/thumb/v6-m\libc_nano.a
END GROUP
LOAD c:/program files (x86)/atmel/studio/7.0/toolchain/arm/arm-gnu-toolchain/bin/../lib/gcc/arm-none-eabi/6.3.1/thumb/v6-m/crtend.o
LOAD c:/program files (x86)/atmel/studio/7.0/toolchain/arm/arm-gnu-toolchain/bin/../lib/gcc/arm-none-eabi/6.3.1/thumb/v6-m/crtn.o
                0x00002000                STACK_SIZE = DEFINED (STACK_SIZE)?STACK_SIZE:DEFINED (__stack_size__)?__stack_size__:0x2000

.text           0x00000000     0xcc24
                0x00000000                . = ALIGN (0x4)
                0x00000000                _sfixed = .
 *(.vectors .vectors.*)
 .vectors       0x00000000       0xb4 src/ASF/sam0/utils/cmsis/samd21/source/gcc/startup_samd21.o
                0x00000000                exception_table
 *(.text .text.* .gnu.linkonce.t.*)
 .text          0x000000b4       0x60 c:/program files (x86)/atmel/studio/7.0/toolchain/arm/arm-gnu-toolchain/bin/../lib/gcc/arm-none-eabi/6.3.1/thumb/v6-m/crtbegin.o
 .text.delay_cycles
                0x00000114       0x34 src/ASF/common2/services/delay/sam0/systick_counter.o
 .text.delay_init
                0x00000148       0x58 src/ASF/common2/services/delay/sam0/systick_counter.o
                0x00000148                delay_init
 .text.delay_cycles_ms
                0x000001a0       0x30 src/ASF/common2/services/delay/sam0/systick_counter.o
                0x000001a0                delay_cycles_ms
 .text.GetSystick
                0x000001d0       0x14 src/Systick/Systick.o
                0x000001d0                GetSystick
 .text.SysTick_Handler
                0x000001e4       0x18 src/Systick/Systick.o
                0x000001e4                SysTick_Handler
 .text.system_pinmux_get_group_from_gpio_pin
                0x000001fc       0x60 src/ASF/sam0/boards/board_init.o
 .text.port_get_group_from_gpio_pin
                0x0000025c       0x24 src/ASF/sam0/boards/board_init.o
 .text.port_get_config_defaults
                0x00000280       0x22 src/ASF/sam0/boards/board_init.o
 *fill*         0x000002a2        0x2 
 .text.port_pin_set_output_level
                0x000002a4       0x54 src/ASF/sam0/boards/board_init.o
 .text.system_board_init
                0x000002f8       0x50 src/ASF/sam0/boards/board_init.o
                0x000002f8                board_init
                0x000002f8                system_board_init
 .text.system_interrupt_enable_global
                0x00000348       0x1c src/ASF/sam0/drivers/dsu/crc32/crc32.o
 .text.system_interrupt_disable_global
                0x00000364       0x1c src/ASF/sam0/drivers/dsu/crc32/crc32.o
 .text.dsu_crc32_cal
                0x00000380       0xb8 src/ASF/sam0/drivers/dsu/crc32/crc32.o
                0x00000380                dsu_crc32_cal
 .text.nvm_is_ready
                0x00000438       0x28 src/ASF/sam0/drivers/nvm/nvm.o
 .text.system_apb_clock_set_mask
                0x00000460       0x5c src/ASF/sam0/drivers/nvm/nvm.o
 .text.nvm_set_config
                0x000004bc       0xd8 src/ASF/sam0/drivers/nvm/nvm.o
                0x000004bc                nvm_set_config
 .text.nvm_execute_command
                0x00000594      0x118 src/ASF/sam0/drivers/nvm/nvm.o
                0x00000594                nvm_execute_command
 .text.nvm_write_buffer
                0x000006ac      0x14c src/ASF/sam0/drivers/nvm/nvm.o
                0x000006ac                nvm_write_buffer
 .text.nvm_erase_row
                0x000007f8       0xa8 src/ASF/sam0/drivers/nvm/nvm.o
                0x000007f8                nvm_erase_row
 .text.system_apb_clock_set_mask
                0x000008a0       0x5c src/ASF/sam0/drivers/pac/pac_sam_d_r_h/pac.o
 .text.system_peripheral_lock
                0x000008fc       0x98 src/ASF/sam0/drivers/pac/pac_sam_d_r_h/pac.o
                0x000008fc                system_peripheral_lock
 .text.system_peripheral_unlock
                0x00000994       0x98 src/ASF/sam0/drivers/pac/pac_sam_d_r_h/pac.o
                0x00000994                system_peripheral_unlock
 .text.SdCard_Initiate
                0x00000a2c       0x6c src/SD Card/SdCard.o
                0x00000a2c                SdCard_Initiate
 .text.advance_pointer
                0x00000a98       0x60 src/SerialConsole/circular_buffer.o
 .text.retreat_pointer
                0x00000af8       0x34 src/SerialConsole/circular_buffer.o
 .text.circular_buf_init
                0x00000b2c       0x3c src/SerialConsole/circular_buffer.o
                0x00000b2c                circular_buf_init
 .text.circular_buf_reset
                0x00000b68       0x22 src/SerialConsole/circular_buffer.o
                0x00000b68                circular_buf_reset
 *fill*         0x00000b8a        0x2 
 .text.circular_buf_put
                0x00000b8c       0x34 src/SerialConsole/circular_buffer.o
                0x00000b8c                circular_buf_put
 .text.circular_buf_get
                0x00000bc0       0x54 src/SerialConsole/circular_buffer.o
                0x00000bc0                circular_buf_get
 .text.circular_buf_empty
                0x00000c14       0x38 src/SerialConsole/circular_buffer.o
                0x00000c14                circular_buf_empty
 .text.system_interrupt_enable
                0x00000c4c       0x2c src/SerialConsole/SerialConsole.o
 .text.system_interrupt_disable
                0x00000c78       0x30 src/SerialConsole/SerialConsole.o
 .text.usart_is_syncing
                0x00000ca8       0x20 src/SerialConsole/SerialConsole.o
 .text._usart_wait_for_sync
                0x00000cc8       0x24 src/SerialConsole/SerialConsole.o
 .text.usart_get_config_defaults
                0x00000cec       0xbe src/SerialConsole/SerialConsole.o
 *fill*         0x00000daa        0x2 
 .text.usart_enable
                0x00000dac       0x48 src/SerialConsole/SerialConsole.o
 .text.usart_disable
                0x00000df4       0x4c src/SerialConsole/SerialConsole.o
 .text.usart_enable_callback
                0x00000e40       0x36 src/SerialConsole/SerialConsole.o
 *fill*         0x00000e76        0x2 
 .text.usart_serial_putchar
                0x00000e78       0x34 src/SerialConsole/SerialConsole.o
 .text.usart_serial_getchar
                0x00000eac       0x40 src/SerialConsole/SerialConsole.o
 .text.stdio_serial_init
                0x00000eec       0x60 src/SerialConsole/SerialConsole.o
 .text.InitializeSerialConsole
                0x00000f4c       0x70 src/SerialConsole/SerialConsole.o
                0x00000f4c                InitializeSerialConsole
 .text.DeinitializeSerialConsole
                0x00000fbc       0x1c src/SerialConsole/SerialConsole.o
                0x00000fbc                DeinitializeSerialConsole
 .text.SerialConsoleWriteString
                0x00000fd8       0x8c src/SerialConsole/SerialConsole.o
                0x00000fd8                SerialConsoleWriteString
 .text.LogMessage
                0x00001064       0x1c src/SerialConsole/SerialConsole.o
                0x00001064                LogMessage
 .text.configure_usart
                0x00001080       0x88 src/SerialConsole/SerialConsole.o
 .text.configure_usart_callbacks
                0x00001108       0x4c src/SerialConsole/SerialConsole.o
 .text.usart_read_callback
                0x00001154       0x10 src/SerialConsole/SerialConsole.o
                0x00001154                usart_read_callback
 .text.usart_write_callback
                0x00001164       0x44 src/SerialConsole/SerialConsole.o
                0x00001164                usart_write_callback
 .text.SDMMC_UNSTUFF_BITS
                0x000011a8      0x15c src/ASF/common2/components/memory/sd_mmc/sd_mmc.o
 .text.mmc_spi_op_cond
                0x00001304       0xac src/ASF/common2/components/memory/sd_mmc/sd_mmc.o
 .text.sd_spi_op_cond
                0x000013b0       0xe4 src/ASF/common2/components/memory/sd_mmc/sd_mmc.o
 .text.sdio_op_cond
                0x00001494        0xc src/ASF/common2/components/memory/sd_mmc/sd_mmc.o
 .text.sd_cmd8  0x000014a0       0x70 src/ASF/common2/components/memory/sd_mmc/sd_mmc.o
 .text.mmc_cmd8
                0x00001510      0x12c src/ASF/common2/components/memory/sd_mmc/sd_mmc.o
 .text.sd_mmc_cmd9_spi
                0x0000163c       0x70 src/ASF/common2/components/memory/sd_mmc/sd_mmc.o
 .text.mmc_decode_csd
                0x000016ac      0x130 src/ASF/common2/components/memory/sd_mmc/sd_mmc.o
 .text.sd_decode_csd
                0x000017dc       0xec src/ASF/common2/components/memory/sd_mmc/sd_mmc.o
 .text.sd_mmc_cmd13
                0x000018c8       0x5c src/ASF/common2/components/memory/sd_mmc/sd_mmc.o
 .text.sd_acmd51
                0x00001924      0x108 src/ASF/common2/components/memory/sd_mmc/sd_mmc.o
 .text.sd_mmc_select_slot
                0x00001a2c       0xc4 src/ASF/common2/components/memory/sd_mmc/sd_mmc.o
 .text.sd_mmc_configure_slot
                0x00001af0       0x38 src/ASF/common2/components/memory/sd_mmc/sd_mmc.o
 .text.sd_mmc_deselect_slot
                0x00001b28       0x24 src/ASF/common2/components/memory/sd_mmc/sd_mmc.o
 .text.sd_mmc_spi_card_init
                0x00001b4c      0x1ac src/ASF/common2/components/memory/sd_mmc/sd_mmc.o
 .text.sd_mmc_spi_install_mmc
                0x00001cf8      0x100 src/ASF/common2/components/memory/sd_mmc/sd_mmc.o
 .text.sd_mmc_init
                0x00001df8       0x50 src/ASF/common2/components/memory/sd_mmc/sd_mmc.o
                0x00001df8                sd_mmc_init
 .text.sd_mmc_check
                0x00001e48       0x74 src/ASF/common2/components/memory/sd_mmc/sd_mmc.o
                0x00001e48                sd_mmc_check
 .text.sd_mmc_get_type
                0x00001ebc       0x3c src/ASF/common2/components/memory/sd_mmc/sd_mmc.o
                0x00001ebc                sd_mmc_get_type
 .text.sd_mmc_get_capacity
                0x00001ef8       0x3c src/ASF/common2/components/memory/sd_mmc/sd_mmc.o
                0x00001ef8                sd_mmc_get_capacity
 .text.sd_mmc_is_write_protected
                0x00001f34       0x16 src/ASF/common2/components/memory/sd_mmc/sd_mmc.o
                0x00001f34                sd_mmc_is_write_protected
 *fill*         0x00001f4a        0x2 
 .text.sd_mmc_init_read_blocks
                0x00001f4c       0xec src/ASF/common2/components/memory/sd_mmc/sd_mmc.o
                0x00001f4c                sd_mmc_init_read_blocks
 .text.sd_mmc_start_read_blocks
                0x00002038       0x58 src/ASF/common2/components/memory/sd_mmc/sd_mmc.o
                0x00002038                sd_mmc_start_read_blocks
 .text.sd_mmc_wait_end_of_read_blocks
                0x00002090       0x98 src/ASF/common2/components/memory/sd_mmc/sd_mmc.o
                0x00002090                sd_mmc_wait_end_of_read_blocks
 .text.sd_mmc_init_write_blocks
                0x00002128       0xe8 src/ASF/common2/components/memory/sd_mmc/sd_mmc.o
                0x00002128                sd_mmc_init_write_blocks
 .text.sd_mmc_start_write_blocks
                0x00002210       0x58 src/ASF/common2/components/memory/sd_mmc/sd_mmc.o
                0x00002210                sd_mmc_start_write_blocks
 .text.sd_mmc_wait_end_of_write_blocks
                0x00002268       0x6c src/ASF/common2/components/memory/sd_mmc/sd_mmc.o
                0x00002268                sd_mmc_wait_end_of_write_blocks
 .text.sd_mmc_test_unit_ready
                0x000022d4       0x78 src/ASF/common2/components/memory/sd_mmc/sd_mmc_mem.o
                0x000022d4                sd_mmc_test_unit_ready
 .text.sd_mmc_test_unit_ready_0
                0x0000234c       0x18 src/ASF/common2/components/memory/sd_mmc/sd_mmc_mem.o
                0x0000234c                sd_mmc_test_unit_ready_0
 .text.sd_mmc_read_capacity
                0x00002364       0x40 src/ASF/common2/components/memory/sd_mmc/sd_mmc_mem.o
                0x00002364                sd_mmc_read_capacity
 .text.sd_mmc_read_capacity_0
                0x000023a4       0x20 src/ASF/common2/components/memory/sd_mmc/sd_mmc_mem.o
                0x000023a4                sd_mmc_read_capacity_0
 .text.sd_mmc_unload
                0x000023c4       0x2c src/ASF/common2/components/memory/sd_mmc/sd_mmc_mem.o
                0x000023c4                sd_mmc_unload
 .text.sd_mmc_unload_0
                0x000023f0       0x28 src/ASF/common2/components/memory/sd_mmc/sd_mmc_mem.o
                0x000023f0                sd_mmc_unload_0
 .text.sd_mmc_wr_protect
                0x00002418       0x24 src/ASF/common2/components/memory/sd_mmc/sd_mmc_mem.o
                0x00002418                sd_mmc_wr_protect
 .text.sd_mmc_wr_protect_0
                0x0000243c       0x18 src/ASF/common2/components/memory/sd_mmc/sd_mmc_mem.o
                0x0000243c                sd_mmc_wr_protect_0
 .text.sd_mmc_removal
                0x00002454       0x16 src/ASF/common2/components/memory/sd_mmc/sd_mmc_mem.o
                0x00002454                sd_mmc_removal
 *fill*         0x0000246a        0x2 
 .text.sd_mmc_removal_0
                0x0000246c       0x18 src/ASF/common2/components/memory/sd_mmc/sd_mmc_mem.o
                0x0000246c                sd_mmc_removal_0
 .text.sd_mmc_mem_2_ram
                0x00002484       0x6c src/ASF/common2/components/memory/sd_mmc/sd_mmc_mem.o
                0x00002484                sd_mmc_mem_2_ram
 .text.sd_mmc_mem_2_ram_0
                0x000024f0       0x24 src/ASF/common2/components/memory/sd_mmc/sd_mmc_mem.o
                0x000024f0                sd_mmc_mem_2_ram_0
 .text.sd_mmc_ram_2_mem
                0x00002514       0x6c src/ASF/common2/components/memory/sd_mmc/sd_mmc_mem.o
                0x00002514                sd_mmc_ram_2_mem
 .text.sd_mmc_ram_2_mem_0
                0x00002580       0x24 src/ASF/common2/components/memory/sd_mmc/sd_mmc_mem.o
                0x00002580                sd_mmc_ram_2_mem_0
 .text.system_pinmux_get_group_from_gpio_pin
                0x000025a4       0x60 src/ASF/common2/components/memory/sd_mmc/sd_mmc_spi.o
 .text.port_get_group_from_gpio_pin
                0x00002604       0x24 src/ASF/common2/components/memory/sd_mmc/sd_mmc_spi.o
 .text.port_get_config_defaults
                0x00002628       0x22 src/ASF/common2/components/memory/sd_mmc/sd_mmc_spi.o
 *fill*         0x0000264a        0x2 
 .text.port_pin_set_output_level
                0x0000264c       0x54 src/ASF/common2/components/memory/sd_mmc/sd_mmc_spi.o
 .text.system_interrupt_enable
                0x000026a0       0x2c src/ASF/common2/components/memory/sd_mmc/sd_mmc_spi.o
 .text.spi_is_syncing
                0x000026cc       0x20 src/ASF/common2/components/memory/sd_mmc/sd_mmc_spi.o
 .text.spi_get_config_defaults
                0x000026ec       0x84 src/ASF/common2/components/memory/sd_mmc/sd_mmc_spi.o
 .text.spi_slave_inst_get_config_defaults
                0x00002770       0x22 src/ASF/common2/components/memory/sd_mmc/sd_mmc_spi.o
 *fill*         0x00002792        0x2 
 .text.spi_attach_slave
                0x00002794       0x64 src/ASF/common2/components/memory/sd_mmc/sd_mmc_spi.o
 .text.spi_enable
                0x000027f8       0x50 src/ASF/common2/components/memory/sd_mmc/sd_mmc_spi.o
 .text.sd_mmc_spi_crc7
                0x00002848       0xbc src/ASF/common2/components/memory/sd_mmc/sd_mmc_spi.o
 .text.sd_mmc_spi_wait_busy
                0x00002904       0x6c src/ASF/common2/components/memory/sd_mmc/sd_mmc_spi.o
 .text.sd_mmc_spi_start_read_block
                0x00002970       0x84 src/ASF/common2/components/memory/sd_mmc/sd_mmc_spi.o
 .text.sd_mmc_spi_stop_read_block
                0x000029f4       0x2c src/ASF/common2/components/memory/sd_mmc/sd_mmc_spi.o
 .text.sd_mmc_spi_start_write_block
                0x00002a20       0x50 src/ASF/common2/components/memory/sd_mmc/sd_mmc_spi.o
 .text.sd_mmc_spi_stop_write_block
                0x00002a70       0x94 src/ASF/common2/components/memory/sd_mmc/sd_mmc_spi.o
 .text.sd_mmc_spi_stop_multiwrite_block
                0x00002b04       0x9c src/ASF/common2/components/memory/sd_mmc/sd_mmc_spi.o
 .text.sd_mmc_deinit
                0x00002ba0       0x1c src/ASF/common2/components/memory/sd_mmc/sd_mmc_spi.o
                0x00002ba0                sd_mmc_deinit
 .text.sd_mmc_spi_init
                0x00002bbc       0xc8 src/ASF/common2/components/memory/sd_mmc/sd_mmc_spi.o
                0x00002bbc                sd_mmc_spi_init
 .text.sd_mmc_spi_select_device
                0x00002c84       0x88 src/ASF/common2/components/memory/sd_mmc/sd_mmc_spi.o
                0x00002c84                sd_mmc_spi_select_device
 .text.sd_mmc_spi_deselect_device
                0x00002d0c       0x44 src/ASF/common2/components/memory/sd_mmc/sd_mmc_spi.o
                0x00002d0c                sd_mmc_spi_deselect_device
 .text.sd_mmc_spi_send_clock
                0x00002d50       0x4c src/ASF/common2/components/memory/sd_mmc/sd_mmc_spi.o
                0x00002d50                sd_mmc_spi_send_clock
 .text.sd_mmc_spi_send_cmd
                0x00002d9c       0x28 src/ASF/common2/components/memory/sd_mmc/sd_mmc_spi.o
                0x00002d9c                sd_mmc_spi_send_cmd
 .text.sd_mmc_spi_adtc_start
                0x00002dc4      0x218 src/ASF/common2/components/memory/sd_mmc/sd_mmc_spi.o
                0x00002dc4                sd_mmc_spi_adtc_start
 .text.sd_mmc_spi_get_response
                0x00002fdc       0x14 src/ASF/common2/components/memory/sd_mmc/sd_mmc_spi.o
                0x00002fdc                sd_mmc_spi_get_response
 .text.sd_mmc_spi_read_word
                0x00002ff0       0xa4 src/ASF/common2/components/memory/sd_mmc/sd_mmc_spi.o
                0x00002ff0                sd_mmc_spi_read_word
 .text.sd_mmc_spi_start_read_blocks
                0x00003094       0xa4 src/ASF/common2/components/memory/sd_mmc/sd_mmc_spi.o
                0x00003094                sd_mmc_spi_start_read_blocks
 .text.sd_mmc_spi_wait_end_of_read_blocks
                0x00003138        0xc src/ASF/common2/components/memory/sd_mmc/sd_mmc_spi.o
                0x00003138                sd_mmc_spi_wait_end_of_read_blocks
 .text.sd_mmc_spi_start_write_blocks
                0x00003144       0xc0 src/ASF/common2/components/memory/sd_mmc/sd_mmc_spi.o
                0x00003144                sd_mmc_spi_start_write_blocks
 .text.sd_mmc_spi_wait_end_of_write_blocks
                0x00003204       0x38 src/ASF/common2/components/memory/sd_mmc/sd_mmc_spi.o
                0x00003204                sd_mmc_spi_wait_end_of_write_blocks
 .text.mem_test_unit_ready
                0x0000323c       0x40 src/ASF/common/services/storage/ctrl_access/ctrl_access.o
                0x0000323c                mem_test_unit_ready
 .text.mem_read_capacity
                0x0000327c       0x4c src/ASF/common/services/storage/ctrl_access/ctrl_access.o
                0x0000327c                mem_read_capacity
 .text.mem_sector_size
                0x000032c8       0x2a src/ASF/common/services/storage/ctrl_access/ctrl_access.o
                0x000032c8                mem_sector_size
 *fill*         0x000032f2        0x2 
 .text.mem_wr_protect
                0x000032f4       0x48 src/ASF/common/services/storage/ctrl_access/ctrl_access.o
                0x000032f4                mem_wr_protect
 .text.memory_2_ram
                0x0000333c       0x54 src/ASF/common/services/storage/ctrl_access/ctrl_access.o
                0x0000333c                memory_2_ram
 .text.ram_2_memory
                0x00003390       0x54 src/ASF/common/services/storage/ctrl_access/ctrl_access.o
                0x00003390                ram_2_memory
 .text.cpu_irq_enter_critical
                0x000033e4       0x54 src/ASF/common/utils/interrupt/interrupt_sam_nvic.o
                0x000033e4                cpu_irq_enter_critical
 .text.cpu_irq_leave_critical
                0x00003438       0x40 src/ASF/common/utils/interrupt/interrupt_sam_nvic.o
                0x00003438                cpu_irq_leave_critical
 .text.system_pinmux_get_config_defaults
                0x00003478       0x28 src/ASF/sam0/drivers/port/port.o
 .text.port_pin_set_config
                0x000034a0       0x60 src/ASF/sam0/drivers/port/port.o
                0x000034a0                port_pin_set_config
 .text.system_gclk_chan_get_config_defaults
                0x00003500       0x16 src/ASF/sam0/drivers/rtc/rtc_sam_d_r_h/rtc_calendar.o
 *fill*         0x00003516        0x2 
 .text.system_apb_clock_set_mask
                0x00003518       0x5c src/ASF/sam0/drivers/rtc/rtc_sam_d_r_h/rtc_calendar.o
 .text.rtc_calendar_is_syncing
                0x00003574       0x28 src/ASF/sam0/drivers/rtc/rtc_sam_d_r_h/rtc_calendar.o
 .text.rtc_calendar_enable
                0x0000359c       0x38 src/ASF/sam0/drivers/rtc/rtc_sam_d_r_h/rtc_calendar.o
                0x0000359c                rtc_calendar_enable
 .text.rtc_calendar_disable
                0x000035d4       0x44 src/ASF/sam0/drivers/rtc/rtc_sam_d_r_h/rtc_calendar.o
                0x000035d4                rtc_calendar_disable
 .text.rtc_calendar_reset
                0x00003618       0x44 src/ASF/sam0/drivers/rtc/rtc_sam_d_r_h/rtc_calendar.o
                0x00003618                rtc_calendar_reset
 .text.rtc_calendar_time_to_register_value
                0x0000365c       0x88 src/ASF/sam0/drivers/rtc/rtc_sam_d_r_h/rtc_calendar.o
                0x0000365c                rtc_calendar_time_to_register_value
 .text.rtc_calendar_register_value_to_time
                0x000036e4       0xa0 src/ASF/sam0/drivers/rtc/rtc_sam_d_r_h/rtc_calendar.o
                0x000036e4                rtc_calendar_register_value_to_time
 .text._rtc_calendar_set_config
                0x00003784       0xc8 src/ASF/sam0/drivers/rtc/rtc_sam_d_r_h/rtc_calendar.o
 .text.rtc_calendar_init
                0x0000384c       0x94 src/ASF/sam0/drivers/rtc/rtc_sam_d_r_h/rtc_calendar.o
                0x0000384c                rtc_calendar_init
 .text.rtc_calendar_get_time
                0x000038e0       0x8c src/ASF/sam0/drivers/rtc/rtc_sam_d_r_h/rtc_calendar.o
                0x000038e0                rtc_calendar_get_time
 .text.rtc_calendar_set_alarm
                0x0000396c       0x74 src/ASF/sam0/drivers/rtc/rtc_sam_d_r_h/rtc_calendar.o
                0x0000396c                rtc_calendar_set_alarm
 .text.system_gclk_chan_get_config_defaults
                0x000039e0       0x16 src/ASF/sam0/drivers/sercom/sercom.o
 .text.long_division
                0x000039f6       0xe0 src/ASF/sam0/drivers/sercom/sercom.o
 .text._sercom_get_sync_baud_val
                0x00003ad6       0x7c src/ASF/sam0/drivers/sercom/sercom.o
                0x00003ad6                _sercom_get_sync_baud_val
 *fill*         0x00003b52        0x2 
 .text._sercom_get_async_baud_val
                0x00003b54      0x1c0 src/ASF/sam0/drivers/sercom/sercom.o
                0x00003b54                _sercom_get_async_baud_val
 .text.sercom_set_gclk_generator
                0x00003d14       0x8c src/ASF/sam0/drivers/sercom/sercom.o
                0x00003d14                sercom_set_gclk_generator
 .text._sercom_get_default_pad
                0x00003da0      0x1bc src/ASF/sam0/drivers/sercom/sercom.o
                0x00003da0                _sercom_get_default_pad
 .text._sercom_get_sercom_inst_index
                0x00003f5c       0x50 src/ASF/sam0/drivers/sercom/sercom.o
                0x00003f5c                _sercom_get_sercom_inst_index
 .text._sercom_default_handler
                0x00003fac       0x14 src/ASF/sam0/drivers/sercom/sercom_interrupt.o
 .text._sercom_set_handler
                0x00003fc0       0x6c src/ASF/sam0/drivers/sercom/sercom_interrupt.o
                0x00003fc0                _sercom_set_handler
 .text._sercom_get_interrupt_vector
                0x0000402c       0x44 src/ASF/sam0/drivers/sercom/sercom_interrupt.o
                0x0000402c                _sercom_get_interrupt_vector
 .text.SERCOM0_Handler
                0x00004070       0x18 src/ASF/sam0/drivers/sercom/sercom_interrupt.o
                0x00004070                SERCOM0_Handler
 .text.SERCOM1_Handler
                0x00004088       0x18 src/ASF/sam0/drivers/sercom/sercom_interrupt.o
                0x00004088                SERCOM1_Handler
 .text.SERCOM2_Handler
                0x000040a0       0x18 src/ASF/sam0/drivers/sercom/sercom_interrupt.o
                0x000040a0                SERCOM2_Handler
 .text.SERCOM3_Handler
                0x000040b8       0x18 src/ASF/sam0/drivers/sercom/sercom_interrupt.o
                0x000040b8                SERCOM3_Handler
 .text.SERCOM4_Handler
                0x000040d0       0x18 src/ASF/sam0/drivers/sercom/sercom_interrupt.o
                0x000040d0                SERCOM4_Handler
 .text.SERCOM5_Handler
                0x000040e8       0x18 src/ASF/sam0/drivers/sercom/sercom_interrupt.o
                0x000040e8                SERCOM5_Handler
 .text.system_pinmux_get_config_defaults
                0x00004100       0x28 src/ASF/sam0/drivers/sercom/spi/spi.o
 .text.system_pinmux_get_group_from_gpio_pin
                0x00004128       0x60 src/ASF/sam0/drivers/sercom/spi/spi.o
 .text.port_get_group_from_gpio_pin
                0x00004188       0x24 src/ASF/sam0/drivers/sercom/spi/spi.o
 .text.port_pin_set_output_level
                0x000041ac       0x54 src/ASF/sam0/drivers/sercom/spi/spi.o
 .text.system_gclk_chan_get_config_defaults
                0x00004200       0x16 src/ASF/sam0/drivers/sercom/spi/spi.o
 *fill*         0x00004216        0x2 
 .text.system_apb_clock_set_mask
                0x00004218       0x5c src/ASF/sam0/drivers/sercom/spi/spi.o
 .text.system_is_debugger_present
                0x00004274       0x20 src/ASF/sam0/drivers/sercom/spi/spi.o
 .text.system_interrupt_enable
                0x00004294       0x2c src/ASF/sam0/drivers/sercom/spi/spi.o
 .text.system_interrupt_disable
                0x000042c0       0x30 src/ASF/sam0/drivers/sercom/spi/spi.o
 .text.spi_is_syncing
                0x000042f0       0x20 src/ASF/sam0/drivers/sercom/spi/spi.o
 .text.spi_enable
                0x00004310       0x50 src/ASF/sam0/drivers/sercom/spi/spi.o
 .text.spi_disable
                0x00004360       0x5c src/ASF/sam0/drivers/sercom/spi/spi.o
 .text.spi_is_write_complete
                0x000043bc       0x28 src/ASF/sam0/drivers/sercom/spi/spi.o
 .text.spi_is_ready_to_write
                0x000043e4       0x28 src/ASF/sam0/drivers/sercom/spi/spi.o
 .text.spi_is_ready_to_read
                0x0000440c       0x28 src/ASF/sam0/drivers/sercom/spi/spi.o
 .text.spi_write
                0x00004434       0x48 src/ASF/sam0/drivers/sercom/spi/spi.o
 .text.spi_read
                0x0000447c       0x88 src/ASF/sam0/drivers/sercom/spi/spi.o
 .text.spi_reset
                0x00004504       0x40 src/ASF/sam0/drivers/sercom/spi/spi.o
                0x00004504                spi_reset
 .text.spi_set_baudrate
                0x00004544       0xc8 src/ASF/sam0/drivers/sercom/spi/spi.o
                0x00004544                spi_set_baudrate
 .text._spi_set_config
                0x0000460c      0x210 src/ASF/sam0/drivers/sercom/spi/spi.o
 .text.spi_init
                0x0000481c      0x190 src/ASF/sam0/drivers/sercom/spi/spi.o
                0x0000481c                spi_init
 .text.spi_read_buffer_wait
                0x000049ac      0x134 src/ASF/sam0/drivers/sercom/spi/spi.o
                0x000049ac                spi_read_buffer_wait
 .text.spi_select_slave
                0x00004ae0       0xf0 src/ASF/sam0/drivers/sercom/spi/spi.o
                0x00004ae0                spi_select_slave
 .text.spi_write_buffer_wait
                0x00004bd0      0x14c src/ASF/sam0/drivers/sercom/spi/spi.o
                0x00004bd0                spi_write_buffer_wait
 .text._spi_write
                0x00004d1c       0x7a src/ASF/sam0/drivers/sercom/spi/spi_interrupt.o
 *fill*         0x00004d96        0x2 
 .text._spi_write_dummy
                0x00004d98       0x34 src/ASF/sam0/drivers/sercom/spi/spi_interrupt.o
 .text._spi_read_dummy
                0x00004dcc       0x36 src/ASF/sam0/drivers/sercom/spi/spi_interrupt.o
 .text._spi_read
                0x00004e02       0x70 src/ASF/sam0/drivers/sercom/spi/spi_interrupt.o
 *fill*         0x00004e72        0x2 
 .text._spi_interrupt_handler
                0x00004e74      0x280 src/ASF/sam0/drivers/sercom/spi/spi_interrupt.o
                0x00004e74                _spi_interrupt_handler
 .text.system_gclk_chan_get_config_defaults
                0x000050f4       0x16 src/ASF/sam0/drivers/sercom/usart/usart.o
 *fill*         0x0000510a        0x2 
 .text.system_apb_clock_set_mask
                0x0000510c       0x5c src/ASF/sam0/drivers/sercom/usart/usart.o
 .text.system_pinmux_get_config_defaults
                0x00005168       0x28 src/ASF/sam0/drivers/sercom/usart/usart.o
 .text.system_is_debugger_present
                0x00005190       0x20 src/ASF/sam0/drivers/sercom/usart/usart.o
 .text.usart_is_syncing
                0x000051b0       0x20 src/ASF/sam0/drivers/sercom/usart/usart.o
 .text._usart_wait_for_sync
                0x000051d0       0x24 src/ASF/sam0/drivers/sercom/usart/usart.o
 .text._usart_set_config
                0x000051f4      0x2dc src/ASF/sam0/drivers/sercom/usart/usart.o
 .text.usart_init
                0x000054d0      0x274 src/ASF/sam0/drivers/sercom/usart/usart.o
                0x000054d0                usart_init
 .text.usart_write_wait
                0x00005744       0x64 src/ASF/sam0/drivers/sercom/usart/usart.o
                0x00005744                usart_write_wait
 .text.usart_read_wait
                0x000057a8       0xec src/ASF/sam0/drivers/sercom/usart/usart.o
                0x000057a8                usart_read_wait
 .text.system_interrupt_enter_critical_section
                0x00005894       0x14 src/ASF/sam0/drivers/sercom/usart/usart_interrupt.o
 .text.system_interrupt_leave_critical_section
                0x000058a8       0x14 src/ASF/sam0/drivers/sercom/usart/usart_interrupt.o
 .text.usart_is_syncing
                0x000058bc       0x20 src/ASF/sam0/drivers/sercom/usart/usart_interrupt.o
 .text._usart_wait_for_sync
                0x000058dc       0x24 src/ASF/sam0/drivers/sercom/usart/usart_interrupt.o
 .text._usart_write_buffer
                0x00005900       0x5c src/ASF/sam0/drivers/sercom/usart/usart_interrupt.o
                0x00005900                _usart_write_buffer
 .text._usart_read_buffer
                0x0000595c       0x78 src/ASF/sam0/drivers/sercom/usart/usart_interrupt.o
                0x0000595c                _usart_read_buffer
 .text.usart_register_callback
                0x000059d4       0x48 src/ASF/sam0/drivers/sercom/usart/usart_interrupt.o
                0x000059d4                usart_register_callback
 .text.usart_write_buffer_job
                0x00005a1c       0x48 src/ASF/sam0/drivers/sercom/usart/usart_interrupt.o
                0x00005a1c                usart_write_buffer_job
 .text.usart_read_buffer_job
                0x00005a64       0x48 src/ASF/sam0/drivers/sercom/usart/usart_interrupt.o
                0x00005a64                usart_read_buffer_job
 .text.usart_get_job_status
                0x00005aac       0x50 src/ASF/sam0/drivers/sercom/usart/usart_interrupt.o
                0x00005aac                usart_get_job_status
 .text._usart_interrupt_handler
                0x00005afc      0x340 src/ASF/sam0/drivers/sercom/usart/usart_interrupt.o
                0x00005afc                _usart_interrupt_handler
 .text.system_gclk_gen_get_config_defaults
                0x00005e3c       0x2e src/ASF/sam0/drivers/system/clock/clock_samd21_r21_da_ha1/clock.o
 .text.system_gclk_chan_get_config_defaults
                0x00005e6a       0x16 src/ASF/sam0/drivers/system/clock/clock_samd21_r21_da_ha1/clock.o
 .text.system_clock_source_xosc32k_get_config_defaults
                0x00005e80       0x48 src/ASF/sam0/drivers/system/clock/clock_samd21_r21_da_ha1/clock.o
 .text.system_clock_source_osc8m_get_config_defaults
                0x00005ec8       0x22 src/ASF/sam0/drivers/system/clock/clock_samd21_r21_da_ha1/clock.o
 .text.system_clock_source_dfll_get_config_defaults
                0x00005eea       0x52 src/ASF/sam0/drivers/system/clock/clock_samd21_r21_da_ha1/clock.o
 .text.system_cpu_clock_set_divider
                0x00005f3c       0x20 src/ASF/sam0/drivers/system/clock/clock_samd21_r21_da_ha1/clock.o
 .text.system_apb_clock_set_divider
                0x00005f5c       0x54 src/ASF/sam0/drivers/system/clock/clock_samd21_r21_da_ha1/clock.o
 .text.system_flash_set_waitstates
                0x00005fb0       0x34 src/ASF/sam0/drivers/system/clock/clock_samd21_r21_da_ha1/clock.o
 .text._system_dfll_wait_for_sync
                0x00005fe4       0x1c src/ASF/sam0/drivers/system/clock/clock_samd21_r21_da_ha1/clock.o
 .text._system_clock_source_dfll_set_config_errata_9905
                0x00006000       0x44 src/ASF/sam0/drivers/system/clock/clock_samd21_r21_da_ha1/clock.o
 .text.system_clock_source_get_hz
                0x00006044       0xc0 src/ASF/sam0/drivers/system/clock/clock_samd21_r21_da_ha1/clock.o
                0x00006044                system_clock_source_get_hz
 .text.system_clock_source_osc8m_set_config
                0x00006104       0x78 src/ASF/sam0/drivers/system/clock/clock_samd21_r21_da_ha1/clock.o
                0x00006104                system_clock_source_osc8m_set_config
 .text.system_clock_source_xosc32k_set_config
                0x0000617c      0x120 src/ASF/sam0/drivers/system/clock/clock_samd21_r21_da_ha1/clock.o
                0x0000617c                system_clock_source_xosc32k_set_config
 .text.system_clock_source_dfll_set_config
                0x0000629c       0xd0 src/ASF/sam0/drivers/system/clock/clock_samd21_r21_da_ha1/clock.o
                0x0000629c                system_clock_source_dfll_set_config
 .text.system_clock_source_enable
                0x0000636c       0xac src/ASF/sam0/drivers/system/clock/clock_samd21_r21_da_ha1/clock.o
                0x0000636c                system_clock_source_enable
 .text.system_clock_source_is_ready
                0x00006418       0x84 src/ASF/sam0/drivers/system/clock/clock_samd21_r21_da_ha1/clock.o
                0x00006418                system_clock_source_is_ready
 .text._switch_peripheral_gclk
                0x0000649c       0x38 src/ASF/sam0/drivers/system/clock/clock_samd21_r21_da_ha1/clock.o
 .text.system_clock_init
                0x000064d4      0x270 src/ASF/sam0/drivers/system/clock/clock_samd21_r21_da_ha1/clock.o
                0x000064d4                system_clock_init
 .text.system_apb_clock_set_mask
                0x00006744       0x5c src/ASF/sam0/drivers/system/clock/clock_samd21_r21_da_ha1/gclk.o
 .text.system_interrupt_enter_critical_section
                0x000067a0       0x14 src/ASF/sam0/drivers/system/clock/clock_samd21_r21_da_ha1/gclk.o
 .text.system_interrupt_leave_critical_section
                0x000067b4       0x14 src/ASF/sam0/drivers/system/clock/clock_samd21_r21_da_ha1/gclk.o
 .text.system_gclk_is_syncing
                0x000067c8       0x20 src/ASF/sam0/drivers/system/clock/clock_samd21_r21_da_ha1/gclk.o
 .text.system_gclk_init
                0x000067e8       0x30 src/ASF/sam0/drivers/system/clock/clock_samd21_r21_da_ha1/gclk.o
                0x000067e8                system_gclk_init
 .text.system_gclk_gen_set_config
                0x00006818      0x124 src/ASF/sam0/drivers/system/clock/clock_samd21_r21_da_ha1/gclk.o
                0x00006818                system_gclk_gen_set_config
 .text.system_gclk_gen_enable
                0x0000693c       0x5c src/ASF/sam0/drivers/system/clock/clock_samd21_r21_da_ha1/gclk.o
                0x0000693c                system_gclk_gen_enable
 .text.system_gclk_gen_get_hz
                0x00006998       0xd8 src/ASF/sam0/drivers/system/clock/clock_samd21_r21_da_ha1/gclk.o
                0x00006998                system_gclk_gen_get_hz
 .text.system_gclk_chan_set_config
                0x00006a70       0x44 src/ASF/sam0/drivers/system/clock/clock_samd21_r21_da_ha1/gclk.o
                0x00006a70                system_gclk_chan_set_config
 .text.system_gclk_chan_enable
                0x00006ab4       0x48 src/ASF/sam0/drivers/system/clock/clock_samd21_r21_da_ha1/gclk.o
                0x00006ab4                system_gclk_chan_enable
 .text.system_gclk_chan_disable
                0x00006afc       0x98 src/ASF/sam0/drivers/system/clock/clock_samd21_r21_da_ha1/gclk.o
                0x00006afc                system_gclk_chan_disable
 .text.system_gclk_chan_get_hz
                0x00006b94       0x58 src/ASF/sam0/drivers/system/clock/clock_samd21_r21_da_ha1/gclk.o
                0x00006b94                system_gclk_chan_get_hz
 .text.system_pinmux_get_group_from_gpio_pin
                0x00006bec       0x60 src/ASF/sam0/drivers/system/pinmux/pinmux.o
 .text._system_pinmux_config
                0x00006c4c      0x110 src/ASF/sam0/drivers/system/pinmux/pinmux.o
 .text.system_pinmux_pin_set_config
                0x00006d5c       0x48 src/ASF/sam0/drivers/system/pinmux/pinmux.o
                0x00006d5c                system_pinmux_pin_set_config
 .text._system_dummy_init
                0x00006da4        0xa src/ASF/sam0/drivers/system/system.o
                0x00006da4                _system_extint_init
                0x00006da4                _system_events_init
                0x00006da4                _system_dummy_init
                0x00006da4                _system_divas_init
 *fill*         0x00006dae        0x2 
 .text.system_init
                0x00006db0       0x34 src/ASF/sam0/drivers/system/system.o
                0x00006db0                system_init
 .text.Reset_Handler
                0x00006de4       0xf8 src/ASF/sam0/utils/cmsis/samd21/source/gcc/startup_samd21.o
                0x00006de4                Reset_Handler
 .text.Dummy_Handler
                0x00006edc        0x6 src/ASF/sam0/utils/cmsis/samd21/source/gcc/startup_samd21.o
                0x00006edc                DMAC_Handler
                0x00006edc                HardFault_Handler
                0x00006edc                AC_Handler
                0x00006edc                PendSV_Handler
                0x00006edc                NMI_Handler
                0x00006edc                ADC_Handler
                0x00006edc                TCC1_Handler
                0x00006edc                TCC0_Handler
                0x00006edc                RTC_Handler
                0x00006edc                EIC_Handler
                0x00006edc                WDT_Handler
                0x00006edc                TC4_Handler
                0x00006edc                USB_Handler
                0x00006edc                TC3_Handler
                0x00006edc                Dummy_Handler
                0x00006edc                PM_Handler
                0x00006edc                SVC_Handler
                0x00006edc                TCC2_Handler
                0x00006edc                EVSYS_Handler
                0x00006edc                I2S_Handler
                0x00006edc                NVMCTRL_Handler
                0x00006edc                DAC_Handler
                0x00006edc                PTC_Handler
                0x00006edc                TC5_Handler
                0x00006edc                SYSCTRL_Handler
 *fill*         0x00006ee2        0x2 
 .text._read    0x00006ee4       0x54 src/ASF/sam0/utils/stdio/read.o
                0x00006ee4                _read
 .text._write   0x00006f38       0x6c src/ASF/sam0/utils/stdio/write.o
                0x00006f38                _write
 .text._sbrk    0x00006fa4       0x3c src/ASF/sam0/utils/syscalls/gcc/syscalls.o
                0x00006fa4                _sbrk
 .text._close   0x00006fe0       0x14 src/ASF/sam0/utils/syscalls/gcc/syscalls.o
                0x00006fe0                _close
 .text._fstat   0x00006ff4       0x1c src/ASF/sam0/utils/syscalls/gcc/syscalls.o
                0x00006ff4                _fstat
 .text._lseek   0x00007010       0x16 src/ASF/sam0/utils/syscalls/gcc/syscalls.o
                0x00007010                _lseek
 .text.rtc_calendar_get_time_defaults
                0x00007026       0x3c src/ASF/thirdparty/fatfs/fatfs-port-r0.09/diskio.o
 *fill*         0x00007062        0x2 
 .text.rtc_calendar_get_config_defaults
                0x00007064       0xa4 src/ASF/thirdparty/fatfs/fatfs-port-r0.09/diskio.o
 .text.configure_rtc_calendar
                0x00007108       0x94 src/ASF/thirdparty/fatfs/fatfs-port-r0.09/diskio.o
 .text.disk_initialize
                0x0000719c       0x84 src/ASF/thirdparty/fatfs/fatfs-port-r0.09/diskio.o
                0x0000719c                disk_initialize
 .text.disk_status
                0x00007220       0x38 src/ASF/thirdparty/fatfs/fatfs-port-r0.09/diskio.o
                0x00007220                disk_status
 .text.disk_read
                0x00007258       0xd8 src/ASF/thirdparty/fatfs/fatfs-port-r0.09/diskio.o
                0x00007258                disk_read
 .text.disk_write
                0x00007330       0xd8 src/ASF/thirdparty/fatfs/fatfs-port-r0.09/diskio.o
                0x00007330                disk_write
 .text.disk_ioctl
                0x00007408       0xf8 src/ASF/thirdparty/fatfs/fatfs-port-r0.09/diskio.o
                0x00007408                disk_ioctl
 .text.get_fattime
                0x00007500       0x60 src/ASF/thirdparty/fatfs/fatfs-port-r0.09/sam0/fattime_rtc.o
                0x00007500                get_fattime
 .text.mem_cpy  0x00007560       0x38 src/ASF/thirdparty/fatfs/fatfs-r0.09/src/ff.o
 .text.mem_set  0x00007598       0x30 src/ASF/thirdparty/fatfs/fatfs-r0.09/src/ff.o
 .text.mem_cmp  0x000075c8       0x4a src/ASF/thirdparty/fatfs/fatfs-r0.09/src/ff.o
 .text.chk_chr  0x00007612       0x32 src/ASF/thirdparty/fatfs/fatfs-r0.09/src/ff.o
 .text.move_window
                0x00007644       0xc8 src/ASF/thirdparty/fatfs/fatfs-r0.09/src/ff.o
 .text.sync     0x0000770c      0x198 src/ASF/thirdparty/fatfs/fatfs-r0.09/src/ff.o
 .text.clust2sect
                0x000078a4       0x38 src/ASF/thirdparty/fatfs/fatfs-r0.09/src/ff.o
 .text.get_fat  0x000078dc      0x16c src/ASF/thirdparty/fatfs/fatfs-r0.09/src/ff.o
 .text.put_fat  0x00007a48      0x23c src/ASF/thirdparty/fatfs/fatfs-r0.09/src/ff.o
 .text.remove_chain
                0x00007c84       0xc8 src/ASF/thirdparty/fatfs/fatfs-r0.09/src/ff.o
 .text.create_chain
                0x00007d4c      0x13c src/ASF/thirdparty/fatfs/fatfs-r0.09/src/ff.o
 .text.dir_sdi  0x00007e88      0x130 src/ASF/thirdparty/fatfs/fatfs-r0.09/src/ff.o
 .text.dir_next
                0x00007fb8      0x1f0 src/ASF/thirdparty/fatfs/fatfs-r0.09/src/ff.o
 .text.cmp_lfn  0x000081a8      0x104 src/ASF/thirdparty/fatfs/fatfs-r0.09/src/ff.o
 .text.pick_lfn
                0x000082ac       0xe4 src/ASF/thirdparty/fatfs/fatfs-r0.09/src/ff.o
 .text.fit_lfn  0x00008390      0x110 src/ASF/thirdparty/fatfs/fatfs-r0.09/src/ff.o
 .text.gen_numname
                0x000084a0      0x100 src/ASF/thirdparty/fatfs/fatfs-r0.09/src/ff.o
 .text.sum_sfn  0x000085a0       0x4e src/ASF/thirdparty/fatfs/fatfs-r0.09/src/ff.o
 *fill*         0x000085ee        0x2 
 .text.dir_find
                0x000085f0      0x1fc src/ASF/thirdparty/fatfs/fatfs-r0.09/src/ff.o
 .text.dir_read
                0x000087ec      0x1c4 src/ASF/thirdparty/fatfs/fatfs-r0.09/src/ff.o
 .text.dir_register
                0x000089b0      0x368 src/ASF/thirdparty/fatfs/fatfs-r0.09/src/ff.o
 .text.dir_remove
                0x00008d18       0xd8 src/ASF/thirdparty/fatfs/fatfs-r0.09/src/ff.o
 .text.create_name
                0x00008df0      0x448 src/ASF/thirdparty/fatfs/fatfs-r0.09/src/ff.o
 .text.follow_path
                0x00009238      0x138 src/ASF/thirdparty/fatfs/fatfs-r0.09/src/ff.o
 .text.check_fs
                0x00009370       0xd4 src/ASF/thirdparty/fatfs/fatfs-r0.09/src/ff.o
 .text.chk_mounted
                0x00009444      0x5fc src/ASF/thirdparty/fatfs/fatfs-r0.09/src/ff.o
 .text.validate
                0x00009a40       0x54 src/ASF/thirdparty/fatfs/fatfs-r0.09/src/ff.o
 .text.f_mount  0x00009a94       0x58 src/ASF/thirdparty/fatfs/fatfs-r0.09/src/ff.o
                0x00009a94                f_mount
 .text.f_open   0x00009aec      0x530 src/ASF/thirdparty/fatfs/fatfs-r0.09/src/ff.o
                0x00009aec                f_open
 .text.f_read   0x0000a01c      0x29c src/ASF/thirdparty/fatfs/fatfs-r0.09/src/ff.o
                0x0000a01c                f_read
 .text.f_write  0x0000a2b8      0x350 src/ASF/thirdparty/fatfs/fatfs-r0.09/src/ff.o
                0x0000a2b8                f_write
 .text.f_sync   0x0000a608      0x180 src/ASF/thirdparty/fatfs/fatfs-r0.09/src/ff.o
                0x0000a608                f_sync
 .text.f_close  0x0000a788       0x3c src/ASF/thirdparty/fatfs/fatfs-r0.09/src/ff.o
                0x0000a788                f_close
 .text.f_unlink
                0x0000a7c4      0x260 src/ASF/thirdparty/fatfs/fatfs-r0.09/src/ff.o
                0x0000a7c4                f_unlink
 .text.f_putc   0x0000aa24       0x48 src/ASF/thirdparty/fatfs/fatfs-r0.09/src/ff.o
                0x0000aa24                f_putc
 .text.f_puts   0x0000aa6c       0x4c src/ASF/thirdparty/fatfs/fatfs-r0.09/src/ff.o
                0x0000aa6c                f_puts
 .text.ff_convert
                0x0000aab8       0xac src/ASF/thirdparty/fatfs/fatfs-r0.09/src/option/ccsbcs.o
                0x0000aab8                ff_convert
 .text.ff_wtoupper
                0x0000ab64       0x60 src/ASF/thirdparty/fatfs/fatfs-r0.09/src/option/ccsbcs.o
                0x0000ab64                ff_wtoupper
 .text.NVIC_SystemReset
                0x0000abc4       0x1c src/BootMain.o
 .text.system_apb_clock_set_mask
                0x0000abe0       0x5c src/BootMain.o
 .text.nvm_get_config_defaults
                0x0000ac3c       0x3c src/BootMain.o
 .text.system_reset
                0x0000ac78       0x14 src/BootMain.o
 .text.system_interrupt_enable_global
                0x0000ac8c       0x1c src/BootMain.o
 .text.dsu_crc32_init
                0x0000aca8       0x18 src/BootMain.o
 .text.main     0x0000acc0      0x1cc src/BootMain.o
                0x0000acc0                main
 .text.StartFilesystemAndTest
                0x0000ae8c      0x2a8 src/BootMain.o
 .text.jumpToApplication
                0x0000b134       0x38 src/BootMain.o
 .text.configure_nvm
                0x0000b16c       0x2c src/BootMain.o
 .text.perform_nvm_crc
                0x0000b198       0xfc src/BootMain.o
 .text.write_nvm
                0x0000b294       0x80 src/BootMain.o
 .text.erase_nvm
                0x0000b314       0xac src/BootMain.o
 .text.flash_bin
                0x0000b3c0      0x104 src/BootMain.o
 .text          0x0000b4c4      0x114 c:/program files (x86)/atmel/studio/7.0/toolchain/arm/arm-gnu-toolchain/bin/../lib/gcc/arm-none-eabi/6.3.1/thumb/v6-m\libgcc.a(_udivsi3.o)
                0x0000b4c4                __aeabi_uidiv
                0x0000b4c4                __udivsi3
                0x0000b5d0                __aeabi_uidivmod
 .text          0x0000b5d8      0x1d4 c:/program files (x86)/atmel/studio/7.0/toolchain/arm/arm-gnu-toolchain/bin/../lib/gcc/arm-none-eabi/6.3.1/thumb/v6-m\libgcc.a(_divsi3.o)
                0x0000b5d8                __divsi3
                0x0000b5d8                __aeabi_idiv
                0x0000b7a4                __aeabi_idivmod
 .text          0x0000b7ac        0x4 c:/program files (x86)/atmel/studio/7.0/toolchain/arm/arm-gnu-toolchain/bin/../lib/gcc/arm-none-eabi/6.3.1/thumb/v6-m\libgcc.a(_dvmd_tls.o)
                0x0000b7ac                __aeabi_idiv0
                0x0000b7ac                __aeabi_ldiv0
 .text          0x0000b7b0       0x54 c:/program files (x86)/atmel/studio/7.0/toolchain/arm/arm-gnu-toolchain/bin/../lib/gcc/arm-none-eabi/6.3.1/thumb/v6-m\libgcc.a(_muldi3.o)
                0x0000b7b0                __muldi3
                0x0000b7b0                __aeabi_lmul
 .text.__libc_init_array
                0x0000b804       0x48 c:/program files (x86)/atmel/studio/7.0/toolchain/arm/arm-gnu-toolchain/bin/../lib/gcc/arm-none-eabi/6.3.1/../../../../arm-none-eabi/lib/thumb/v6-m\libc_nano.a(lib_a-init.o)
                0x0000b804                __libc_init_array
 .text.malloc   0x0000b84c       0x14 c:/program files (x86)/atmel/studio/7.0/toolchain/arm/arm-gnu-toolchain/bin/../lib/gcc/arm-none-eabi/6.3.1/../../../../arm-none-eabi/lib/thumb/v6-m\libc_nano.a(lib_a-malloc.o)
                0x0000b84c                malloc
 .text.memcpy   0x0000b860       0x12 c:/program files (x86)/atmel/studio/7.0/toolchain/arm/arm-gnu-toolchain/bin/../lib/gcc/arm-none-eabi/6.3.1/../../../../arm-none-eabi/lib/thumb/v6-m\libc_nano.a(lib_a-memcpy-stub.o)
                0x0000b860                memcpy
 .text.memset   0x0000b872       0x10 c:/program files (x86)/atmel/studio/7.0/toolchain/arm/arm-gnu-toolchain/bin/../lib/gcc/arm-none-eabi/6.3.1/../../../../arm-none-eabi/lib/thumb/v6-m\libc_nano.a(lib_a-memset.o)
                0x0000b872                memset
 *fill*         0x0000b882        0x2 
 .text._free_r  0x0000b884       0x94 c:/program files (x86)/atmel/studio/7.0/toolchain/arm/arm-gnu-toolchain/bin/../lib/gcc/arm-none-eabi/6.3.1/../../../../arm-none-eabi/lib/thumb/v6-m\libc_nano.a(lib_a-nano-freer.o)
                0x0000b884                _free_r
 .text._malloc_r
                0x0000b918       0xbc c:/program files (x86)/atmel/studio/7.0/toolchain/arm/arm-gnu-toolchain/bin/../lib/gcc/arm-none-eabi/6.3.1/../../../../arm-none-eabi/lib/thumb/v6-m\libc_nano.a(lib_a-nano-mallocr.o)
                0x0000b918                _malloc_r
 .text._sbrk_r  0x0000b9d4       0x24 c:/program files (x86)/atmel/studio/7.0/toolchain/arm/arm-gnu-toolchain/bin/../lib/gcc/arm-none-eabi/6.3.1/../../../../arm-none-eabi/lib/thumb/v6-m\libc_nano.a(lib_a-sbrkr.o)
                0x0000b9d4                _sbrk_r
 .text.setbuf   0x0000b9f8       0x12 c:/program files (x86)/atmel/studio/7.0/toolchain/arm/arm-gnu-toolchain/bin/../lib/gcc/arm-none-eabi/6.3.1/../../../../arm-none-eabi/lib/thumb/v6-m\libc_nano.a(lib_a-setbuf.o)
                0x0000b9f8                setbuf
 *fill*         0x0000ba0a        0x2 
 .text.setvbuf  0x0000ba0c      0x158 c:/program files (x86)/atmel/studio/7.0/toolchain/arm/arm-gnu-toolchain/bin/../lib/gcc/arm-none-eabi/6.3.1/../../../../arm-none-eabi/lib/thumb/v6-m\libc_nano.a(lib_a-setvbuf.o)
                0x0000ba0c                setvbuf
 .text          0x0000bb64        0xe c:/program files (x86)/atmel/studio/7.0/toolchain/arm/arm-gnu-toolchain/bin/../lib/gcc/arm-none-eabi/6.3.1/../../../../arm-none-eabi/lib/thumb/v6-m\libc_nano.a(lib_a-strlen.o)
                0x0000bb64                strlen
 *fill*         0x0000bb72        0x2 
 .text.__sflush_r
                0x0000bb74      0x114 c:/program files (x86)/atmel/studio/7.0/toolchain/arm/arm-gnu-toolchain/bin/../lib/gcc/arm-none-eabi/6.3.1/../../../../arm-none-eabi/lib/thumb/v6-m\libc_nano.a(lib_a-fflush.o)
                0x0000bb74                __sflush_r
 .text._fflush_r
                0x0000bc88       0x58 c:/program files (x86)/atmel/studio/7.0/toolchain/arm/arm-gnu-toolchain/bin/../lib/gcc/arm-none-eabi/6.3.1/../../../../arm-none-eabi/lib/thumb/v6-m\libc_nano.a(lib_a-fflush.o)
                0x0000bc88                _fflush_r
 .text._cleanup_r
                0x0000bce0       0x10 c:/program files (x86)/atmel/studio/7.0/toolchain/arm/arm-gnu-toolchain/bin/../lib/gcc/arm-none-eabi/6.3.1/../../../../arm-none-eabi/lib/thumb/v6-m\libc_nano.a(lib_a-findfp.o)
                0x0000bce0                _cleanup_r
 .text.std.isra.0
                0x0000bcf0       0x48 c:/program files (x86)/atmel/studio/7.0/toolchain/arm/arm-gnu-toolchain/bin/../lib/gcc/arm-none-eabi/6.3.1/../../../../arm-none-eabi/lib/thumb/v6-m\libc_nano.a(lib_a-findfp.o)
 .text.__sfmoreglue
                0x0000bd38       0x2c c:/program files (x86)/atmel/studio/7.0/toolchain/arm/arm-gnu-toolchain/bin/../lib/gcc/arm-none-eabi/6.3.1/../../../../arm-none-eabi/lib/thumb/v6-m\libc_nano.a(lib_a-findfp.o)
                0x0000bd38                __sfmoreglue
 .text.__sinit  0x0000bd64       0x68 c:/program files (x86)/atmel/studio/7.0/toolchain/arm/arm-gnu-toolchain/bin/../lib/gcc/arm-none-eabi/6.3.1/../../../../arm-none-eabi/lib/thumb/v6-m\libc_nano.a(lib_a-findfp.o)
                0x0000bd64                __sinit
 .text.__sfp    0x0000bdcc       0x80 c:/program files (x86)/atmel/studio/7.0/toolchain/arm/arm-gnu-toolchain/bin/../lib/gcc/arm-none-eabi/6.3.1/../../../../arm-none-eabi/lib/thumb/v6-m\libc_nano.a(lib_a-findfp.o)
                0x0000bdcc                __sfp
 .text._fwalk_reent
                0x0000be4c       0x42 c:/program files (x86)/atmel/studio/7.0/toolchain/arm/arm-gnu-toolchain/bin/../lib/gcc/arm-none-eabi/6.3.1/../../../../arm-none-eabi/lib/thumb/v6-m\libc_nano.a(lib_a-fwalk.o)
                0x0000be4c                _fwalk_reent
 *fill*         0x0000be8e        0x2 
 .text.__swhatbuf_r
                0x0000be90       0x50 c:/program files (x86)/atmel/studio/7.0/toolchain/arm/arm-gnu-toolchain/bin/../lib/gcc/arm-none-eabi/6.3.1/../../../../arm-none-eabi/lib/thumb/v6-m\libc_nano.a(lib_a-makebuf.o)
                0x0000be90                __swhatbuf_r
 .text.__malloc_lock
                0x0000bee0        0x2 c:/program files (x86)/atmel/studio/7.0/toolchain/arm/arm-gnu-toolchain/bin/../lib/gcc/arm-none-eabi/6.3.1/../../../../arm-none-eabi/lib/thumb/v6-m\libc_nano.a(lib_a-mlock.o)
                0x0000bee0                __malloc_lock
 .text.__malloc_unlock
                0x0000bee2        0x2 c:/program files (x86)/atmel/studio/7.0/toolchain/arm/arm-gnu-toolchain/bin/../lib/gcc/arm-none-eabi/6.3.1/../../../../arm-none-eabi/lib/thumb/v6-m\libc_nano.a(lib_a-mlock.o)
                0x0000bee2                __malloc_unlock
 .text.__sread  0x0000bee4       0x28 c:/program files (x86)/atmel/studio/7.0/toolchain/arm/arm-gnu-toolchain/bin/../lib/gcc/arm-none-eabi/6.3.1/../../../../arm-none-eabi/lib/thumb/v6-m\libc_nano.a(lib_a-stdio.o)
                0x0000bee4                __sread
 .text.__swrite
                0x0000bf0c       0x38 c:/program files (x86)/atmel/studio/7.0/toolchain/arm/arm-gnu-toolchain/bin/../lib/gcc/arm-none-eabi/6.3.1/../../../../arm-none-eabi/lib/thumb/v6-m\libc_nano.a(lib_a-stdio.o)
                0x0000bf0c                __swrite
 .text.__sseek  0x0000bf44       0x2c c:/program files (x86)/atmel/studio/7.0/toolchain/arm/arm-gnu-toolchain/bin/../lib/gcc/arm-none-eabi/6.3.1/../../../../arm-none-eabi/lib/thumb/v6-m\libc_nano.a(lib_a-stdio.o)
                0x0000bf44                __sseek
 .text.__sclose
                0x0000bf70        0xc c:/program files (x86)/atmel/studio/7.0/toolchain/arm/arm-gnu-toolchain/bin/../lib/gcc/arm-none-eabi/6.3.1/../../../../arm-none-eabi/lib/thumb/v6-m\libc_nano.a(lib_a-stdio.o)
                0x0000bf70                __sclose
 .text._write_r
                0x0000bf7c       0x28 c:/program files (x86)/atmel/studio/7.0/toolchain/arm/arm-gnu-toolchain/bin/../lib/gcc/arm-none-eabi/6.3.1/../../../../arm-none-eabi/lib/thumb/v6-m\libc_nano.a(lib_a-writer.o)
                0x0000bf7c                _write_r
 .text._close_r
                0x0000bfa4       0x24 c:/program files (x86)/atmel/studio/7.0/toolchain/arm/arm-gnu-toolchain/bin/../lib/gcc/arm-none-eabi/6.3.1/../../../../arm-none-eabi/lib/thumb/v6-m\libc_nano.a(lib_a-closer.o)
                0x0000bfa4                _close_r
 .text._fstat_r
                0x0000bfc8       0x24 c:/program files (x86)/atmel/studio/7.0/toolchain/arm/arm-gnu-toolchain/bin/../lib/gcc/arm-none-eabi/6.3.1/../../../../arm-none-eabi/lib/thumb/v6-m\libc_nano.a(lib_a-fstatr.o)
                0x0000bfc8                _fstat_r
 .text._lseek_r
                0x0000bfec       0x28 c:/program files (x86)/atmel/studio/7.0/toolchain/arm/arm-gnu-toolchain/bin/../lib/gcc/arm-none-eabi/6.3.1/../../../../arm-none-eabi/lib/thumb/v6-m\libc_nano.a(lib_a-lseekr.o)
                0x0000bfec                _lseek_r
 .text._read_r  0x0000c014       0x28 c:/program files (x86)/atmel/studio/7.0/toolchain/arm/arm-gnu-toolchain/bin/../lib/gcc/arm-none-eabi/6.3.1/../../../../arm-none-eabi/lib/thumb/v6-m\libc_nano.a(lib_a-readr.o)
                0x0000c014                _read_r
 *(.glue_7t)
 .glue_7t       0x0000c03c        0x0 linker stubs
 *(.glue_7)
 .glue_7        0x0000c03c        0x0 linker stubs
 *(.rodata .rodata* .gnu.linkonce.r.*)
 .rodata.nvm_execute_command
                0x0000c03c      0x118 src/ASF/sam0/drivers/nvm/nvm.o
 .rodata.sd_mmc_trans_units
                0x0000c154       0x1c src/ASF/common2/components/memory/sd_mmc/sd_mmc.o
                0x0000c154                sd_mmc_trans_units
 .rodata.sd_trans_multipliers
                0x0000c170       0x40 src/ASF/common2/components/memory/sd_mmc/sd_mmc.o
                0x0000c170                sd_trans_multipliers
 .rodata.mmc_trans_multipliers
                0x0000c1b0       0x40 src/ASF/common2/components/memory/sd_mmc/sd_mmc.o
                0x0000c1b0                mmc_trans_multipliers
 .rodata        0x0000c1f0       0x15 src/ASF/common/services/storage/ctrl_access/ctrl_access.o
 *fill*         0x0000c205        0x3 
 .rodata.lun_desc
                0x0000c208       0x20 src/ASF/common/services/storage/ctrl_access/ctrl_access.o
 .rodata        0x0000c228       0x18 src/ASF/sam0/drivers/sercom/sercom.o
 .rodata        0x0000c240        0x6 src/ASF/sam0/drivers/sercom/sercom_interrupt.o
 *fill*         0x0000c246        0x2 
 .rodata.system_clock_source_get_hz
                0x0000c248       0x24 src/ASF/sam0/drivers/system/clock/clock_samd21_r21_da_ha1/clock.o
 .rodata.system_clock_source_enable
                0x0000c26c       0x24 src/ASF/sam0/drivers/system/clock/clock_samd21_r21_da_ha1/clock.o
 .rodata.system_clock_source_is_ready
                0x0000c290       0x24 src/ASF/sam0/drivers/system/clock/clock_samd21_r21_da_ha1/clock.o
 .rodata.LfnOfs
                0x0000c2b4        0xd src/ASF/thirdparty/fatfs/fatfs-r0.09/src/ff.o
 *fill*         0x0000c2c1        0x3 
 .rodata        0x0000c2c4       0x48 src/ASF/thirdparty/fatfs/fatfs-r0.09/src/ff.o
 .rodata.excvt.4558
                0x0000c30c       0x80 src/ASF/thirdparty/fatfs/fatfs-r0.09/src/ff.o
 .rodata.Tbl    0x0000c38c      0x100 src/ASF/thirdparty/fatfs/fatfs-r0.09/src/option/ccsbcs.o
 .rodata.tbl_lower.4308
                0x0000c48c      0x1e0 src/ASF/thirdparty/fatfs/fatfs-r0.09/src/option/ccsbcs.o
 .rodata.tbl_upper.4309
                0x0000c66c      0x1e0 src/ASF/thirdparty/fatfs/fatfs-r0.09/src/option/ccsbcs.o
 .rodata        0x0000c84c      0x353 src/BootMain.o
 *fill*         0x0000cb9f        0x1 
 .rodata._global_impure_ptr
                0x0000cba0        0x4 c:/program files (x86)/atmel/studio/7.0/toolchain/arm/arm-gnu-toolchain/bin/../lib/gcc/arm-none-eabi/6.3.1/../../../../arm-none-eabi/lib/thumb/v6-m\libc_nano.a(lib_a-impure.o)
                0x0000cba0                _global_impure_ptr
 .rodata.__sf_fake_stderr
                0x0000cba4       0x20 c:/program files (x86)/atmel/studio/7.0/toolchain/arm/arm-gnu-toolchain/bin/../lib/gcc/arm-none-eabi/6.3.1/../../../../arm-none-eabi/lib/thumb/v6-m\libc_nano.a(lib_a-findfp.o)
                0x0000cba4                __sf_fake_stderr
 .rodata.__sf_fake_stdin
                0x0000cbc4       0x20 c:/program files (x86)/atmel/studio/7.0/toolchain/arm/arm-gnu-toolchain/bin/../lib/gcc/arm-none-eabi/6.3.1/../../../../arm-none-eabi/lib/thumb/v6-m\libc_nano.a(lib_a-findfp.o)
                0x0000cbc4                __sf_fake_stdin
 .rodata.__sf_fake_stdout
                0x0000cbe4       0x20 c:/program files (x86)/atmel/studio/7.0/toolchain/arm/arm-gnu-toolchain/bin/../lib/gcc/arm-none-eabi/6.3.1/../../../../arm-none-eabi/lib/thumb/v6-m\libc_nano.a(lib_a-findfp.o)
                0x0000cbe4                __sf_fake_stdout
 *(.ARM.extab* .gnu.linkonce.armextab.*)
                0x0000cc04                . = ALIGN (0x4)
 *(.init)
 .init          0x0000cc04        0x4 c:/program files (x86)/atmel/studio/7.0/toolchain/arm/arm-gnu-toolchain/bin/../lib/gcc/arm-none-eabi/6.3.1/thumb/v6-m/crti.o
                0x0000cc04                _init
 .init          0x0000cc08        0x8 c:/program files (x86)/atmel/studio/7.0/toolchain/arm/arm-gnu-toolchain/bin/../lib/gcc/arm-none-eabi/6.3.1/thumb/v6-m/crtn.o
                0x0000cc10                . = ALIGN (0x4)
                0x0000cc10                __preinit_array_start = .
 *(.preinit_array)
                0x0000cc10                __preinit_array_end = .
                0x0000cc10                . = ALIGN (0x4)
                0x0000cc10                __init_array_start = .
 *(SORT(.init_array.*))
 *(.init_array)
 .init_array    0x0000cc10        0x4 c:/program files (x86)/atmel/studio/7.0/toolchain/arm/arm-gnu-toolchain/bin/../lib/gcc/arm-none-eabi/6.3.1/thumb/v6-m/crtbegin.o
                0x0000cc14                __init_array_end = .
                0x0000cc14                . = ALIGN (0x4)
 *crtbegin.o(.ctors)
 *(EXCLUDE_FILE(*crtend.o) .ctors)
 *(SORT(.ctors.*))
 *crtend.o(.ctors)
                0x0000cc14                . = ALIGN (0x4)
 *(.fini)
 .fini          0x0000cc14        0x4 c:/program files (x86)/atmel/studio/7.0/toolchain/arm/arm-gnu-toolchain/bin/../lib/gcc/arm-none-eabi/6.3.1/thumb/v6-m/crti.o
                0x0000cc14                _fini
 .fini          0x0000cc18        0x8 c:/program files (x86)/atmel/studio/7.0/toolchain/arm/arm-gnu-toolchain/bin/../lib/gcc/arm-none-eabi/6.3.1/thumb/v6-m/crtn.o
                0x0000cc20                . = ALIGN (0x4)
                0x0000cc20                __fini_array_start = .
 *(.fini_array)
 .fini_array    0x0000cc20        0x4 c:/program files (x86)/atmel/studio/7.0/toolchain/arm/arm-gnu-toolchain/bin/../lib/gcc/arm-none-eabi/6.3.1/thumb/v6-m/crtbegin.o
 *(SORT(.fini_array.*))
                0x0000cc24                __fini_array_end = .
 *crtbegin.o(.dtors)
 *(EXCLUDE_FILE(*crtend.o) .dtors)
 *(SORT(.dtors.*))
 *crtend.o(.dtors)
                0x0000cc24                . = ALIGN (0x4)
                0x0000cc24                _efixed = .
                [!provide]                PROVIDE (__exidx_start, .)

.vfp11_veneer   0x0000cc24        0x0
 .vfp11_veneer  0x0000cc24        0x0 linker stubs

.v4_bx          0x0000cc24        0x0
 .v4_bx         0x0000cc24        0x0 linker stubs

.iplt           0x0000cc24        0x0
 .iplt          0x0000cc24        0x0 c:/program files (x86)/atmel/studio/7.0/toolchain/arm/arm-gnu-toolchain/bin/../lib/gcc/arm-none-eabi/6.3.1/thumb/v6-m/crtbegin.o

.eh_frame       0x0000cc24        0x0
 .eh_frame      0x0000cc24        0x0 c:/program files (x86)/atmel/studio/7.0/toolchain/arm/arm-gnu-toolchain/bin/../lib/gcc/arm-none-eabi/6.3.1/thumb/v6-m/crtbegin.o

.rel.dyn        0x0000cc24        0x0
 .rel.iplt      0x0000cc24        0x0 c:/program files (x86)/atmel/studio/7.0/toolchain/arm/arm-gnu-toolchain/bin/../lib/gcc/arm-none-eabi/6.3.1/thumb/v6-m/crtbegin.o

.jcr            0x0000cc24        0x0
 .jcr           0x0000cc24        0x0 c:/program files (x86)/atmel/studio/7.0/toolchain/arm/arm-gnu-toolchain/bin/../lib/gcc/arm-none-eabi/6.3.1/thumb/v6-m/crtbegin.o

.igot.plt       0x0000cc24        0x0
 .igot.plt      0x0000cc24        0x0 c:/program files (x86)/atmel/studio/7.0/toolchain/arm/arm-gnu-toolchain/bin/../lib/gcc/arm-none-eabi/6.3.1/thumb/v6-m/crtbegin.o

.ARM.exidx
 *(.ARM.exidx* .gnu.linkonce.armexidx.*)
                [!provide]                PROVIDE (__exidx_end, .)
                0x0000cc24                . = ALIGN (0x4)
                0x0000cc24                _etext = .

.relocate       0x20000000       0xc4 load address 0x0000cc24
                0x20000000                . = ALIGN (0x4)
                0x20000000                _srelocate = .
 *(.ramfunc .ramfunc.*)
 *(.data .data.*)
 .data.cycles_per_ms
                0x20000000        0x4 src/ASF/common2/services/delay/sam0/systick_counter.o
 .data.cycles_per_us
                0x20000004        0x4 src/ASF/common2/services/delay/sam0/systick_counter.o
 .data.ss_pins  0x20000008        0x1 src/ASF/common2/components/memory/sd_mmc/sd_mmc_spi.o
                0x20000008                ss_pins
 .data.g_interrupt_enabled
                0x20000009        0x1 src/ASF/common/utils/interrupt/interrupt_sam_nvic.o
                0x20000009                g_interrupt_enabled
 *fill*         0x2000000a        0x2 
 .data.test_file_name
                0x2000000c       0x12 src/BootMain.o
                0x2000000c                test_file_name
 *fill*         0x2000001e        0x2 
 .data.test_bin_file
                0x20000020       0x10 src/BootMain.o
                0x20000020                test_bin_file
 .data.test_bin_TestA
                0x20000030        0xc src/BootMain.o
                0x20000030                test_bin_TestA
 .data.test_bin_TestB
                0x2000003c        0xc src/BootMain.o
                0x2000003c                test_bin_TestB
 .data.test_txt_flagA
                0x20000048        0xc src/BootMain.o
                0x20000048                test_txt_flagA
 .data.test_txt_flagB
                0x20000054        0xc src/BootMain.o
                0x20000054                test_txt_flagB
 .data._impure_ptr
                0x20000060        0x4 c:/program files (x86)/atmel/studio/7.0/toolchain/arm/arm-gnu-toolchain/bin/../lib/gcc/arm-none-eabi/6.3.1/../../../../arm-none-eabi/lib/thumb/v6-m\libc_nano.a(lib_a-impure.o)
                0x20000060                _impure_ptr
 .data.impure_data
                0x20000064       0x60 c:/program files (x86)/atmel/studio/7.0/toolchain/arm/arm-gnu-toolchain/bin/../lib/gcc/arm-none-eabi/6.3.1/../../../../arm-none-eabi/lib/thumb/v6-m\libc_nano.a(lib_a-impure.o)
                0x200000c4                . = ALIGN (0x4)
                0x200000c4                _erelocate = .

.bss            0x200000c4      0xd04 load address 0x0000cce8
                0x200000c4                . = ALIGN (0x4)
                0x200000c4                _sbss = .
                0x200000c4                _szero = .
 *(.bss .bss.*)
 .bss           0x200000c4       0x1c c:/program files (x86)/atmel/studio/7.0/toolchain/arm/arm-gnu-toolchain/bin/../lib/gcc/arm-none-eabi/6.3.1/thumb/v6-m/crtbegin.o
 .bss.ul_tickcount
                0x200000e0        0x4 src/Systick/Systick.o
 .bss._nvm_dev  0x200000e4        0x6 src/ASF/sam0/drivers/nvm/nvm.o
 *fill*         0x200000ea        0x2 
 .bss.sd_mmc_cards
                0x200000ec       0x20 src/ASF/common2/components/memory/sd_mmc/sd_mmc.o
 .bss.sd_mmc_slot_sel
                0x2000010c        0x1 src/ASF/common2/components/memory/sd_mmc/sd_mmc.o
 *fill*         0x2000010d        0x3 
 .bss.sd_mmc_card
                0x20000110        0x4 src/ASF/common2/components/memory/sd_mmc/sd_mmc.o
 .bss.sd_mmc_nb_block_to_tranfer
                0x20000114        0x2 src/ASF/common2/components/memory/sd_mmc/sd_mmc.o
 .bss.sd_mmc_nb_block_remaining
                0x20000116        0x2 src/ASF/common2/components/memory/sd_mmc/sd_mmc.o
 .bss.sd_mmc_ejected
                0x20000118        0x2 src/ASF/common2/components/memory/sd_mmc/sd_mmc_mem.o
 *fill*         0x2000011a        0x2 
 .bss.sd_mmc_master
                0x2000011c       0x3c src/ASF/common2/components/memory/sd_mmc/sd_mmc_spi.o
 .bss.sd_mmc_spi_devices
                0x20000158        0x3 src/ASF/common2/components/memory/sd_mmc/sd_mmc_spi.o
 *fill*         0x2000015b        0x1 
 .bss.slave_configs
                0x2000015c        0x3 src/ASF/common2/components/memory/sd_mmc/sd_mmc_spi.o
 .bss.sd_mmc_spi_err
                0x2000015f        0x1 src/ASF/common2/components/memory/sd_mmc/sd_mmc_spi.o
 .bss.sd_mmc_spi_response_32
                0x20000160        0x4 src/ASF/common2/components/memory/sd_mmc/sd_mmc_spi.o
 .bss.sd_mmc_spi_transfert_pos
                0x20000164        0x4 src/ASF/common2/components/memory/sd_mmc/sd_mmc_spi.o
 .bss.sd_mmc_spi_block_size
                0x20000168        0x2 src/ASF/common2/components/memory/sd_mmc/sd_mmc_spi.o
 .bss.sd_mmc_spi_nb_block
                0x2000016a        0x2 src/ASF/common2/components/memory/sd_mmc/sd_mmc_spi.o
 .bss.cpu_irq_critical_section_counter
                0x2000016c        0x4 src/ASF/common/utils/interrupt/interrupt_sam_nvic.o
 .bss.cpu_irq_prev_interrupt_state
                0x20000170        0x1 src/ASF/common/utils/interrupt/interrupt_sam_nvic.o
 *fill*         0x20000171        0x3 
 .bss._sercom_config
                0x20000174        0x2 src/ASF/sam0/drivers/sercom/sercom.o
 .bss._handler_table_initialized
                0x20000176        0x1 src/ASF/sam0/drivers/sercom/sercom_interrupt.o
 *fill*         0x20000177        0x1 
 .bss._sercom_interrupt_handlers
                0x20000178       0x18 src/ASF/sam0/drivers/sercom/sercom_interrupt.o
 .bss._system_clock_inst
                0x20000190       0x18 src/ASF/sam0/drivers/system/clock/clock_samd21_r21_da_ha1/clock.o
 .bss.heap.5296
                0x200001a8        0x4 src/ASF/sam0/utils/syscalls/gcc/syscalls.o
 .bss.FatFs     0x200001ac        0x4 src/ASF/thirdparty/fatfs/fatfs-r0.09/src/ff.o
 .bss.Fsid      0x200001b0        0x2 src/ASF/thirdparty/fatfs/fatfs-r0.09/src/ff.o
 .bss.is_flashing.13812
                0x200001b2        0x1 src/BootMain.o
 *fill*         0x200001b3        0x1 
 .bss.__malloc_free_list
                0x200001b4        0x4 c:/program files (x86)/atmel/studio/7.0/toolchain/arm/arm-gnu-toolchain/bin/../lib/gcc/arm-none-eabi/6.3.1/../../../../arm-none-eabi/lib/thumb/v6-m\libc_nano.a(lib_a-nano-mallocr.o)
                0x200001b4                __malloc_free_list
 .bss.__malloc_sbrk_start
                0x200001b8        0x4 c:/program files (x86)/atmel/studio/7.0/toolchain/arm/arm-gnu-toolchain/bin/../lib/gcc/arm-none-eabi/6.3.1/../../../../arm-none-eabi/lib/thumb/v6-m\libc_nano.a(lib_a-nano-mallocr.o)
                0x200001b8                __malloc_sbrk_start
 *(COMMON)
 COMMON         0x200001bc      0x844 src/SerialConsole/SerialConsole.o
                0x200001bc                usart_instance
                0x200001f0                cbufRx
                0x200001f4                latestRx
                0x200001f8                txCharacterBuffer
                0x200005f8                rxCharacterBuffer
                0x200009f8                latestTx
                0x200009fc                cbufTx
 COMMON         0x20000a00        0x4 src/ASF/sam0/drivers/rtc/rtc_sam_d_r_h/rtc_calendar.o
                0x20000a00                _rtc_instance
 COMMON         0x20000a04       0x18 src/ASF/sam0/drivers/sercom/sercom_interrupt.o
                0x20000a04                _sercom_instances
 COMMON         0x20000a1c        0x2 src/ASF/sam0/drivers/sercom/spi/spi_interrupt.o
                0x20000a1c                dummy_write
 *fill*         0x20000a1e        0x2 
 COMMON         0x20000a20        0x4 src/ASF/sam0/utils/stdio/read.o
                0x20000a20                ptr_get
 COMMON         0x20000a24        0x8 src/ASF/sam0/utils/stdio/write.o
                0x20000a24                ptr_put
                0x20000a28                stdio_base
 COMMON         0x20000a2c        0x8 src/ASF/thirdparty/fatfs/fatfs-port-r0.09/diskio.o
                0x20000a2c                rtc_instance
 COMMON         0x20000a34      0x38d src/BootMain.o
                0x20000a34                fs
                0x20000c64                file_object
                0x20000c88                cdc_uart_module
                0x20000cbc                readBuffer
                0x20000dbc                flash_status
                0x20000dbd                flagB_status
                0x20000dbe                res
                0x20000dbf                flagA_status
                0x20000dc0                status
 *fill*         0x20000dc1        0x3 
 COMMON         0x20000dc4        0x4 c:/program files (x86)/atmel/studio/7.0/toolchain/arm/arm-gnu-toolchain/bin/../lib/gcc/arm-none-eabi/6.3.1/../../../../arm-none-eabi/lib/thumb/v6-m\libc_nano.a(lib_a-reent.o)
                0x20000dc4                errno
                0x20000dc8                . = ALIGN (0x4)
                0x20000dc8                _ebss = .
                0x20000dc8                _ezero = .

.stack          0x20000dc8     0x2000 load address 0x0000d9ec
                0x20000dc8                . = ALIGN (0x8)
                0x20000dc8                _sstack = .
                0x20002dc8                . = (. + STACK_SIZE)
 *fill*         0x20000dc8     0x2000 
                0x20002dc8                . = ALIGN (0x8)
                0x20002dc8                _estack = .
                0x20002dc8                . = ALIGN (0x4)
                0x20002dc8                _end = .
OUTPUT(Bootloader.elf elf32-littlearm)

.ARM.attributes
                0x00000000       0x28
 .ARM.attributes
                0x00000000       0x1e c:/program files (x86)/atmel/studio/7.0/toolchain/arm/arm-gnu-toolchain/bin/../lib/gcc/arm-none-eabi/6.3.1/thumb/v6-m/crti.o
 .ARM.attributes
                0x0000001e       0x2c c:/program files (x86)/atmel/studio/7.0/toolchain/arm/arm-gnu-toolchain/bin/../lib/gcc/arm-none-eabi/6.3.1/thumb/v6-m/crtbegin.o
 .ARM.attributes
                0x0000004a       0x32 src/ASF/common2/services/delay/sam0/systick_counter.o
 .ARM.attributes
                0x0000007c       0x32 src/Systick/Systick.o
 .ARM.attributes
                0x000000ae       0x32 src/ASF/sam0/boards/board_init.o
 .ARM.attributes
                0x000000e0       0x32 src/ASF/sam0/drivers/dsu/crc32/crc32.o
 .ARM.attributes
                0x00000112       0x32 src/ASF/sam0/drivers/nvm/nvm.o
 .ARM.attributes
                0x00000144       0x32 src/ASF/sam0/drivers/pac/pac_sam_d_r_h/pac.o
 .ARM.attributes
                0x00000176       0x32 src/SD Card/SdCard.o
 .ARM.attributes
                0x000001a8       0x32 src/SerialConsole/circular_buffer.o
 .ARM.attributes
                0x000001da       0x32 src/SerialConsole/SerialConsole.o
 .ARM.attributes
                0x0000020c       0x32 src/ASF/common2/components/memory/sd_mmc/sd_mmc.o
 .ARM.attributes
                0x0000023e       0x32 src/ASF/common2/components/memory/sd_mmc/sd_mmc_mem.o
 .ARM.attributes
                0x00000270       0x32 src/ASF/common2/components/memory/sd_mmc/sd_mmc_spi.o
 .ARM.attributes
                0x000002a2       0x32 src/ASF/common/services/storage/ctrl_access/ctrl_access.o
 .ARM.attributes
                0x000002d4       0x32 src/ASF/common/utils/interrupt/interrupt_sam_nvic.o
 .ARM.attributes
                0x00000306       0x32 src/ASF/sam0/drivers/port/port.o
 .ARM.attributes
                0x00000338       0x32 src/ASF/sam0/drivers/rtc/rtc_sam_d_r_h/rtc_calendar.o
 .ARM.attributes
                0x0000036a       0x32 src/ASF/sam0/drivers/sercom/sercom.o
 .ARM.attributes
                0x0000039c       0x32 src/ASF/sam0/drivers/sercom/sercom_interrupt.o
 .ARM.attributes
                0x000003ce       0x32 src/ASF/sam0/drivers/sercom/spi/spi.o
 .ARM.attributes
                0x00000400       0x32 src/ASF/sam0/drivers/sercom/spi/spi_interrupt.o
 .ARM.attributes
                0x00000432       0x32 src/ASF/sam0/drivers/sercom/usart/usart.o
 .ARM.attributes
                0x00000464       0x32 src/ASF/sam0/drivers/sercom/usart/usart_interrupt.o
 .ARM.attributes
                0x00000496       0x32 src/ASF/sam0/drivers/system/clock/clock_samd21_r21_da_ha1/clock.o
 .ARM.attributes
                0x000004c8       0x32 src/ASF/sam0/drivers/system/clock/clock_samd21_r21_da_ha1/gclk.o
 .ARM.attributes
                0x000004fa       0x32 src/ASF/sam0/drivers/system/pinmux/pinmux.o
 .ARM.attributes
                0x0000052c       0x32 src/ASF/sam0/drivers/system/system.o
 .ARM.attributes
                0x0000055e       0x32 src/ASF/sam0/utils/cmsis/samd21/source/gcc/startup_samd21.o
 .ARM.attributes
                0x00000590       0x32 src/ASF/sam0/utils/stdio/read.o
 .ARM.attributes
                0x000005c2       0x32 src/ASF/sam0/utils/stdio/write.o
 .ARM.attributes
                0x000005f4       0x32 src/ASF/sam0/utils/syscalls/gcc/syscalls.o
 .ARM.attributes
                0x00000626       0x32 src/ASF/thirdparty/fatfs/fatfs-port-r0.09/diskio.o
 .ARM.attributes
                0x00000658       0x32 src/ASF/thirdparty/fatfs/fatfs-port-r0.09/sam0/fattime_rtc.o
 .ARM.attributes
                0x0000068a       0x32 src/ASF/thirdparty/fatfs/fatfs-r0.09/src/ff.o
 .ARM.attributes
                0x000006bc       0x32 src/ASF/thirdparty/fatfs/fatfs-r0.09/src/option/ccsbcs.o
 .ARM.attributes
                0x000006ee       0x32 src/BootMain.o
 .ARM.attributes
                0x00000720       0x1e c:/program files (x86)/atmel/studio/7.0/toolchain/arm/arm-gnu-toolchain/bin/../lib/gcc/arm-none-eabi/6.3.1/thumb/v6-m\libgcc.a(_udivsi3.o)
 .ARM.attributes
                0x0000073e       0x1e c:/program files (x86)/atmel/studio/7.0/toolchain/arm/arm-gnu-toolchain/bin/../lib/gcc/arm-none-eabi/6.3.1/thumb/v6-m\libgcc.a(_divsi3.o)
 .ARM.attributes
                0x0000075c       0x1e c:/program files (x86)/atmel/studio/7.0/toolchain/arm/arm-gnu-toolchain/bin/../lib/gcc/arm-none-eabi/6.3.1/thumb/v6-m\libgcc.a(_dvmd_tls.o)
 .ARM.attributes
                0x0000077a       0x2c c:/program files (x86)/atmel/studio/7.0/toolchain/arm/arm-gnu-toolchain/bin/../lib/gcc/arm-none-eabi/6.3.1/thumb/v6-m\libgcc.a(_muldi3.o)
 .ARM.attributes
                0x000007a6       0x2c c:/program files (x86)/atmel/studio/7.0/toolchain/arm/arm-gnu-toolchain/bin/../lib/gcc/arm-none-eabi/6.3.1/../../../../arm-none-eabi/lib/thumb/v6-m\libc_nano.a(lib_a-impure.o)
 .ARM.attributes
                0x000007d2       0x2c c:/program files (x86)/atmel/studio/7.0/toolchain/arm/arm-gnu-toolchain/bin/../lib/gcc/arm-none-eabi/6.3.1/../../../../arm-none-eabi/lib/thumb/v6-m\libc_nano.a(lib_a-init.o)
 .ARM.attributes
                0x000007fe       0x2c c:/program files (x86)/atmel/studio/7.0/toolchain/arm/arm-gnu-toolchain/bin/../lib/gcc/arm-none-eabi/6.3.1/../../../../arm-none-eabi/lib/thumb/v6-m\libc_nano.a(lib_a-malloc.o)
 .ARM.attributes
                0x0000082a       0x2c c:/program files (x86)/atmel/studio/7.0/toolchain/arm/arm-gnu-toolchain/bin/../lib/gcc/arm-none-eabi/6.3.1/../../../../arm-none-eabi/lib/thumb/v6-m\libc_nano.a(lib_a-memcpy-stub.o)
 .ARM.attributes
                0x00000856       0x2c c:/program files (x86)/atmel/studio/7.0/toolchain/arm/arm-gnu-toolchain/bin/../lib/gcc/arm-none-eabi/6.3.1/../../../../arm-none-eabi/lib/thumb/v6-m\libc_nano.a(lib_a-memset.o)
 .ARM.attributes
                0x00000882       0x2c c:/program files (x86)/atmel/studio/7.0/toolchain/arm/arm-gnu-toolchain/bin/../lib/gcc/arm-none-eabi/6.3.1/../../../../arm-none-eabi/lib/thumb/v6-m\libc_nano.a(lib_a-nano-freer.o)
 .ARM.attributes
                0x000008ae       0x2c c:/program files (x86)/atmel/studio/7.0/toolchain/arm/arm-gnu-toolchain/bin/../lib/gcc/arm-none-eabi/6.3.1/../../../../arm-none-eabi/lib/thumb/v6-m\libc_nano.a(lib_a-nano-mallocr.o)
 .ARM.attributes
                0x000008da       0x2c c:/program files (x86)/atmel/studio/7.0/toolchain/arm/arm-gnu-toolchain/bin/../lib/gcc/arm-none-eabi/6.3.1/../../../../arm-none-eabi/lib/thumb/v6-m\libc_nano.a(lib_a-sbrkr.o)
 .ARM.attributes
                0x00000906       0x2c c:/program files (x86)/atmel/studio/7.0/toolchain/arm/arm-gnu-toolchain/bin/../lib/gcc/arm-none-eabi/6.3.1/../../../../arm-none-eabi/lib/thumb/v6-m\libc_nano.a(lib_a-setbuf.o)
 .ARM.attributes
                0x00000932       0x2c c:/program files (x86)/atmel/studio/7.0/toolchain/arm/arm-gnu-toolchain/bin/../lib/gcc/arm-none-eabi/6.3.1/../../../../arm-none-eabi/lib/thumb/v6-m\libc_nano.a(lib_a-setvbuf.o)
 .ARM.attributes
                0x0000095e       0x1c c:/program files (x86)/atmel/studio/7.0/toolchain/arm/arm-gnu-toolchain/bin/../lib/gcc/arm-none-eabi/6.3.1/../../../../arm-none-eabi/lib/thumb/v6-m\libc_nano.a(lib_a-strlen.o)
 .ARM.attributes
                0x0000097a       0x2c c:/program files (x86)/atmel/studio/7.0/toolchain/arm/arm-gnu-toolchain/bin/../lib/gcc/arm-none-eabi/6.3.1/../../../../arm-none-eabi/lib/thumb/v6-m\libc_nano.a(lib_a-fflush.o)
 .ARM.attributes
                0x000009a6       0x2c c:/program files (x86)/atmel/studio/7.0/toolchain/arm/arm-gnu-toolchain/bin/../lib/gcc/arm-none-eabi/6.3.1/../../../../arm-none-eabi/lib/thumb/v6-m\libc_nano.a(lib_a-findfp.o)
 .ARM.attributes
                0x000009d2       0x2c c:/program files (x86)/atmel/studio/7.0/toolchain/arm/arm-gnu-toolchain/bin/../lib/gcc/arm-none-eabi/6.3.1/../../../../arm-none-eabi/lib/thumb/v6-m\libc_nano.a(lib_a-fwalk.o)
 .ARM.attributes
                0x000009fe       0x2c c:/program files (x86)/atmel/studio/7.0/toolchain/arm/arm-gnu-toolchain/bin/../lib/gcc/arm-none-eabi/6.3.1/../../../../arm-none-eabi/lib/thumb/v6-m\libc_nano.a(lib_a-makebuf.o)
 .ARM.attributes
                0x00000a2a       0x2c c:/program files (x86)/atmel/studio/7.0/toolchain/arm/arm-gnu-toolchain/bin/../lib/gcc/arm-none-eabi/6.3.1/../../../../arm-none-eabi/lib/thumb/v6-m\libc_nano.a(lib_a-mlock.o)
 .ARM.attributes
                0x00000a56       0x2c c:/program files (x86)/atmel/studio/7.0/toolchain/arm/arm-gnu-toolchain/bin/../lib/gcc/arm-none-eabi/6.3.1/../../../../arm-none-eabi/lib/thumb/v6-m\libc_nano.a(lib_a-reent.o)
 .ARM.attributes
                0x00000a82       0x2c c:/program files (x86)/atmel/studio/7.0/toolchain/arm/arm-gnu-toolchain/bin/../lib/gcc/arm-none-eabi/6.3.1/../../../../arm-none-eabi/lib/thumb/v6-m\libc_nano.a(lib_a-stdio.o)
 .ARM.attributes
                0x00000aae       0x2c c:/program files (x86)/atmel/studio/7.0/toolchain/arm/arm-gnu-toolchain/bin/../lib/gcc/arm-none-eabi/6.3.1/../../../../arm-none-eabi/lib/thumb/v6-m\libc_nano.a(lib_a-writer.o)
 .ARM.attributes
                0x00000ada       0x2c c:/program files (x86)/atmel/studio/7.0/toolchain/arm/arm-gnu-toolchain/bin/../lib/gcc/arm-none-eabi/6.3.1/../../../../arm-none-eabi/lib/thumb/v6-m\libc_nano.a(lib_a-closer.o)
 .ARM.attributes
                0x00000b06       0x2c c:/program files (x86)/atmel/studio/7.0/toolchain/arm/arm-gnu-toolchain/bin/../lib/gcc/arm-none-eabi/6.3.1/../../../../arm-none-eabi/lib/thumb/v6-m\libc_nano.a(lib_a-fstatr.o)
 .ARM.attributes
                0x00000b32       0x2c c:/program files (x86)/atmel/studio/7.0/toolchain/arm/arm-gnu-toolchain/bin/../lib/gcc/arm-none-eabi/6.3.1/../../../../arm-none-eabi/lib/thumb/v6-m\libc_nano.a(lib_a-lseekr.o)
 .ARM.attributes
                0x00000b5e       0x2c c:/program files (x86)/atmel/studio/7.0/toolchain/arm/arm-gnu-toolchain/bin/../lib/gcc/arm-none-eabi/6.3.1/../../../../arm-none-eabi/lib/thumb/v6-m\libc_nano.a(lib_a-readr.o)
 .ARM.attributes
                0x00000b8a       0x1e c:/program files (x86)/atmel/studio/7.0/toolchain/arm/arm-gnu-toolchain/bin/../lib/gcc/arm-none-eabi/6.3.1/thumb/v6-m/crtn.o

.comment        0x00000000       0x59
 .comment       0x00000000       0x59 src/ASF/common2/services/delay/sam0/systick_counter.o
                                 0x5a (size before relaxing)
 .comment       0x00000059       0x5a src/Systick/Systick.o
 .comment       0x00000059       0x5a src/ASF/sam0/boards/board_init.o
 .comment       0x00000059       0x5a src/ASF/sam0/drivers/dsu/crc32/crc32.o
 .comment       0x00000059       0x5a src/ASF/sam0/drivers/nvm/nvm.o
 .comment       0x00000059       0x5a src/ASF/sam0/drivers/pac/pac_sam_d_r_h/pac.o
 .comment       0x00000059       0x5a src/SD Card/SdCard.o
 .comment       0x00000059       0x5a src/SerialConsole/circular_buffer.o
 .comment       0x00000059       0x5a src/SerialConsole/SerialConsole.o
 .comment       0x00000059       0x5a src/ASF/common2/components/memory/sd_mmc/sd_mmc.o
 .comment       0x00000059       0x5a src/ASF/common2/components/memory/sd_mmc/sd_mmc_mem.o
 .comment       0x00000059       0x5a src/ASF/common2/components/memory/sd_mmc/sd_mmc_spi.o
 .comment       0x00000059       0x5a src/ASF/common/services/storage/ctrl_access/ctrl_access.o
 .comment       0x00000059       0x5a src/ASF/common/utils/interrupt/interrupt_sam_nvic.o
 .comment       0x00000059       0x5a src/ASF/sam0/drivers/port/port.o
 .comment       0x00000059       0x5a src/ASF/sam0/drivers/rtc/rtc_sam_d_r_h/rtc_calendar.o
 .comment       0x00000059       0x5a src/ASF/sam0/drivers/sercom/sercom.o
 .comment       0x00000059       0x5a src/ASF/sam0/drivers/sercom/sercom_interrupt.o
 .comment       0x00000059       0x5a src/ASF/sam0/drivers/sercom/spi/spi.o
 .comment       0x00000059       0x5a src/ASF/sam0/drivers/sercom/spi/spi_interrupt.o
 .comment       0x00000059       0x5a src/ASF/sam0/drivers/sercom/usart/usart.o
 .comment       0x00000059       0x5a src/ASF/sam0/drivers/sercom/usart/usart_interrupt.o
 .comment       0x00000059       0x5a src/ASF/sam0/drivers/system/clock/clock_samd21_r21_da_ha1/clock.o
 .comment       0x00000059       0x5a src/ASF/sam0/drivers/system/clock/clock_samd21_r21_da_ha1/gclk.o
 .comment       0x00000059       0x5a src/ASF/sam0/drivers/system/pinmux/pinmux.o
 .comment       0x00000059       0x5a src/ASF/sam0/drivers/system/system.o
 .comment       0x00000059       0x5a src/ASF/sam0/utils/cmsis/samd21/source/gcc/startup_samd21.o
 .comment       0x00000059       0x5a src/ASF/sam0/utils/stdio/read.o
 .comment       0x00000059       0x5a src/ASF/sam0/utils/stdio/write.o
 .comment       0x00000059       0x5a src/ASF/sam0/utils/syscalls/gcc/syscalls.o
 .comment       0x00000059       0x5a src/ASF/thirdparty/fatfs/fatfs-port-r0.09/diskio.o
 .comment       0x00000059       0x5a src/ASF/thirdparty/fatfs/fatfs-port-r0.09/sam0/fattime_rtc.o
 .comment       0x00000059       0x5a src/ASF/thirdparty/fatfs/fatfs-r0.09/src/ff.o
 .comment       0x00000059       0x5a src/ASF/thirdparty/fatfs/fatfs-r0.09/src/option/ccsbcs.o
 .comment       0x00000059       0x5a src/BootMain.o

.debug_info     0x00000000    0x4d88f
 .debug_info    0x00000000      0xb60 src/ASF/common2/services/delay/sam0/systick_counter.o
 .debug_info    0x00000b60     0x2db2 src/Systick/Systick.o
 .debug_info    0x00003912     0x12a7 src/ASF/sam0/boards/board_init.o
 .debug_info    0x00004bb9     0x1668 src/ASF/sam0/drivers/dsu/crc32/crc32.o
 .debug_info    0x00006221     0x2471 src/ASF/sam0/drivers/nvm/nvm.o
 .debug_info    0x00008692     0x15ec src/ASF/sam0/drivers/pac/pac_sam_d_r_h/pac.o
 .debug_info    0x00009c7e     0x29ef src/SD Card/SdCard.o
 .debug_info    0x0000c66d      0xd03 src/SerialConsole/circular_buffer.o
 .debug_info    0x0000d370     0x3958 src/SerialConsole/SerialConsole.o
 .debug_info    0x00010cc8     0x3c32 src/ASF/common2/components/memory/sd_mmc/sd_mmc.o
 .debug_info    0x000148fa      0xffe src/ASF/common2/components/memory/sd_mmc/sd_mmc_mem.o
 .debug_info    0x000158f8     0x44c4 src/ASF/common2/components/memory/sd_mmc/sd_mmc_spi.o
 .debug_info    0x00019dbc      0xe61 src/ASF/common/services/storage/ctrl_access/ctrl_access.o
 .debug_info    0x0001ac1d      0xb0c src/ASF/common/utils/interrupt/interrupt_sam_nvic.o
 .debug_info    0x0001b729     0x127c src/ASF/sam0/drivers/port/port.o
 .debug_info    0x0001c9a5     0x3104 src/ASF/sam0/drivers/rtc/rtc_sam_d_r_h/rtc_calendar.o
 .debug_info    0x0001faa9     0x2d91 src/ASF/sam0/drivers/sercom/sercom.o
 .debug_info    0x0002283a     0x2b6a src/ASF/sam0/drivers/sercom/sercom_interrupt.o
 .debug_info    0x000253a4     0x55cb src/ASF/sam0/drivers/sercom/spi/spi.o
 .debug_info    0x0002a96f     0x3098 src/ASF/sam0/drivers/sercom/spi/spi_interrupt.o
 .debug_info    0x0002da07     0x4875 src/ASF/sam0/drivers/sercom/usart/usart.o
 .debug_info    0x0003227c     0x2f5b src/ASF/sam0/drivers/sercom/usart/usart_interrupt.o
 .debug_info    0x000351d7     0x384e src/ASF/sam0/drivers/system/clock/clock_samd21_r21_da_ha1/clock.o
 .debug_info    0x00038a25     0x1d0b src/ASF/sam0/drivers/system/clock/clock_samd21_r21_da_ha1/gclk.o
 .debug_info    0x0003a730     0x13be src/ASF/sam0/drivers/system/pinmux/pinmux.o
 .debug_info    0x0003baee      0xa74 src/ASF/sam0/drivers/system/system.o
 .debug_info    0x0003c562     0x3a42 src/ASF/sam0/utils/cmsis/samd21/source/gcc/startup_samd21.o
 .debug_info    0x0003ffa4      0xabf src/ASF/sam0/utils/stdio/read.o
 .debug_info    0x00040a63      0xac8 src/ASF/sam0/utils/stdio/write.o
 .debug_info    0x0004152b      0xda1 src/ASF/sam0/utils/syscalls/gcc/syscalls.o
 .debug_info    0x000422cc     0x24a8 src/ASF/thirdparty/fatfs/fatfs-port-r0.09/diskio.o
 .debug_info    0x00044774     0x1f20 src/ASF/thirdparty/fatfs/fatfs-port-r0.09/sam0/fattime_rtc.o
 .debug_info    0x00046694     0x276d src/ASF/thirdparty/fatfs/fatfs-r0.09/src/ff.o
 .debug_info    0x00048e01      0x16a src/ASF/thirdparty/fatfs/fatfs-r0.09/src/option/ccsbcs.o
 .debug_info    0x00048f6b     0x4924 src/BootMain.o

.debug_abbrev   0x00000000     0x6238
 .debug_abbrev  0x00000000      0x22d src/ASF/common2/services/delay/sam0/systick_counter.o
 .debug_abbrev  0x0000022d      0x2f7 src/Systick/Systick.o
 .debug_abbrev  0x00000524      0x2a2 src/ASF/sam0/boards/board_init.o
 .debug_abbrev  0x000007c6      0x2d3 src/ASF/sam0/drivers/dsu/crc32/crc32.o
 .debug_abbrev  0x00000a99      0x36f src/ASF/sam0/drivers/nvm/nvm.o
 .debug_abbrev  0x00000e08      0x2ba src/ASF/sam0/drivers/pac/pac_sam_d_r_h/pac.o
 .debug_abbrev  0x000010c2      0x29c src/SD Card/SdCard.o
 .debug_abbrev  0x0000135e      0x211 src/SerialConsole/circular_buffer.o
 .debug_abbrev  0x0000156f      0x3aa src/SerialConsole/SerialConsole.o
 .debug_abbrev  0x00001919      0x398 src/ASF/common2/components/memory/sd_mmc/sd_mmc.o
 .debug_abbrev  0x00001cb1      0x23c src/ASF/common2/components/memory/sd_mmc/sd_mmc_mem.o
 .debug_abbrev  0x00001eed      0x40e src/ASF/common2/components/memory/sd_mmc/sd_mmc_spi.o
 .debug_abbrev  0x000022fb      0x24f src/ASF/common/services/storage/ctrl_access/ctrl_access.o
 .debug_abbrev  0x0000254a      0x22e src/ASF/common/utils/interrupt/interrupt_sam_nvic.o
 .debug_abbrev  0x00002778      0x27b src/ASF/sam0/drivers/port/port.o
 .debug_abbrev  0x000029f3      0x3ac src/ASF/sam0/drivers/rtc/rtc_sam_d_r_h/rtc_calendar.o
 .debug_abbrev  0x00002d9f      0x30e src/ASF/sam0/drivers/sercom/sercom.o
 .debug_abbrev  0x000030ad      0x2bf src/ASF/sam0/drivers/sercom/sercom_interrupt.o
 .debug_abbrev  0x0000336c      0x3dd src/ASF/sam0/drivers/sercom/spi/spi.o
 .debug_abbrev  0x00003749      0x33b src/ASF/sam0/drivers/sercom/spi/spi_interrupt.o
 .debug_abbrev  0x00003a84      0x38f src/ASF/sam0/drivers/sercom/usart/usart.o
 .debug_abbrev  0x00003e13      0x344 src/ASF/sam0/drivers/sercom/usart/usart_interrupt.o
 .debug_abbrev  0x00004157      0x3ab src/ASF/sam0/drivers/system/clock/clock_samd21_r21_da_ha1/clock.o
 .debug_abbrev  0x00004502      0x37a src/ASF/sam0/drivers/system/clock/clock_samd21_r21_da_ha1/gclk.o