Archive member included to satisfy reference by file (symbol)

c:/program files (x86)/atmel/studio/7.0/toolchain/arm/arm-gnu-toolchain/bin/../lib/gcc/arm-none-eabi/6.3.1/thumb/v6-m\libgcc.a(_udivsi3.o)
                              src/ASF/common2/services/delay/sam0/systick_counter.o (__aeabi_uidiv)
c:/program files (x86)/atmel/studio/7.0/toolchain/arm/arm-gnu-toolchain/bin/../lib/gcc/arm-none-eabi/6.3.1/thumb/v6-m\libgcc.a(_dvmd_tls.o)
                              c:/program files (x86)/atmel/studio/7.0/toolchain/arm/arm-gnu-toolchain/bin/../lib/gcc/arm-none-eabi/6.3.1/thumb/v6-m\libgcc.a(_udivsi3.o) (__aeabi_idiv0)
c:/program files (x86)/atmel/studio/7.0/toolchain/arm/arm-gnu-toolchain/bin/../lib/gcc/arm-none-eabi/6.3.1/thumb/v6-m\libgcc.a(_muldi3.o)
                              src/ASF/sam0/drivers/sercom/sercom.o (__aeabi_lmul)
c:/program files (x86)/atmel/studio/7.0/toolchain/arm/arm-gnu-toolchain/bin/../lib/gcc/arm-none-eabi/6.3.1/thumb/v6-m\libgcc.a(adddf3.o)
                              src/ASF/sam0/drivers/sercom/i2c/i2c_sam0/i2c_master.o (__aeabi_dadd)
c:/program files (x86)/atmel/studio/7.0/toolchain/arm/arm-gnu-toolchain/bin/../lib/gcc/arm-none-eabi/6.3.1/thumb/v6-m\libgcc.a(divdf3.o)
                              src/ASF/sam0/drivers/sercom/i2c/i2c_sam0/i2c_master.o (__aeabi_ddiv)
c:/program files (x86)/atmel/studio/7.0/toolchain/arm/arm-gnu-toolchain/bin/../lib/gcc/arm-none-eabi/6.3.1/thumb/v6-m\libgcc.a(muldf3.o)
                              src/ASF/sam0/drivers/sercom/i2c/i2c_sam0/i2c_master.o (__aeabi_dmul)
c:/program files (x86)/atmel/studio/7.0/toolchain/arm/arm-gnu-toolchain/bin/../lib/gcc/arm-none-eabi/6.3.1/thumb/v6-m\libgcc.a(subdf3.o)
                              src/ASF/sam0/drivers/sercom/i2c/i2c_sam0/i2c_master.o (__aeabi_dsub)
c:/program files (x86)/atmel/studio/7.0/toolchain/arm/arm-gnu-toolchain/bin/../lib/gcc/arm-none-eabi/6.3.1/thumb/v6-m\libgcc.a(fixdfsi.o)
                              src/ASF/sam0/drivers/sercom/i2c/i2c_sam0/i2c_master.o (__aeabi_d2iz)
c:/program files (x86)/atmel/studio/7.0/toolchain/arm/arm-gnu-toolchain/bin/../lib/gcc/arm-none-eabi/6.3.1/thumb/v6-m\libgcc.a(floatunsidf.o)
                              src/ASF/sam0/drivers/sercom/i2c/i2c_sam0/i2c_master.o (__aeabi_ui2d)
c:/program files (x86)/atmel/studio/7.0/toolchain/arm/arm-gnu-toolchain/bin/../lib/gcc/arm-none-eabi/6.3.1/thumb/v6-m\libgcc.a(_clzsi2.o)
                              c:/program files (x86)/atmel/studio/7.0/toolchain/arm/arm-gnu-toolchain/bin/../lib/gcc/arm-none-eabi/6.3.1/thumb/v6-m\libgcc.a(adddf3.o) (__clzsi2)
c:/program files (x86)/atmel/studio/7.0/toolchain/arm/arm-gnu-toolchain/bin/../lib/gcc/arm-none-eabi/6.3.1/../../../../arm-none-eabi/lib/thumb/v6-m\libc_nano.a(lib_a-exit.o)
                              c:/program files (x86)/atmel/studio/7.0/toolchain/arm/arm-gnu-toolchain/bin/../lib/gcc/arm-none-eabi/6.3.1/../../../../arm-none-eabi/lib/thumb/v6-m/crt0.o (exit)
c:/program files (x86)/atmel/studio/7.0/toolchain/arm/arm-gnu-toolchain/bin/../lib/gcc/arm-none-eabi/6.3.1/../../../../arm-none-eabi/lib/thumb/v6-m\libc_nano.a(lib_a-impure.o)
                              c:/program files (x86)/atmel/studio/7.0/toolchain/arm/arm-gnu-toolchain/bin/../lib/gcc/arm-none-eabi/6.3.1/../../../../arm-none-eabi/lib/thumb/v6-m\libc_nano.a(lib_a-exit.o) (_global_impure_ptr)
c:/program files (x86)/atmel/studio/7.0/toolchain/arm/arm-gnu-toolchain/bin/../lib/gcc/arm-none-eabi/6.3.1/../../../../arm-none-eabi/lib/thumb/v6-m\libc_nano.a(lib_a-init.o)
                              c:/program files (x86)/atmel/studio/7.0/toolchain/arm/arm-gnu-toolchain/bin/../lib/gcc/arm-none-eabi/6.3.1/../../../../arm-none-eabi/lib/thumb/v6-m/crt0.o (__libc_init_array)
c:/program files (x86)/atmel/studio/7.0/toolchain/arm/arm-gnu-toolchain/bin/../lib/gcc/arm-none-eabi/6.3.1/../../../../arm-none-eabi/lib/thumb/v6-m\libc_nano.a(lib_a-memset.o)
                              c:/program files (x86)/atmel/studio/7.0/toolchain/arm/arm-gnu-toolchain/bin/../lib/gcc/arm-none-eabi/6.3.1/../../../../arm-none-eabi/lib/thumb/v6-m/crt0.o (memset)
c:/program files (x86)/atmel/studio/7.0/toolchain/arm/arm-gnu-toolchain/bin/../lib/gcc/arm-none-eabi/6.3.1/../../../../arm-none-eabi/lib/thumb/v6-m\libc_nano.a(lib_a-strcmp.o)
                              src/main.o (strcmp)

Allocating common symbols
Common symbol       size              file

spi_slave_instance  0x3c              src/main.o
dummy_write         0x2               src/ASF/sam0/drivers/sercom/spi/spi_interrupt.o
_sercom_instances   0x18              src/ASF/sam0/drivers/sercom/sercom_interrupt.o
usartComm           0x34              src/main.o
i2c_master_instance
                    0x28              src/main.o
spi_master_instance
                    0x3c              src/main.o
slave               0x3               src/main.o
i2c_slave_instance  0x34              src/main.o

Discarded input sections

[...]
Memory Configuration

Name             Origin             Length             Attributes
rom              0x00000000         0x00040000         xr
ram              0x20000000         0x00008000         xrw
*default*        0x00000000         0xffffffff

Linker script and memory map

LOAD c:/program files (x86)/atmel/studio/7.0/toolchain/arm/arm-gnu-toolchain/bin/../lib/gcc/arm-none-eabi/6.3.1/thumb/v6-m/crti.o
LOAD c:/program files (x86)/atmel/studio/7.0/toolchain/arm/arm-gnu-toolchain/bin/../lib/gcc/arm-none-eabi/6.3.1/thumb/v6-m/crtbegin.o
LOAD c:/program files (x86)/atmel/studio/7.0/toolchain/arm/arm-gnu-toolchain/bin/../lib/gcc/arm-none-eabi/6.3.1/../../../../arm-none-eabi/lib/thumb/v6-m/crt0.o
LOAD src/ASF/common2/services/delay/sam0/systick_counter.o
LOAD src/ASF/sam0/drivers/sercom/i2c/i2c_sam0/i2c_master.o
LOAD src/ASF/sam0/drivers/sercom/i2c/i2c_sam0/i2c_master_interrupt.o
LOAD src/ASF/sam0/drivers/sercom/i2c/i2c_sam0/i2c_slave.o
LOAD src/ASF/sam0/drivers/sercom/i2c/i2c_sam0/i2c_slave_interrupt.o
LOAD src/ASF/sam0/drivers/sercom/sercom.o
LOAD src/ASF/sam0/drivers/sercom/spi/spi.o
LOAD src/ASF/sam0/drivers/sercom/spi/spi_interrupt.o
LOAD src/ASF/sam0/drivers/sercom/usart/usart.o
LOAD src/ASF/sam0/drivers/sercom/usart/usart_interrupt.o
LOAD src/ASF/sam0/drivers/sercom/sercom_interrupt.o
LOAD src/ASF/common/utils/interrupt/interrupt_sam_nvic.o
LOAD src/ASF/sam0/boards/samw25_xplained_pro/board_init.o
LOAD src/ASF/sam0/drivers/port/port.o
LOAD src/ASF/sam0/drivers/system/clock/clock_samd21_r21_da_ha1/clock.o
LOAD src/ASF/sam0/drivers/system/clock/clock_samd21_r21_da_ha1/gclk.o
LOAD src/ASF/sam0/drivers/system/interrupt/system_interrupt.o
LOAD src/ASF/sam0/drivers/system/pinmux/pinmux.o
LOAD src/ASF/sam0/drivers/system/system.o
LOAD src/ASF/sam0/utils/cmsis/samd21/source/gcc/startup_samd21.o
LOAD src/ASF/sam0/utils/cmsis/samd21/source/system_samd21.o
LOAD src/ASF/sam0/utils/syscalls/gcc/syscalls.o
LOAD src/main.o
START GROUP
LOAD ../src/ASF/thirdparty/CMSIS/Lib/GCC\libarm_cortexM0l_math.a
LOAD c:/program files (x86)/atmel/studio/7.0/toolchain/arm/arm-gnu-toolchain/bin/../lib/gcc/arm-none-eabi/6.3.1/../../../../arm-none-eabi/lib/thumb/v6-m\libm.a
END GROUP
START GROUP
LOAD c:/program files (x86)/atmel/studio/7.0/toolchain/arm/arm-gnu-toolchain/bin/../lib/gcc/arm-none-eabi/6.3.1/thumb/v6-m\libgcc.a
LOAD c:/program files (x86)/atmel/studio/7.0/toolchain/arm/arm-gnu-toolchain/bin/../lib/gcc/arm-none-eabi/6.3.1/../../../../arm-none-eabi/lib/thumb/v6-m\libc_nano.a
END GROUP
START GROUP
LOAD c:/program files (x86)/atmel/studio/7.0/toolchain/arm/arm-gnu-toolchain/bin/../lib/gcc/arm-none-eabi/6.3.1/thumb/v6-m\libgcc.a
LOAD c:/program files (x86)/atmel/studio/7.0/toolchain/arm/arm-gnu-toolchain/bin/../lib/gcc/arm-none-eabi/6.3.1/../../../../arm-none-eabi/lib/thumb/v6-m\libc_nano.a
END GROUP
LOAD c:/program files (x86)/atmel/studio/7.0/toolchain/arm/arm-gnu-toolchain/bin/../lib/gcc/arm-none-eabi/6.3.1/thumb/v6-m/crtend.o
LOAD c:/program files (x86)/atmel/studio/7.0/toolchain/arm/arm-gnu-toolchain/bin/../lib/gcc/arm-none-eabi/6.3.1/thumb/v6-m/crtn.o
                0x00002000                STACK_SIZE = DEFINED (STACK_SIZE)?STACK_SIZE:DEFINED (__stack_size__)?__stack_size__:0x2000

.text           0x00000000     0x4d34
                0x00000000                . = ALIGN (0x4)
                0x00000000                _sfixed = .
 *(.vectors .vectors.*)
 .vectors       0x00000000       0xb4 src/ASF/sam0/utils/cmsis/samd21/source/gcc/startup_samd21.o
                0x00000000                exception_table
 *(.text .text.* .gnu.linkonce.t.*)
 .text          0x000000b4       0x60 c:/program files (x86)/atmel/studio/7.0/toolchain/arm/arm-gnu-toolchain/bin/../lib/gcc/arm-none-eabi/6.3.1/thumb/v6-m/crtbegin.o
 .text.delay_init
                0x00000114       0x40 src/ASF/common2/services/delay/sam0/systick_counter.o
                0x00000114                delay_init
 .text.delay_cycles_ms
                0x00000154       0x2c src/ASF/common2/services/delay/sam0/systick_counter.o
                0x00000154                delay_cycles_ms
 .text._i2c_master_wait_for_sync
                0x00000180        0xc src/ASF/sam0/drivers/sercom/i2c/i2c_sam0/i2c_master.o
 .text.i2c_master_init
                0x0000018c      0x2f8 src/ASF/sam0/drivers/sercom/i2c/i2c_sam0/i2c_master.o
                0x0000018c                i2c_master_init
 .text._i2c_master_address_response
                0x00000484       0x30 src/ASF/sam0/drivers/sercom/i2c/i2c_sam0/i2c_master.o
                0x00000484                _i2c_master_address_response
 .text._i2c_master_wait_for_bus
                0x000004b4       0x2c src/ASF/sam0/drivers/sercom/i2c/i2c_sam0/i2c_master.o
                0x000004b4                _i2c_master_wait_for_bus
 .text._i2c_master_send_hs_master_code
                0x000004e0       0x20 src/ASF/sam0/drivers/sercom/i2c/i2c_sam0/i2c_master.o
                0x000004e0                _i2c_master_send_hs_master_code
 .text._i2c_master_write_packet
                0x00000500       0xf4 src/ASF/sam0/drivers/sercom/i2c/i2c_sam0/i2c_master.o
 .text.i2c_master_write_packet_wait
                0x000005f4       0x24 src/ASF/sam0/drivers/sercom/i2c/i2c_sam0/i2c_master.o
                0x000005f4                i2c_master_write_packet_wait
 .text._i2c_master_wait_for_sync
                0x00000618        0xc src/ASF/sam0/drivers/sercom/i2c/i2c_sam0/i2c_master_interrupt.o
 .text._i2c_master_read
                0x00000624       0x88 src/ASF/sam0/drivers/sercom/i2c/i2c_sam0/i2c_master_interrupt.o
 .text._i2c_master_write
                0x000006ac       0x3c src/ASF/sam0/drivers/sercom/i2c/i2c_sam0/i2c_master_interrupt.o
 .text._i2c_master_interrupt_handler
                0x000006e8      0x1ec src/ASF/sam0/drivers/sercom/i2c/i2c_sam0/i2c_master_interrupt.o
                0x000006e8                _i2c_master_interrupt_handler
 .text._i2c_slave_wait_for_sync
                0x000008d4        0xc src/ASF/sam0/drivers/sercom/i2c/i2c_sam0/i2c_slave.o
 .text._i2c_slave_wait_for_bus
                0x000008e0       0x38 src/ASF/sam0/drivers/sercom/i2c/i2c_sam0/i2c_slave.o
 .text.i2c_slave_init
                0x00000918      0x190 src/ASF/sam0/drivers/sercom/i2c/i2c_sam0/i2c_slave.o
                0x00000918                i2c_slave_init
 .text.i2c_slave_read_packet_wait
                0x00000aa8      0x128 src/ASF/sam0/drivers/sercom/i2c/i2c_sam0/i2c_slave.o
                0x00000aa8                i2c_slave_read_packet_wait
 .text._i2c_slave_interrupt_handler
                0x00000bd0      0x280 src/ASF/sam0/drivers/sercom/i2c/i2c_sam0/i2c_slave_interrupt.o
                0x00000bd0                _i2c_slave_interrupt_handler
 .text.long_division
                0x00000e50       0xba src/ASF/sam0/drivers/sercom/sercom.o
 .text._sercom_get_sync_baud_val
                0x00000f0a       0x28 src/ASF/sam0/drivers/sercom/sercom.o
                0x00000f0a                _sercom_get_sync_baud_val
 *fill*         0x00000f32        0x2 
 .text._sercom_get_async_baud_val
                0x00000f34       0x94 src/ASF/sam0/drivers/sercom/sercom.o
                0x00000f34                _sercom_get_async_baud_val
 .text.sercom_set_gclk_generator
                0x00000fc8       0x4c src/ASF/sam0/drivers/sercom/sercom.o
                0x00000fc8                sercom_set_gclk_generator
 .text._sercom_get_default_pad
                0x00001014      0x178 src/ASF/sam0/drivers/sercom/sercom.o
                0x00001014                _sercom_get_default_pad
 .text._sercom_get_sercom_inst_index
                0x0000118c       0x38 src/ASF/sam0/drivers/sercom/sercom.o
                0x0000118c                _sercom_get_sercom_inst_index
 .text.spi_reset
                0x000011c4       0x4c src/ASF/sam0/drivers/sercom/spi/spi.o
                0x000011c4                spi_reset
 .text.spi_init
                0x00001210      0x214 src/ASF/sam0/drivers/sercom/spi/spi.o
                0x00001210                spi_init
 .text.spi_read_buffer_wait
                0x00001424      0x11c src/ASF/sam0/drivers/sercom/spi/spi.o
                0x00001424                spi_read_buffer_wait
 .text.spi_select_slave
                0x00001540       0xf4 src/ASF/sam0/drivers/sercom/spi/spi.o
                0x00001540                spi_select_slave
 .text.spi_write_buffer_wait
                0x00001634      0x210 src/ASF/sam0/drivers/sercom/spi/spi.o
                0x00001634                spi_write_buffer_wait
 .text._spi_interrupt_handler
                0x00001844      0x224 src/ASF/sam0/drivers/sercom/spi/spi_interrupt.o
                0x00001844                _spi_interrupt_handler
 .text.usart_init
                0x00001a68      0x33c src/ASF/sam0/drivers/sercom/usart/usart.o
                0x00001a68                usart_init
 .text.usart_write_wait
                0x00001da4       0x26 src/ASF/sam0/drivers/sercom/usart/usart.o
                0x00001da4                usart_write_wait
 .text.usart_read_wait
                0x00001dca       0x6a src/ASF/sam0/drivers/sercom/usart/usart.o
                0x00001dca                usart_read_wait
 .text.usart_write_buffer_wait
                0x00001e34       0xbc src/ASF/sam0/drivers/sercom/usart/usart.o
                0x00001e34                usart_write_buffer_wait
 .text.usart_read_buffer_wait
                0x00001ef0       0x98 src/ASF/sam0/drivers/sercom/usart/usart.o
                0x00001ef0                usart_read_buffer_wait
 .text._usart_interrupt_handler
                0x00001f88      0x194 src/ASF/sam0/drivers/sercom/usart/usart_interrupt.o
                0x00001f88                _usart_interrupt_handler
 .text._sercom_default_handler
                0x0000211c        0x2 src/ASF/sam0/drivers/sercom/sercom_interrupt.o
 *fill*         0x0000211e        0x2 
 .text._sercom_set_handler
                0x00002120       0x3c src/ASF/sam0/drivers/sercom/sercom_interrupt.o
                0x00002120                _sercom_set_handler
 .text._sercom_get_interrupt_vector
                0x0000215c       0x30 src/ASF/sam0/drivers/sercom/sercom_interrupt.o
                0x0000215c                _sercom_get_interrupt_vector
 .text.SERCOM0_Handler
                0x0000218c       0x10 src/ASF/sam0/drivers/sercom/sercom_interrupt.o
                0x0000218c                SERCOM0_Handler
 .text.SERCOM1_Handler
                0x0000219c       0x10 src/ASF/sam0/drivers/sercom/sercom_interrupt.o
                0x0000219c                SERCOM1_Handler
 .text.SERCOM2_Handler
                0x000021ac       0x10 src/ASF/sam0/drivers/sercom/sercom_interrupt.o
                0x000021ac                SERCOM2_Handler
 .text.SERCOM3_Handler
                0x000021bc       0x10 src/ASF/sam0/drivers/sercom/sercom_interrupt.o
                0x000021bc                SERCOM3_Handler
 .text.SERCOM4_Handler
                0x000021cc       0x10 src/ASF/sam0/drivers/sercom/sercom_interrupt.o
                0x000021cc                SERCOM4_Handler
 .text.SERCOM5_Handler
                0x000021dc       0x10 src/ASF/sam0/drivers/sercom/sercom_interrupt.o
                0x000021dc                SERCOM5_Handler
 .text.cpu_irq_enter_critical
                0x000021ec       0x40 src/ASF/common/utils/interrupt/interrupt_sam_nvic.o
                0x000021ec                cpu_irq_enter_critical
 .text.cpu_irq_leave_critical
                0x0000222c       0x30 src/ASF/common/utils/interrupt/interrupt_sam_nvic.o
                0x0000222c                cpu_irq_leave_critical
 .text.system_board_init
                0x0000225c       0x38 src/ASF/sam0/boards/samw25_xplained_pro/board_init.o
                0x0000225c                board_init
                0x0000225c                system_board_init
 .text.port_pin_set_config
                0x00002294       0x24 src/ASF/sam0/drivers/port/port.o
                0x00002294                port_pin_set_config
 .text.system_clock_source_get_hz
                0x000022b8       0x94 src/ASF/sam0/drivers/system/clock/clock_samd21_r21_da_ha1/clock.o
                0x000022b8                system_clock_source_get_hz
 .text.system_clock_source_osc8m_set_config
                0x0000234c       0x3c src/ASF/sam0/drivers/system/clock/clock_samd21_r21_da_ha1/clock.o
                0x0000234c                system_clock_source_osc8m_set_config
 .text.system_clock_source_xosc32k_set_config
                0x00002388       0xb8 src/ASF/sam0/drivers/system/clock/clock_samd21_r21_da_ha1/clock.o
                0x00002388                system_clock_source_xosc32k_set_config
 .text.system_clock_source_dfll_set_config
                0x00002440       0x80 src/ASF/sam0/drivers/system/clock/clock_samd21_r21_da_ha1/clock.o
                0x00002440                system_clock_source_dfll_set_config
 .text.system_clock_source_enable
                0x000024c0       0xa8 src/ASF/sam0/drivers/system/clock/clock_samd21_r21_da_ha1/clock.o
                0x000024c0                system_clock_source_enable
 .text.system_clock_init
                0x00002568      0x160 src/ASF/sam0/drivers/system/clock/clock_samd21_r21_da_ha1/clock.o
                0x00002568                system_clock_init
 .text.system_gclk_init
                0x000026c8       0x24 src/ASF/sam0/drivers/system/clock/clock_samd21_r21_da_ha1/gclk.o
                0x000026c8                system_gclk_init
 .text.system_gclk_gen_set_config
                0x000026ec       0xb8 src/ASF/sam0/drivers/system/clock/clock_samd21_r21_da_ha1/gclk.o
                0x000026ec                system_gclk_gen_set_config
 .text.system_gclk_gen_enable
                0x000027a4       0x44 src/ASF/sam0/drivers/system/clock/clock_samd21_r21_da_ha1/gclk.o
                0x000027a4                system_gclk_gen_enable
 .text.system_gclk_gen_get_hz
                0x000027e8       0x8c src/ASF/sam0/drivers/system/clock/clock_samd21_r21_da_ha1/gclk.o
                0x000027e8                system_gclk_gen_get_hz
 .text.system_gclk_chan_enable
                0x00002874       0x30 src/ASF/sam0/drivers/system/clock/clock_samd21_r21_da_ha1/gclk.o
                0x00002874                system_gclk_chan_enable
 .text.system_gclk_chan_disable
                0x000028a4       0x5c src/ASF/sam0/drivers/system/clock/clock_samd21_r21_da_ha1/gclk.o
                0x000028a4                system_gclk_chan_disable
 .text.system_gclk_chan_set_config
                0x00002900       0x1c src/ASF/sam0/drivers/system/clock/clock_samd21_r21_da_ha1/gclk.o
                0x00002900                system_gclk_chan_set_config
 .text.system_gclk_chan_get_hz
                0x0000291c       0x34 src/ASF/sam0/drivers/system/clock/clock_samd21_r21_da_ha1/gclk.o
                0x0000291c                system_gclk_chan_get_hz
 .text._system_pinmux_config
                0x00002950       0xa8 src/ASF/sam0/drivers/system/pinmux/pinmux.o
 .text.system_pinmux_pin_set_config
                0x000029f8       0x30 src/ASF/sam0/drivers/system/pinmux/pinmux.o
                0x000029f8                system_pinmux_pin_set_config
 .text._system_dummy_init
                0x00002a28        0x2 src/ASF/sam0/drivers/system/system.o
                0x00002a28                _system_extint_init
                0x00002a28                _system_events_init
                0x00002a28                _system_dummy_init
                0x00002a28                _system_divas_init
 *fill*         0x00002a2a        0x2 
 .text.system_init
                0x00002a2c       0x2c src/ASF/sam0/drivers/system/system.o
                0x00002a2c                system_init
 .text.Dummy_Handler
                0x00002a58        0x2 src/ASF/sam0/utils/cmsis/samd21/source/gcc/startup_samd21.o
                0x00002a58                DMAC_Handler
                0x00002a58                HardFault_Handler
                0x00002a58                AC_Handler
                0x00002a58                SysTick_Handler
                0x00002a58                PendSV_Handler
                0x00002a58                NMI_Handler
                0x00002a58                ADC_Handler
                0x00002a58                TCC1_Handler
                0x00002a58                TCC0_Handler
                0x00002a58                RTC_Handler
                0x00002a58                EIC_Handler
                0x00002a58                WDT_Handler
                0x00002a58                TC4_Handler
                0x00002a58                USB_Handler
                0x00002a58                TC3_Handler
                0x00002a58                Dummy_Handler
                0x00002a58                PM_Handler
                0x00002a58                SVC_Handler
                0x00002a58                TCC2_Handler
                0x00002a58                EVSYS_Handler
                0x00002a58                I2S_Handler
                0x00002a58                NVMCTRL_Handler
                0x00002a58                DAC_Handler
                0x00002a58                PTC_Handler
                0x00002a58                TC5_Handler
                0x00002a58                SYSCTRL_Handler
 *fill*         0x00002a5a        0x2 
 .text.Reset_Handler
                0x00002a5c       0xe4 src/ASF/sam0/utils/cmsis/samd21/source/gcc/startup_samd21.o
                0x00002a5c                Reset_Handler
 .text.configure_spi_slave
                0x00002b40       0xac src/main.o
                0x00002b40                configure_spi_slave
 .text.configure_spi_master
                0x00002bec       0xe0 src/main.o
                0x00002bec                configure_spi_master
 .text.configure_i2c_slave
                0x00002ccc       0x94 src/main.o
                0x00002ccc                configure_i2c_slave
 .text.configure_i2c_master
                0x00002d60       0xb4 src/main.o
                0x00002d60                configure_i2c_master
 .text.blink_led
                0x00002e14       0x20 src/main.o
                0x00002e14                blink_led
 .text.send_message
                0x00002e34      0x184 src/main.o
                0x00002e34                send_message
 .text.read_message
                0x00002fb8       0xbc src/main.o
                0x00002fb8                read_message
 .text.main     0x00003074      0x114 src/main.o
                0x00003074                main
 .text          0x00003188      0x114 c:/program files (x86)/atmel/studio/7.0/toolchain/arm/arm-gnu-toolchain/bin/../lib/gcc/arm-none-eabi/6.3.1/thumb/v6-m\libgcc.a(_udivsi3.o)
                0x00003188                __aeabi_uidiv
                0x00003188                __udivsi3
                0x00003294                __aeabi_uidivmod
 .text          0x0000329c        0x4 c:/program files (x86)/atmel/studio/7.0/toolchain/arm/arm-gnu-toolchain/bin/../lib/gcc/arm-none-eabi/6.3.1/thumb/v6-m\libgcc.a(_dvmd_tls.o)
                0x0000329c                __aeabi_idiv0
                0x0000329c                __aeabi_ldiv0
 .text          0x000032a0       0x54 c:/program files (x86)/atmel/studio/7.0/toolchain/arm/arm-gnu-toolchain/bin/../lib/gcc/arm-none-eabi/6.3.1/thumb/v6-m\libgcc.a(_muldi3.o)
                0x000032a0                __muldi3
                0x000032a0                __aeabi_lmul
 .text          0x000032f4      0x620 c:/program files (x86)/atmel/studio/7.0/toolchain/arm/arm-gnu-toolchain/bin/../lib/gcc/arm-none-eabi/6.3.1/thumb/v6-m\libgcc.a(adddf3.o)
                0x000032f4                __aeabi_dadd
 .text          0x00003914      0x668 c:/program files (x86)/atmel/studio/7.0/toolchain/arm/arm-gnu-toolchain/bin/../lib/gcc/arm-none-eabi/6.3.1/thumb/v6-m\libgcc.a(divdf3.o)
                0x00003914                __aeabi_ddiv
 .text          0x00003f7c      0x500 c:/program files (x86)/atmel/studio/7.0/toolchain/arm/arm-gnu-toolchain/bin/../lib/gcc/arm-none-eabi/6.3.1/thumb/v6-m\libgcc.a(muldf3.o)
                0x00003f7c                __aeabi_dmul
 .text          0x0000447c      0x62c c:/program files (x86)/atmel/studio/7.0/toolchain/arm/arm-gnu-toolchain/bin/../lib/gcc/arm-none-eabi/6.3.1/thumb/v6-m\libgcc.a(subdf3.o)
                0x0000447c                __aeabi_dsub
 .text          0x00004aa8       0x68 c:/program files (x86)/atmel/studio/7.0/toolchain/arm/arm-gnu-toolchain/bin/../lib/gcc/arm-none-eabi/6.3.1/thumb/v6-m\libgcc.a(fixdfsi.o)
                0x00004aa8                __aeabi_d2iz
 .text          0x00004b10       0x70 c:/program files (x86)/atmel/studio/7.0/toolchain/arm/arm-gnu-toolchain/bin/../lib/gcc/arm-none-eabi/6.3.1/thumb/v6-m\libgcc.a(floatunsidf.o)
                0x00004b10                __aeabi_ui2d
 .text          0x00004b80       0x3c c:/program files (x86)/atmel/studio/7.0/toolchain/arm/arm-gnu-toolchain/bin/../lib/gcc/arm-none-eabi/6.3.1/thumb/v6-m\libgcc.a(_clzsi2.o)
                0x00004b80                __clzsi2
 .text.__libc_init_array
                0x00004bbc       0x48 c:/program files (x86)/atmel/studio/7.0/toolchain/arm/arm-gnu-toolchain/bin/../lib/gcc/arm-none-eabi/6.3.1/../../../../arm-none-eabi/lib/thumb/v6-m\libc_nano.a(lib_a-init.o)
                0x00004bbc                __libc_init_array
 .text.memset   0x00004c04       0x10 c:/program files (x86)/atmel/studio/7.0/toolchain/arm/arm-gnu-toolchain/bin/../lib/gcc/arm-none-eabi/6.3.1/../../../../arm-none-eabi/lib/thumb/v6-m\libc_nano.a(lib_a-memset.o)
                0x00004c04                memset
 .text          0x00004c14       0x14 c:/program files (x86)/atmel/studio/7.0/toolchain/arm/arm-gnu-toolchain/bin/../lib/gcc/arm-none-eabi/6.3.1/../../../../arm-none-eabi/lib/thumb/v6-m\libc_nano.a(lib_a-strcmp.o)
                0x00004c14                strcmp
 *(.glue_7t)
 .glue_7t       0x00004c28        0x0 linker stubs
 *(.glue_7)
 .glue_7        0x00004c28        0x0 linker stubs
 *(.rodata .rodata* .gnu.linkonce.r.*)
 .rodata        0x00004c28       0x18 src/ASF/sam0/drivers/sercom/sercom.o
 .rodata.system_clock_source_get_hz
                0x00004c40       0x24 src/ASF/sam0/drivers/system/clock/clock_samd21_r21_da_ha1/clock.o
 .rodata.system_clock_source_enable
                0x00004c64       0x24 src/ASF/sam0/drivers/system/clock/clock_samd21_r21_da_ha1/clock.o
 .rodata        0x00004c88        0xc src/main.o
 .rodata        0x00004c94       0x40 c:/program files (x86)/atmel/studio/7.0/toolchain/arm/arm-gnu-toolchain/bin/../lib/gcc/arm-none-eabi/6.3.1/thumb/v6-m\libgcc.a(divdf3.o)
 .rodata        0x00004cd4       0x40 c:/program files (x86)/atmel/studio/7.0/toolchain/arm/arm-gnu-toolchain/bin/../lib/gcc/arm-none-eabi/6.3.1/thumb/v6-m\libgcc.a(muldf3.o)
 *(.ARM.extab* .gnu.linkonce.armextab.*)
                0x00004d14                . = ALIGN (0x4)
 *(.init)
 .init          0x00004d14        0x4 c:/program files (x86)/atmel/studio/7.0/toolchain/arm/arm-gnu-toolchain/bin/../lib/gcc/arm-none-eabi/6.3.1/thumb/v6-m/crti.o
                0x00004d14                _init
 .init          0x00004d18        0x8 c:/program files (x86)/atmel/studio/7.0/toolchain/arm/arm-gnu-toolchain/bin/../lib/gcc/arm-none-eabi/6.3.1/thumb/v6-m/crtn.o
                0x00004d20                . = ALIGN (0x4)
                0x00004d20                __preinit_array_start = .
 *(.preinit_array)
                0x00004d20                __preinit_array_end = .
                0x00004d20                . = ALIGN (0x4)
                0x00004d20                __init_array_start = .
 *(SORT(.init_array.*))
 *(.init_array)
 .init_array    0x00004d20        0x4 c:/program files (x86)/atmel/studio/7.0/toolchain/arm/arm-gnu-toolchain/bin/../lib/gcc/arm-none-eabi/6.3.1/thumb/v6-m/crtbegin.o
                0x00004d24                __init_array_end = .
                0x00004d24                . = ALIGN (0x4)
 *crtbegin.o(.ctors)
 *(EXCLUDE_FILE(*crtend.o) .ctors)
 *(SORT(.ctors.*))
 *crtend.o(.ctors)
                0x00004d24                . = ALIGN (0x4)
 *(.fini)
 .fini          0x00004d24        0x4 c:/program files (x86)/atmel/studio/7.0/toolchain/arm/arm-gnu-toolchain/bin/../lib/gcc/arm-none-eabi/6.3.1/thumb/v6-m/crti.o
                0x00004d24                _fini
 .fini          0x00004d28        0x8 c:/program files (x86)/atmel/studio/7.0/toolchain/arm/arm-gnu-toolchain/bin/../lib/gcc/arm-none-eabi/6.3.1/thumb/v6-m/crtn.o
                0x00004d30                . = ALIGN (0x4)
                0x00004d30                __fini_array_start = .
 *(.fini_array)
 .fini_array    0x00004d30        0x4 c:/program files (x86)/atmel/studio/7.0/toolchain/arm/arm-gnu-toolchain/bin/../lib/gcc/arm-none-eabi/6.3.1/thumb/v6-m/crtbegin.o
 *(SORT(.fini_array.*))
                0x00004d34                __fini_array_end = .
 *crtbegin.o(.dtors)
 *(EXCLUDE_FILE(*crtend.o) .dtors)
 *(SORT(.dtors.*))
 *crtend.o(.dtors)
                0x00004d34                . = ALIGN (0x4)
                0x00004d34                _efixed = .
                [!provide]                PROVIDE (__exidx_start, .)

.vfp11_veneer   0x00004d34        0x0
 .vfp11_veneer  0x00004d34        0x0 linker stubs

.v4_bx          0x00004d34        0x0
 .v4_bx         0x00004d34        0x0 linker stubs

.iplt           0x00004d34        0x0
 .iplt          0x00004d34        0x0 c:/program files (x86)/atmel/studio/7.0/toolchain/arm/arm-gnu-toolchain/bin/../lib/gcc/arm-none-eabi/6.3.1/thumb/v6-m/crtbegin.o

.eh_frame       0x00004d34        0x0
 .eh_frame      0x00004d34        0x0 c:/program files (x86)/atmel/studio/7.0/toolchain/arm/arm-gnu-toolchain/bin/../lib/gcc/arm-none-eabi/6.3.1/thumb/v6-m/crtbegin.o

.rel.dyn        0x00004d34        0x0
 .rel.iplt      0x00004d34        0x0 c:/program files (x86)/atmel/studio/7.0/toolchain/arm/arm-gnu-toolchain/bin/../lib/gcc/arm-none-eabi/6.3.1/thumb/v6-m/crtbegin.o

.jcr            0x00004d34        0x0
 .jcr           0x00004d34        0x0 c:/program files (x86)/atmel/studio/7.0/toolchain/arm/arm-gnu-toolchain/bin/../lib/gcc/arm-none-eabi/6.3.1/thumb/v6-m/crtbegin.o

.igot.plt       0x00004d34        0x0
 .igot.plt      0x00004d34        0x0 c:/program files (x86)/atmel/studio/7.0/toolchain/arm/arm-gnu-toolchain/bin/../lib/gcc/arm-none-eabi/6.3.1/thumb/v6-m/crtbegin.o

.ARM.exidx
 *(.ARM.exidx* .gnu.linkonce.armexidx.*)
                [!provide]                PROVIDE (__exidx_end, .)
                0x00004d34                . = ALIGN (0x4)
                0x00004d34                _etext = .

.relocate       0x20000000        0xc load address 0x00004d34
                0x20000000                . = ALIGN (0x4)
                0x20000000                _srelocate = .
 *(.ramfunc .ramfunc.*)
 *(.data .data.*)
 .data.cycles_per_ms
                0x20000000        0x4 src/ASF/common2/services/delay/sam0/systick_counter.o
 .data.cycles_per_us
                0x20000004        0x4 src/ASF/common2/services/delay/sam0/systick_counter.o
 .data.g_interrupt_enabled
                0x20000008        0x1 src/ASF/common/utils/interrupt/interrupt_sam_nvic.o
                0x20000008                g_interrupt_enabled
                0x2000000c                . = ALIGN (0x4)
 *fill*         0x20000009        0x3 
                0x2000000c                _erelocate = .

.bss            0x2000000c      0x180 load address 0x00004d40
                0x2000000c                . = ALIGN (0x4)
                0x2000000c                _sbss = .
                0x2000000c                _szero = .
 *(.bss .bss.*)
 .bss           0x2000000c       0x1c c:/program files (x86)/atmel/studio/7.0/toolchain/arm/arm-gnu-toolchain/bin/../lib/gcc/arm-none-eabi/6.3.1/thumb/v6-m/crtbegin.o
 .bss._sercom_config
                0x20000028        0x2 src/ASF/sam0/drivers/sercom/sercom.o
 .bss._handler_table_initialized
                0x2000002a        0x1 src/ASF/sam0/drivers/sercom/sercom_interrupt.o
 *fill*         0x2000002b        0x1 
 .bss._sercom_interrupt_handlers
                0x2000002c       0x18 src/ASF/sam0/drivers/sercom/sercom_interrupt.o
 .bss.cpu_irq_critical_section_counter
                0x20000044        0x4 src/ASF/common/utils/interrupt/interrupt_sam_nvic.o
 .bss.cpu_irq_prev_interrupt_state
                0x20000048        0x1 src/ASF/common/utils/interrupt/interrupt_sam_nvic.o
 *fill*         0x20000049        0x3 
 .bss._system_clock_inst
                0x2000004c       0x18 src/ASF/sam0/drivers/system/clock/clock_samd21_r21_da_ha1/clock.o
 *(COMMON)
 COMMON         0x20000064        0x2 src/ASF/sam0/drivers/sercom/spi/spi_interrupt.o
                0x20000064                dummy_write
 *fill*         0x20000066        0x2 
 COMMON         0x20000068       0x18 src/ASF/sam0/drivers/sercom/sercom_interrupt.o
                0x20000068                _sercom_instances
 COMMON         0x20000080      0x10c src/main.o
                0x20000080                spi_slave_instance
                0x200000bc                usartComm
                0x200000f0                i2c_master_instance
                0x20000118                spi_master_instance
                0x20000154                slave
                0x20000158                i2c_slave_instance
                0x2000018c                . = ALIGN (0x4)
                0x2000018c                _ebss = .
                0x2000018c                _ezero = .

.stack          0x2000018c     0x2004 load address 0x00004ec0
                0x20000190                . = ALIGN (0x8)
 *fill*         0x2000018c        0x4 
                0x20000190                _sstack = .
                0x20002190                . = (. + STACK_SIZE)
 *fill*         0x20000190     0x2000 
                0x20002190                . = ALIGN (0x8)
                0x20002190                _estack = .
                0x20002190                . = ALIGN (0x4)
                0x20002190                _end = .
OUTPUT(CommProtocols_A08G.elf elf32-littlearm)

.ARM.attributes
                0x00000000       0x28
 .ARM.attributes
                0x00000000       0x1e c:/program files (x86)/atmel/studio/7.0/toolchain/arm/arm-gnu-toolchain/bin/../lib/gcc/arm-none-eabi/6.3.1/thumb/v6-m/crti.o
 .ARM.attributes
                0x0000001e       0x2c c:/program files (x86)/atmel/studio/7.0/toolchain/arm/arm-gnu-toolchain/bin/../lib/gcc/arm-none-eabi/6.3.1/thumb/v6-m/crtbegin.o
 .ARM.attributes
                0x0000004a       0x32 src/ASF/common2/services/delay/sam0/systick_counter.o
 .ARM.attributes
                0x0000007c       0x32 src/ASF/sam0/drivers/sercom/i2c/i2c_sam0/i2c_master.o
 .ARM.attributes
                0x000000ae       0x32 src/ASF/sam0/drivers/sercom/i2c/i2c_sam0/i2c_master_interrupt.o
 .ARM.attributes
                0x000000e0       0x32 src/ASF/sam0/drivers/sercom/i2c/i2c_sam0/i2c_slave.o
 .ARM.attributes
                0x00000112       0x32 src/ASF/sam0/drivers/sercom/i2c/i2c_sam0/i2c_slave_interrupt.o
 .ARM.attributes
                0x00000144       0x32 src/ASF/sam0/drivers/sercom/sercom.o
 .ARM.attributes
                0x00000176       0x32 src/ASF/sam0/drivers/sercom/spi/spi.o
 .ARM.attributes
                0x000001a8       0x32 src/ASF/sam0/drivers/sercom/spi/spi_interrupt.o
 .ARM.attributes
                0x000001da       0x32 src/ASF/sam0/drivers/sercom/usart/usart.o
 .ARM.attributes
                0x0000020c       0x32 src/ASF/sam0/drivers/sercom/usart/usart_interrupt.o
 .ARM.attributes
                0x0000023e       0x32 src/ASF/sam0/drivers/sercom/sercom_interrupt.o
 .ARM.attributes
                0x00000270       0x32 src/ASF/common/utils/interrupt/interrupt_sam_nvic.o
 .ARM.attributes
                0x000002a2       0x32 src/ASF/sam0/boards/samw25_xplained_pro/board_init.o
 .ARM.attributes
                0x000002d4       0x32 src/ASF/sam0/drivers/port/port.o
 .ARM.attributes
                0x00000306       0x32 src/ASF/sam0/drivers/system/clock/clock_samd21_r21_da_ha1/clock.o
 .ARM.attributes
                0x00000338       0x32 src/ASF/sam0/drivers/system/clock/clock_samd21_r21_da_ha1/gclk.o
 .ARM.attributes
                0x0000036a       0x32 src/ASF/sam0/drivers/system/pinmux/pinmux.o
 .ARM.attributes
                0x0000039c       0x32 src/ASF/sam0/drivers/system/system.o
 .ARM.attributes
                0x000003ce       0x32 src/ASF/sam0/utils/cmsis/samd21/source/gcc/startup_samd21.o
 .ARM.attributes
                0x00000400       0x32 src/main.o
 .ARM.attributes
                0x00000432       0x1e c:/program files (x86)/atmel/studio/7.0/toolchain/arm/arm-gnu-toolchain/bin/../lib/gcc/arm-none-eabi/6.3.1/thumb/v6-m\libgcc.a(_udivsi3.o)
 .ARM.attributes
                0x00000450       0x1e c:/program files (x86)/atmel/studio/7.0/toolchain/arm/arm-gnu-toolchain/bin/../lib/gcc/arm-none-eabi/6.3.1/thumb/v6-m\libgcc.a(_dvmd_tls.o)
 .ARM.attributes
                0x0000046e       0x2c c:/program files (x86)/atmel/studio/7.0/toolchain/arm/arm-gnu-toolchain/bin/../lib/gcc/arm-none-eabi/6.3.1/thumb/v6-m\libgcc.a(_muldi3.o)
 .ARM.attributes
                0x0000049a       0x2c c:/program files (x86)/atmel/studio/7.0/toolchain/arm/arm-gnu-toolchain/bin/../lib/gcc/arm-none-eabi/6.3.1/thumb/v6-m\libgcc.a(adddf3.o)
 .ARM.attributes
                0x000004c6       0x2c c:/program files (x86)/atmel/studio/7.0/toolchain/arm/arm-gnu-toolchain/bin/../lib/gcc/arm-none-eabi/6.3.1/thumb/v6-m\libgcc.a(divdf3.o)
 .ARM.attributes
                0x000004f2       0x2c c:/program files (x86)/atmel/studio/7.0/toolchain/arm/arm-gnu-toolchain/bin/../lib/gcc/arm-none-eabi/6.3.1/thumb/v6-m\libgcc.a(muldf3.o)
 .ARM.attributes
                0x0000051e       0x2c c:/program files (x86)/atmel/studio/7.0/toolchain/arm/arm-gnu-toolchain/bin/../lib/gcc/arm-none-eabi/6.3.1/thumb/v6-m\libgcc.a(subdf3.o)
 .ARM.attributes
                0x0000054a       0x2c c:/program files (x86)/atmel/studio/7.0/toolchain/arm/arm-gnu-toolchain/bin/../lib/gcc/arm-none-eabi/6.3.1/thumb/v6-m\libgcc.a(fixdfsi.o)
 .ARM.attributes
                0x00000576       0x2c c:/program files (x86)/atmel/studio/7.0/toolchain/arm/arm-gnu-toolchain/bin/../lib/gcc/arm-none-eabi/6.3.1/thumb/v6-m\libgcc.a(floatunsidf.o)
 .ARM.attributes
                0x000005a2       0x1e c:/program files (x86)/atmel/studio/7.0/toolchain/arm/arm-gnu-toolchain/bin/../lib/gcc/arm-none-eabi/6.3.1/thumb/v6-m\libgcc.a(_clzsi2.o)
 .ARM.attributes
                0x000005c0       0x2c c:/program files (x86)/atmel/studio/7.0/toolchain/arm/arm-gnu-toolchain/bin/../lib/gcc/arm-none-eabi/6.3.1/../../../../arm-none-eabi/lib/thumb/v6-m\libc_nano.a(lib_a-init.o)
 .ARM.attributes
                0x000005ec       0x2c c:/program files (x86)/atmel/studio/7.0/toolchain/arm/arm-gnu-toolchain/bin/../lib/gcc/arm-none-eabi/6.3.1/../../../../arm-none-eabi/lib/thumb/v6-m\libc_nano.a(lib_a-memset.o)
 .ARM.attributes
                0x00000618       0x1c c:/program files (x86)/atmel/studio/7.0/toolchain/arm/arm-gnu-toolchain/bin/../lib/gcc/arm-none-eabi/6.3.1/../../../../arm-none-eabi/lib/thumb/v6-m\libc_nano.a(lib_a-strcmp.o)
 .ARM.attributes
                0x00000634       0x1e c:/program files (x86)/atmel/studio/7.0/toolchain/arm/arm-gnu-toolchain/bin/../lib/gcc/arm-none-eabi/6.3.1/thumb/v6-m/crtn.o

.comment        0x00000000       0x59
 .comment       0x00000000       0x59 src/ASF/common2/services/delay/sam0/systick_counter.o
                                 0x5a (size before relaxing)
 .comment       0x00000059       0x5a src/ASF/sam0/drivers/sercom/i2c/i2c_sam0/i2c_master.o
 .comment       0x00000059       0x5a src/ASF/sam0/drivers/sercom/i2c/i2c_sam0/i2c_master_interrupt.o
 .comment       0x00000059       0x5a src/ASF/sam0/drivers/sercom/i2c/i2c_sam0/i2c_slave.o
 .comment       0x00000059       0x5a src/ASF/sam0/drivers/sercom/i2c/i2c_sam0/i2c_slave_interrupt.o
 .comment       0x00000059       0x5a src/ASF/sam0/drivers/sercom/sercom.o
 .comment       0x00000059       0x5a src/ASF/sam0/drivers/sercom/spi/spi.o
 .comment       0x00000059       0x5a src/ASF/sam0/drivers/sercom/spi/spi_interrupt.o
 .comment       0x00000059       0x5a src/ASF/sam0/drivers/sercom/usart/usart.o
 .comment       0x00000059       0x5a src/ASF/sam0/drivers/sercom/usart/usart_interrupt.o
 .comment       0x00000059       0x5a src/ASF/sam0/drivers/sercom/sercom_interrupt.o
 .comment       0x00000059       0x5a src/ASF/common/utils/interrupt/interrupt_sam_nvic.o
 .comment       0x00000059       0x5a src/ASF/sam0/boards/samw25_xplained_pro/board_init.o
 .comment       0x00000059       0x5a src/ASF/sam0/drivers/port/port.o
 .comment       0x00000059       0x5a src/ASF/sam0/drivers/system/clock/clock_samd21_r21_da_ha1/clock.o
 .comment       0x00000059       0x5a src/ASF/sam0/drivers/system/clock/clock_samd21_r21_da_ha1/gclk.o
 .comment       0x00000059       0x5a src/ASF/sam0/drivers/system/pinmux/pinmux.o
 .comment       0x00000059       0x5a src/ASF/sam0/drivers/system/system.o
 .comment       0x00000059       0x5a src/ASF/sam0/utils/cmsis/samd21/source/gcc/startup_samd21.o
 .comment       0x00000059       0x5a src/main.o

.debug_info     0x00000000    0x3ae1a
 .debug_info    0x00000000      0xb8d src/ASF/common2/services/delay/sam0/systick_counter.o
 .debug_info    0x00000b8d     0x4f5e src/ASF/sam0/drivers/sercom/i2c/i2c_sam0/i2c_master.o
 .debug_info    0x00005aeb     0x312d src/ASF/sam0/drivers/sercom/i2c/i2c_sam0/i2c_master_interrupt.o
 .debug_info    0x00008c18     0x4a2a src/ASF/sam0/drivers/sercom/i2c/i2c_sam0/i2c_slave.o
 .debug_info    0x0000d642     0x317b src/ASF/sam0/drivers/sercom/i2c/i2c_sam0/i2c_slave_interrupt.o
 .debug_info    0x000107bd     0x2dd3 src/ASF/sam0/drivers/sercom/sercom.o
 .debug_info    0x00013590     0x6820 src/ASF/sam0/drivers/sercom/spi/spi.o
 .debug_info    0x00019db0     0x31c1 src/ASF/sam0/drivers/sercom/spi/spi_interrupt.o
 .debug_info    0x0001cf71     0x499e src/ASF/sam0/drivers/sercom/usart/usart.o
 .debug_info    0x0002190f     0x3048 src/ASF/sam0/drivers/sercom/usart/usart_interrupt.o
 .debug_info    0x00024957     0x2bcf src/ASF/sam0/drivers/sercom/sercom_interrupt.o
 .debug_info    0x00027526      0xb05 src/ASF/common/utils/interrupt/interrupt_sam_nvic.o
 .debug_info    0x0002802b     0x12ad src/ASF/sam0/boards/samw25_xplained_pro/board_init.o
 .debug_info    0x000292d8     0x12b6 src/ASF/sam0/drivers/port/port.o
 .debug_info    0x0002a58e     0x39d4 src/ASF/sam0/drivers/system/clock/clock_samd21_r21_da_ha1/clock.o
 .debug_info    0x0002df62     0x1ec7 src/ASF/sam0/drivers/system/clock/clock_samd21_r21_da_ha1/gclk.o
 .debug_info    0x0002fe29     0x13f3 src/ASF/sam0/drivers/system/pinmux/pinmux.o
 .debug_info    0x0003121c      0xa73 src/ASF/sam0/drivers/system/system.o
 .debug_info    0x00031c8f     0x3a3f src/ASF/sam0/utils/cmsis/samd21/source/gcc/startup_samd21.o
 .debug_info    0x000356ce     0x574c src/main.o

.debug_abbrev   0x00000000     0x4854
 .debug_abbrev  0x00000000      0x24b src/ASF/common2/services/delay/sam0/systick_counter.o
 .debug_abbrev  0x0000024b      0x50c src/ASF/sam0/drivers/sercom/i2c/i2c_sam0/i2c_master.o
 .debug_abbrev  0x00000757      0x427 src/ASF/sam0/drivers/sercom/i2c/i2c_sam0/i2c_master_interrupt.o
 .debug_abbrev  0x00000b7e      0x500 src/ASF/sam0/drivers/sercom/i2c/i2c_sam0/i2c_slave.o
 .debug_abbrev  0x0000107e      0x3b4 src/ASF/sam0/drivers/sercom/i2c/i2c_sam0/i2c_slave_interrupt.o
 .debug_abbrev  0x00001432      0x378 src/ASF/sam0/drivers/sercom/sercom.o
 .debug_abbrev  0x000017aa      0x51f src/ASF/sam0/drivers/sercom/spi/spi.o
 .debug_abbrev  0x00001cc9      0x3ee src/ASF/sam0/drivers/sercom/spi/spi_interrupt.o
 .debug_abbrev  0x000020b7      0x467 src/ASF/sam0/drivers/sercom/usart/usart.o
 .debug_abbrev  0x0000251e      0x416 src/ASF/sam0/drivers/sercom/usart/usart_interrupt.o
 .debug_abbrev  0x00002934      0x2d8 src/ASF/sam0/drivers/sercom/sercom_interrupt.o
 .debug_abbrev  0x00002c0c      0x23b src/ASF/common/utils/interrupt/interrupt_sam_nvic.o
 .debug_abbrev  0x00002e47      0x2dc src/ASF/sam0/boards/samw25_xplained_pro/board_init.o
 .debug_abbrev  0x00003123      0x298 src/ASF/sam0/drivers/port/port.o
 .debug_abbrev  0x000033bb      0x493 src/ASF/sam0/drivers/system/clock/clock_samd21_r21_da_ha1/clock.o
 .debug_abbrev  0x0000384e      0x40d src/ASF/sam0/drivers/system/clock/clock_samd21_r21_da_ha1/gclk.o
 .debug_abbrev  0x00003c5b      0x361 src/ASF/sam0/drivers/system/pinmux/pinmux.o
 .debug_abbrev  0x00003fbc      0x1e1 src/ASF/sam0/drivers/system/system.o
 .debug_abbrev  0x0000419d      0x234 src/ASF/sam0/utils/cmsis/samd21/source/gcc/startup_samd21.o
 .debug_abbrev  0x000043d1      0x483 src/main.o

.debug_loc      0x00000000     0x9b0a
 .debug_loc     0x00000000       0xe4 src/ASF/common2/services/delay/sam0/systick_counter.o
 .debug_loc     0x000000e4      0xff8 src/ASF/sam0/drivers/sercom/i2c/i2c_sam0/i2c_master.o
 .debug_loc     0x000010dc      0x7ec src/ASF/sam0/drivers/sercom/i2c/i2c_sam0/i2c_master_interrupt.o
 .debug_loc     0x000018c8      0x981 src/ASF/sam0/drivers/sercom/i2c/i2c_sam0/i2c_slave.o
 .debug_loc     0x00002249      0x3e0 src/ASF/sam0/drivers/sercom/i2c/i2c_sam0/i2c_slave_interrupt.o
 .debug_loc     0x00002629      0x9d5 src/ASF/sam0/drivers/sercom/sercom.o
 .debug_loc     0x00002ffe     0x2a76 src/ASF/sam0/drivers/sercom/spi/spi.o
 .debug_loc     0x00005a74      0x6b0 src/ASF/sam0/drivers/sercom/spi/spi_interrupt.o
 .debug_loc     0x00006124      0xd40 src/ASF/sam0/drivers/sercom/usart/usart.o
 .debug_loc     0x00006e64      0x711 src/ASF/sam0/drivers/sercom/usart/usart_interrupt.o
 .debug_loc     0x00007575      0x161 src/ASF/sam0/drivers/sercom/sercom_interrupt.o
 .debug_loc     0x000076d6       0x8a src/ASF/sam0/boards/samw25_xplained_pro/board_init.o
 .debug_loc     0x00007760      0x13d src/ASF/sam0/drivers/port/port.o
 .debug_loc     0x0000789d      0xf7d src/ASF/sam0/drivers/system/clock/clock_samd21_r21_da_ha1/clock.o
 .debug_loc     0x0000881a      0x504 src/ASF/sam0/drivers/system/clock/clock_samd21_r21_da_ha1/gclk.o
 .debug_loc     0x00008d1e      0x36d src/ASF/sam0/drivers/system/pinmux/pinmux.o
 .debug_loc     0x0000908b       0x20 src/ASF/sam0/drivers/system/system.o
 .debug_loc     0x000090ab       0x40 src/ASF/sam0/utils/cmsis/samd21/source/gcc/startup_samd21.o
 .debug_loc     0x000090eb      0xa1f src/main.o

.debug_aranges  0x00000000      0x668
 .debug_aranges
                0x00000000       0x30 src/ASF/common2/services/delay/sam0/systick_counter.o
 .debug_aranges
                0x00000030       0xa0 src/ASF/sam0/drivers/sercom/i2c/i2c_sam0/i2c_master.o
 .debug_aranges
                0x000000d0       0x90 src/ASF/sam0/drivers/sercom/i2c/i2c_sam0/i2c_master_interrupt.o
 .debug_aranges
                0x00000160       0x60 src/ASF/sam0/drivers/sercom/i2c/i2c_sam0/i2c_slave.o
 .debug_aranges
                0x000001c0       0x50 src/ASF/sam0/drivers/sercom/i2c/i2c_sam0/i2c_slave_interrupt.o
 .debug_aranges
                0x00000210       0x48 src/ASF/sam0/drivers/sercom/sercom.o
 .debug_aranges
                0x00000258       0x58 src/ASF/sam0/drivers/sercom/spi/spi.o
 .debug_aranges
                0x000002b0       0x50 src/ASF/sam0/drivers/sercom/spi/spi_interrupt.o
 .debug_aranges
                0x00000300       0x40 src/ASF/sam0/drivers/sercom/usart/usart.o
 .debug_aranges
                0x00000340       0x70 src/ASF/sam0/drivers/sercom/usart/usart_interrupt.o
 .debug_aranges
                0x000003b0       0x60 src/ASF/sam0/drivers/sercom/sercom_interrupt.o
 .debug_aranges
                0x00000410       0x28 src/ASF/common/utils/interrupt/interrupt_sam_nvic.o
 .debug_aranges
                0x00000438       0x20 src/ASF/sam0/boards/samw25_xplained_pro/board_init.o
 .debug_aranges
                0x00000458       0x28 src/ASF/sam0/drivers/port/port.o
 .debug_aranges
                0x00000480       0x78 src/ASF/sam0/drivers/system/clock/clock_samd21_r21_da_ha1/clock.o
 .debug_aranges
                0x000004f8       0x80 src/ASF/sam0/drivers/system/clock/clock_samd21_r21_da_ha1/gclk.o
 .debug_aranges
                0x00000578       0x40 src/ASF/sam0/drivers/system/pinmux/pinmux.o
 .debug_aranges
                0x000005b8       0x28 src/ASF/sam0/drivers/system/system.o
 .debug_aranges
                0x000005e0       0x28 src/ASF/sam0/utils/cmsis/samd21/source/gcc/startup_samd21.o
 .debug_aranges
                0x00000608       0x60 src/main.o

.debug_ranges   0x00000000      0xb90
 .debug_ranges  0x00000000       0x50 src/ASF/common2/services/delay/sam0/systick_counter.o
 .debug_ranges  0x00000050       0xa8 src/ASF/sam0/drivers/sercom/i2c/i2c_sam0/i2c_master.o
 .debug_ranges  0x000000f8       0x98 src/ASF/sam0/drivers/sercom/i2c/i2c_sam0/i2c_master_interrupt.o
 .debug_ranges  0x00000190       0x80 src/ASF/sam0/drivers/sercom/i2c/i2c_sam0/i2c_slave.o
 .debug_ranges  0x00000210       0x40 src/ASF/sam0/drivers/sercom/i2c/i2c_sam0/i2c_slave_interrupt.o
 .debug_ranges  0x00000250       0x50 src/ASF/sam0/drivers/sercom/sercom.o
 .debug_ranges  0x000002a0      0x438 src/ASF/sam0/drivers/sercom/spi/spi.o
 .debug_ranges  0x000006d8       0xd0 src/ASF/sam0/drivers/sercom/spi/spi_interrupt.o
 .debug_ranges  0x000007a8      0x140 src/ASF/sam0/drivers/sercom/usart/usart.o
 .debug_ranges  0x000008e8       0x60 src/ASF/sam0/drivers/sercom/usart/usart_interrupt.o
 .debug_ranges  0x00000948       0x50 src/ASF/sam0/drivers/sercom/sercom_interrupt.o
 .debug_ranges  0x00000998       0x18 src/ASF/common/utils/interrupt/interrupt_sam_nvic.o
 .debug_ranges  0x000009b0       0x10 src/ASF/sam0/boards/samw25_xplained_pro/board_init.o
 .debug_ranges  0x000009c0       0x18 src/ASF/sam0/drivers/port/port.o
 .debug_ranges  0x000009d8       0x68 src/ASF/sam0/drivers/system/clock/clock_samd21_r21_da_ha1/clock.o
 .debug_ranges  0x00000a40       0x88 src/ASF/sam0/drivers/system/clock/clock_samd21_r21_da_ha1/gclk.o
 .debug_ranges  0x00000ac8       0x30 src/ASF/sam0/drivers/system/pinmux/pinmux.o
 .debug_ranges  0x00000af8       0x18 src/ASF/sam0/drivers/system/system.o
 .debug_ranges  0x00000b10       0x18 src/ASF/sam0/utils/cmsis/samd21/source/gcc/startup_samd21.o
 .debug_ranges  0x00000b28       0x68 src/main.o

.debug_macro    0x00000000    0x1b361
 .debug_macro   0x00000000      0x546 src/ASF/common2/services/delay/sam0/systick_counter.o
 .debug_macro   0x00000546      0x8ce src/ASF/common2/services/delay/sam0/systick_counter.o
 .debug_macro   0x00000e14      0x16d src/ASF/common2/services/delay/sam0/systick_counter.o
 .debug_macro   0x00000f81      0x71d src/ASF/common2/services/delay/sam0/systick_counter.o
 .debug_macro   0x0000169e       0x22 src/ASF/common2/services/delay/sam0/systick_counter.o
 .debug_macro   0x000016c0       0x87 src/ASF/common2/services/delay/sam0/systick_counter.o
 .debug_macro   0x00001747       0x51 src/ASF/common2/services/delay/sam0/systick_counter.o
 .debug_macro   0x00001798       0xef src/ASF/common2/services/delay/sam0/systick_counter.o
 .debug_macro   0x00001887       0x6a src/ASF/common2/services/delay/sam0/systick_counter.o
 .debug_macro   0x000018f1      0x1df src/ASF/common2/services/delay/sam0/systick_counter.o
 .debug_macro   0x00001ad0       0x10 src/ASF/common2/services/delay/sam0/systick_counter.o
 .debug_macro   0x00001ae0       0x76 src/ASF/common2/services/delay/sam0/systick_counter.o
 .debug_macro   0x00001b56       0x16 src/ASF/common2/services/delay/sam0/systick_counter.o
 .debug_macro   0x00001b6c      0x6db src/ASF/common2/services/delay/sam0/systick_counter.o
 .debug_macro   0x00002247      0xdd8 src/ASF/common2/services/delay/sam0/systick_counter.o
 .debug_macro   0x0000301f       0x22 src/ASF/common2/services/delay/sam0/systick_counter.o
 .debug_macro   0x00003041       0x40 src/ASF/common2/services/delay/sam0/systick_counter.o
 .debug_macro   0x00003081       0x1c src/ASF/common2/services/delay/sam0/systick_counter.o
 .debug_macro   0x0000309d       0x22 src/ASF/common2/services/delay/sam0/systick_counter.o
 .debug_macro   0x000030bf       0xb5 src/ASF/common2/services/delay/sam0/systick_counter.o
 .debug_macro   0x00003174      0x3ad src/ASF/common2/services/delay/sam0/systick_counter.o
 .debug_macro   0x00003521      0x681 src/ASF/common2/services/delay/sam0/systick_counter.o
 .debug_macro   0x00003ba2      0x8b5 src/ASF/common2/services/delay/sam0/systick_counter.o
 .debug_macro   0x00004457      0x230 src/ASF/common2/services/delay/sam0/systick_counter.o
 .debug_macro   0x00004687      0xd60 src/ASF/common2/services/delay/sam0/systick_counter.o
 .debug_macro   0x000053e7      0x4cb src/ASF/common2/services/delay/sam0/systick_counter.o
 .debug_macro   0x000058b2      0x9f8 src/ASF/common2/services/delay/sam0/systick_counter.o
 .debug_macro   0x000062aa      0x82b src/ASF/common2/services/delay/sam0/systick_counter.o
 .debug_macro   0x00006ad5      0x455 src/ASF/common2/services/delay/sam0/systick_counter.o
 .debug_macro   0x00006f2a       0x5e src/ASF/common2/services/delay/sam0/systick_counter.o
 .debug_macro   0x00006f88      0x8fd src/ASF/common2/services/delay/sam0/systick_counter.o
 .debug_macro   0x00007885      0x21c src/ASF/common2/services/delay/sam0/systick_counter.o
 .debug_macro   0x00007aa1      0x95b src/ASF/common2/services/delay/sam0/systick_counter.o
 .debug_macro   0x000083fc       0x5e src/ASF/common2/services/delay/sam0/systick_counter.o
 .debug_macro   0x0000845a      0x667 src/ASF/common2/services/delay/sam0/systick_counter.o
 .debug_macro   0x00008ac1      0x3af src/ASF/common2/services/delay/sam0/systick_counter.o
 .debug_macro   0x00008e70      0xc7a src/ASF/common2/services/delay/sam0/systick_counter.o
 .debug_macro   0x00009aea     0x1092 src/ASF/common2/services/delay/sam0/systick_counter.o
 .debug_macro   0x0000ab7c      0xc4a src/ASF/common2/services/delay/sam0/systick_counter.o
 .debug_macro   0x0000b7c6      0x6ba src/ASF/common2/services/delay/sam0/systick_counter.o
 .debug_macro   0x0000be80     0x1bbf src/ASF/common2/services/delay/sam0/systick_counter.o
 .debug_macro   0x0000da3f     0x1440 src/ASF/common2/services/delay/sam0/systick_counter.o
 .debug_macro   0x0000ee7f      0x344 src/ASF/common2/services/delay/sam0/systick_counter.o
 .debug_macro   0x0000f1c3       0x7c src/ASF/common2/services/delay/sam0/systick_counter.o
 .debug_macro   0x0000f23f       0xa0 src/ASF/common2/services/delay/sam0/systick_counter.o
 .debug_macro   0x0000f2df       0x4c src/ASF/common2/services/delay/sam0/systick_counter.o
 .debug_macro   0x0000f32b       0xca src/ASF/common2/services/delay/sam0/systick_counter.o
 .debug_macro   0x0000f3f5       0x94 src/ASF/common2/services/delay/sam0/systick_counter.o
 .debug_macro   0x0000f489       0x58 src/ASF/common2/services/delay/sam0/systick_counter.o
 .debug_macro   0x0000f4e1      0x37d src/ASF/common2/services/delay/sam0/systick_counter.o
 .debug_macro   0x0000f85e       0x82 src/ASF/common2/services/delay/sam0/systick_counter.o
 .debug_macro   0x0000f8e0      0x18d src/ASF/common2/services/delay/sam0/systick_counter.o
 .debug_macro   0x0000fa6d       0xb8 src/ASF/common2/services/delay/sam0/systick_counter.o
 .debug_macro   0x0000fb25       0xa0 src/ASF/common2/services/delay/sam0/systick_counter.o
 .debug_macro   0x0000fbc5       0xb8 src/ASF/common2/services/delay/sam0/systick_counter.o
 .debug_macro   0x0000fc7d       0x1c src/ASF/common2/services/delay/sam0/systick_counter.o
 .debug_macro   0x0000fc99       0x1c src/ASF/common2/services/delay/sam0/systick_counter.o
 .debug_macro   0x0000fcb5       0x1c src/ASF/common2/services/delay/sam0/systick_counter.o
 .debug_macro   0x0000fcd1       0x82 src/ASF/common2/services/delay/sam0/systick_counter.o
 .debug_macro   0x0000fd53      0x15a src/ASF/common2/services/delay/sam0/systick_counter.o
 .debug_macro   0x0000fead       0xdc src/ASF/common2/services/delay/sam0/systick_counter.o
 .debug_macro   0x0000ff89      0x128 src/ASF/common2/services/delay/sam0/systick_counter.o
 .debug_macro   0x000100b1      0x128 src/ASF/common2/services/delay/sam0/systick_counter.o
 .debug_macro   0x000101d9      0x128 src/ASF/common2/services/delay/sam0/systick_counter.o
 .debug_macro   0x00010301      0x128 src/ASF/common2/services/delay/sam0/systick_counter.o
 .debug_macro   0x00010429      0x128 src/ASF/common2/services/delay/sam0/systick_counter.o
 .debug_macro   0x00010551      0x128 src/ASF/common2/services/delay/sam0/systick_counter.o
 .debug_macro   0x00010679      0x124 src/ASF/common2/services/delay/sam0/systick_counter.o
 .debug_macro   0x0001079d       0xe2 src/ASF/common2/services/delay/sam0/systick_counter.o
 .debug_macro   0x0001087f       0xe2 src/ASF/common2/services/delay/sam0/systick_counter.o
 .debug_macro   0x00010961       0xe2 src/ASF/common2/services/delay/sam0/systick_counter.o
 .debug_macro   0x00010a43      0x130 src/ASF/common2/services/delay/sam0/systick_counter.o
 .debug_macro   0x00010b73      0x106 src/ASF/common2/services/delay/sam0/systick_counter.o
 .debug_macro   0x00010c79       0xfa src/ASF/common2/services/delay/sam0/systick_counter.o
 .debug_macro   0x00010d73      0x40f src/ASF/common2/services/delay/sam0/systick_counter.o
 .debug_macro   0x00011182       0x40 src/ASF/common2/services/delay/sam0/systick_counter.o
 .debug_macro   0x000111c2      0x361 src/ASF/common2/services/delay/sam0/systick_counter.o
 .debug_macro   0x00011523     0x16e3 src/ASF/common2/services/delay/sam0/systick_counter.o
 .debug_macro   0x00012c06       0x6d src/ASF/common2/services/delay/sam0/systick_counter.o
 .debug_macro   0x00012c73       0x58 src/ASF/common2/services/delay/sam0/systick_counter.o
 .debug_macro   0x00012ccb       0x35 src/ASF/common2/services/delay/sam0/systick_counter.o
 .debug_macro   0x00012d00       0x9c src/ASF/common2/services/delay/sam0/systick_counter.o
 .debug_macro   0x00012d9c       0x16 src/ASF/common2/services/delay/sam0/systick_counter.o
 .debug_macro   0x00012db2       0x35 src/ASF/common2/services/delay/sam0/systick_counter.o
 .debug_macro   0x00012de7      0x34d src/ASF/common2/services/delay/sam0/systick_counter.o
 .debug_macro   0x00013134       0x10 src/ASF/common2/services/delay/sam0/systick_counter.o
 .debug_macro   0x00013144       0x58 src/ASF/common2/services/delay/sam0/systick_counter.o
 .debug_macro   0x0001319c       0x1f src/ASF/common2/services/delay/sam0/systick_counter.o
 .debug_macro   0x000131bb       0x43 src/ASF/common2/services/delay/sam0/systick_counter.o
 .debug_macro   0x000131fe       0x20 src/ASF/common2/services/delay/sam0/systick_counter.o
 .debug_macro   0x0001321e      0x187 src/ASF/common2/services/delay/sam0/systick_counter.o
 .debug_macro   0x000133a5       0x10 src/ASF/common2/services/delay/sam0/systick_counter.o
 .debug_macro   0x000133b5       0x1c src/ASF/common2/services/delay/sam0/systick_counter.o
 .debug_macro   0x000133d1       0x52 src/ASF/common2/services/delay/sam0/systick_counter.o
 .debug_macro   0x00013423       0x40 src/ASF/common2/services/delay/sam0/systick_counter.o
 .debug_macro   0x00013463       0x10 src/ASF/common2/services/delay/sam0/systick_counter.o
 .debug_macro   0x00013473       0x40 src/ASF/common2/services/delay/sam0/systick_counter.o
 .debug_macro   0x000134b3       0xd7 src/ASF/common2/services/delay/sam0/systick_counter.o
 .debug_macro   0x0001358a       0x16 src/ASF/common2/services/delay/sam0/systick_counter.o
 .debug_macro   0x000135a0      0x18b src/ASF/common2/services/delay/sam0/systick_counter.o
 .debug_macro   0x0001372b       0x16 src/ASF/common2/services/delay/sam0/systick_counter.o
 .debug_macro   0x00013741       0x16 src/ASF/common2/services/delay/sam0/systick_counter.o
 .debug_macro   0x00013757       0x29 src/ASF/common2/services/delay/sam0/systick_counter.o
 .debug_macro   0x00013780       0x51 src/ASF/common2/services/delay/sam0/systick_counter.o
 .debug_macro   0x000137d1       0x3e src/ASF/common2/services/delay/sam0/systick_counter.o
 .debug_macro   0x0001380f      0x3df src/ASF/common2/services/delay/sam0/systick_counter.o
 .debug_macro   0x00013bee       0x11 src/ASF/common2/services/delay/sam0/systick_counter.o
 .debug_macro   0x00013bff       0x16 src/ASF/common2/services/delay/sam0/systick_counter.o
 .debug_macro   0x00013c15       0x16 src/ASF/common2/services/delay/sam0/systick_counter.o
 .debug_macro   0x00013c2b      0x5ba src/ASF/sam0/drivers/sercom/i2c/i2c_sam0/i2c_master.o
 .debug_macro   0x000141e5       0x18 src/ASF/sam0/drivers/sercom/i2c/i2c_sam0/i2c_master.o
 .debug_macro   0x000141fd       0x16 src/ASF/sam0/drivers/sercom/i2c/i2c_sam0/i2c_master.o
 .debug_macro   0x00014213       0x2e src/ASF/sam0/drivers/sercom/i2c/i2c_sam0/i2c_master.o
 .debug_macro   0x00014241       0xb2 src/ASF/sam0/drivers/sercom/i2c/i2c_sam0/i2c_master.o
 .debug_macro   0x000142f3       0x10 src/ASF/sam0/drivers/sercom/i2c/i2c_sam0/i2c_master.o
 .debug_macro   0x00014303       0x27 src/ASF/sam0/drivers/sercom/i2c/i2c_sam0/i2c_master.o
 .debug_macro   0x0001432a      0x5b6 src/ASF/sam0/drivers/sercom/i2c/i2c_sam0/i2c_master_interrupt.o
 .debug_macro   0x000148e0      0x5b9 src/ASF/sam0/drivers/sercom/i2c/i2c_sam0/i2c_slave.o
 .debug_macro   0x00014e99       0x40 src/ASF/sam0/drivers/sercom/i2c/i2c_sam0/i2c_slave.o
 .debug_macro   0x00014ed9      0x5b5 src/ASF/sam0/drivers/sercom/i2c/i2c_sam0/i2c_slave_interrupt.o
 .debug_macro   0x0001548e      0x598 src/ASF/sam0/drivers/sercom/sercom.o
 .debug_macro   0x00015a26      0x5dc src/ASF/sam0/drivers/sercom/spi/spi.o
 .debug_macro   0x00016002       0x12 src/ASF/sam0/drivers/sercom/spi/spi.o
 .debug_macro   0x00016014       0x16 src/ASF/sam0/drivers/sercom/spi/spi.o
 .debug_macro   0x0001602a       0x16 src/ASF/sam0/drivers/sercom/spi/spi.o
 .debug_macro   0x00016040       0x35 src/ASF/sam0/drivers/sercom/spi/spi.o
 .debug_macro   0x00016075      0x5e7 src/ASF/sam0/drivers/sercom/spi/spi_interrupt.o
 .debug_macro   0x0001665c      0x5a9 src/ASF/sam0/drivers/sercom/usart/usart.o
 .debug_macro   0x00016c05       0x51 src/ASF/sam0/drivers/sercom/usart/usart.o
 .debug_macro   0x00016c56      0x5a9 src/ASF/sam0/drivers/sercom/usart/usart_interrupt.o
 .debug_macro   0x000171ff      0x595 src/ASF/sam0/drivers/sercom/sercom_interrupt.o
 .debug_macro   0x00017794      0x50b src/ASF/common/utils/interrupt/interrupt_sam_nvic.o
 .debug_macro   0x00017c9f      0x547 src/ASF/sam0/boards/samw25_xplained_pro/board_init.o
 .debug_macro   0x000181e6      0x2df src/ASF/sam0/boards/samw25_xplained_pro/board_init.o
 .debug_macro   0x000184c5      0x6ce src/ASF/sam0/boards/samw25_xplained_pro/board_init.o
 .debug_macro   0x00018b93      0x525 src/ASF/sam0/drivers/port/port.o
 .debug_macro   0x000190b8      0x58a src/ASF/sam0/drivers/system/clock/clock_samd21_r21_da_ha1/clock.o
 .debug_macro   0x00019642      0x291 src/ASF/sam0/drivers/system/clock/clock_samd21_r21_da_ha1/clock.o
 .debug_macro   0x000198d3      0x541 src/ASF/sam0/drivers/system/clock/clock_samd21_r21_da_ha1/gclk.o
 .debug_macro   0x00019e14      0x51b src/ASF/sam0/drivers/system/pinmux/pinmux.o
 .debug_macro   0x0001a32f       0x12 src/ASF/sam0/drivers/system/pinmux/pinmux.o
 .debug_macro   0x0001a341      0x54e src/ASF/sam0/drivers/system/system.o
 .debug_macro   0x0001a88f      0x2f2 src/ASF/sam0/utils/cmsis/samd21/source/gcc/startup_samd21.o
 .debug_macro   0x0001ab81       0x3a src/ASF/sam0/utils/cmsis/samd21/source/gcc/startup_samd21.o
 .debug_macro   0x0001abbb      0x6c2 src/main.o
 .debug_macro   0x0001b27d       0x2d src/main.o
 .debug_macro   0x0001b2aa       0x40 src/main.o
 .debug_macro   0x0001b2ea       0x2e src/main.o
 .debug_macro   0x0001b318       0x49 src/main.o

.debug_line     0x00000000     0xf223
 .debug_line    0x00000000      0x9cf src/ASF/common2/services/delay/sam0/systick_counter.o
 .debug_line    0x000009cf      0xe5c src/ASF/sam0/drivers/sercom/i2c/i2c_sam0/i2c_master.o
 .debug_line    0x0000182b      0xdd7 src/ASF/sam0/drivers/sercom/i2c/i2c_sam0/i2c_master_interrupt.o
 .debug_line    0x00002602      0xdb2 src/ASF/sam0/drivers/sercom/i2c/i2c_sam0/i2c_slave.o
 .debug_line    0x000033b4      0xd64 src/ASF/sam0/drivers/sercom/i2c/i2c_sam0/i2c_slave_interrupt.o
 .debug_line    0x00004118      0xbde src/ASF/sam0/drivers/sercom/sercom.o
 .debug_line    0x00004cf6     0x1375 src/ASF/sam0/drivers/sercom/spi/spi.o
 .debug_line    0x0000606b      0xd28 src/ASF/sam0/drivers/sercom/spi/spi_interrupt.o
 .debug_line    0x00006d93      0xd15 src/ASF/sam0/drivers/sercom/usart/usart.o
 .debug_line    0x00007aa8      0xcd8 src/ASF/sam0/drivers/sercom/usart/usart_interrupt.o
 .debug_line    0x00008780      0xb82 src/ASF/sam0/drivers/sercom/sercom_interrupt.o
 .debug_line    0x00009302      0x8d3 src/ASF/common/utils/interrupt/interrupt_sam_nvic.o
 .debug_line    0x00009bd5      0x97e src/ASF/sam0/boards/samw25_xplained_pro/board_init.o
 .debug_line    0x0000a553      0x905 src/ASF/sam0/drivers/port/port.o
 .debug_line    0x0000ae58      0xcc8 src/ASF/sam0/drivers/system/clock/clock_samd21_r21_da_ha1/clock.o
 .debug_line    0x0000bb20      0xc81 src/ASF/sam0/drivers/system/clock/clock_samd21_r21_da_ha1/gclk.o
 .debug_line    0x0000c7a1      0x952 src/ASF/sam0/drivers/system/pinmux/pinmux.o
 .debug_line    0x0000d0f3      0x9fc src/ASF/sam0/drivers/system/system.o
 .debug_line    0x0000daef      0x657 src/ASF/sam0/utils/cmsis/samd21/source/gcc/startup_samd21.o
 .debug_line    0x0000e146     0x10dd src/main.o

.debug_str      0x00000000    0x8bb52
 .debug_str     0x00000000    0x8066d src/ASF/common2/services/delay/sam0/systick_counter.o
                              0x80f2c (size before relaxing)
 .debug_str     0x0008066d     0x2485 src/ASF/sam0/drivers/sercom/i2c/i2c_sam0/i2c_master.o
                              0x83366 (size before relaxing)
 .debug_str     0x00082af2      0x264 src/ASF/sam0/drivers/sercom/i2c/i2c_sam0/i2c_master_interrupt.o
                              0x8233e (size before relaxing)
 .debug_str     0x00082d56      0x576 src/ASF/sam0/drivers/sercom/i2c/i2c_sam0/i2c_slave.o
                              0x83325 (size before relaxing)
 .debug_str     0x000832cc      0x25e src/ASF/sam0/drivers/sercom/i2c/i2c_sam0/i2c_slave_interrupt.o
                              0x82424 (size before relaxing)
 .debug_str     0x0008352a      0x4af src/ASF/sam0/drivers/sercom/sercom.o
                              0x823fd (size before relaxing)
 .debug_str     0x000839d9      0xbd6 src/ASF/sam0/drivers/sercom/spi/spi.o
                              0x837c8 (size before relaxing)
 .debug_str     0x000845af      0x192 src/ASF/sam0/drivers/sercom/spi/spi_interrupt.o
                              0x826aa (size before relaxing)
 .debug_str     0x00084741      0x861 src/ASF/sam0/drivers/sercom/usart/usart.o
                              0x831c8 (size before relaxing)
 .debug_str     0x00084fa2      0x16b src/ASF/sam0/drivers/sercom/usart/usart_interrupt.o
                              0x8240e (size before relaxing)
 .debug_str     0x0008510d      0x158 src/ASF/sam0/drivers/sercom/sercom_interrupt.o
                              0x82260 (size before relaxing)
 .debug_str     0x00085265       0x66 src/ASF/common/utils/interrupt/interrupt_sam_nvic.o
                              0x80d1c (size before relaxing)
 .debug_str     0x000852cb     0x295a src/ASF/sam0/boards/samw25_xplained_pro/board_init.o
                              0x838da (size before relaxing)
 .debug_str     0x00087c25       0x5e src/ASF/sam0/drivers/port/port.o
                              0x81148 (size before relaxing)
 .debug_str     0x00087c83     0x2857 src/ASF/sam0/drivers/system/clock/clock_samd21_r21_da_ha1/clock.o
                              0x83f73 (size before relaxing)
 .debug_str     0x0008a4da      0x1e3 src/ASF/sam0/drivers/system/clock/clock_samd21_r21_da_ha1/gclk.o
                              0x819df (size before relaxing)
 .debug_str     0x0008a6bd      0x179 src/ASF/sam0/drivers/system/pinmux/pinmux.o
                              0x811be (size before relaxing)
 .debug_str     0x0008a836       0x47 src/ASF/sam0/drivers/system/system.o
                              0x80df9 (size before relaxing)
 .debug_str     0x0008a87d      0xf21 src/ASF/sam0/utils/cmsis/samd21/source/gcc/startup_samd21.o
                              0x6bdac (size before relaxing)
 .debug_str     0x0008b79e      0x3b4 src/main.o
                              0x8721b (size before relaxing)

.debug_frame    0x00000000     0x1220
 .debug_frame   0x00000000       0x64 src/ASF/common2/services/delay/sam0/systick_counter.o
 .debug_frame   0x00000064      0x1f0 src/ASF/sam0/drivers/sercom/i2c/i2c_sam0/i2c_master.o
 .debug_frame   0x00000254      0x170 src/ASF/sam0/drivers/sercom/i2c/i2c_sam0/i2c_master_interrupt.o
 .debug_frame   0x000003c4      0x120 src/ASF/sam0/drivers/sercom/i2c/i2c_sam0/i2c_slave.o
 .debug_frame   0x000004e4       0x9c src/ASF/sam0/drivers/sercom/i2c/i2c_sam0/i2c_slave_interrupt.o
 .debug_frame   0x00000580       0xbc src/ASF/sam0/drivers/sercom/sercom.o
 .debug_frame   0x0000063c      0x120 src/ASF/sam0/drivers/sercom/spi/spi.o
 .debug_frame   0x0000075c       0xb0 src/ASF/sam0/drivers/sercom/spi/spi_interrupt.o
 .debug_frame   0x0000080c       0xac src/ASF/sam0/drivers/sercom/usart/usart.o
 .debug_frame   0x000008b8      0x110 src/ASF/sam0/drivers/sercom/usart/usart_interrupt.o
 .debug_frame   0x000009c8       0xe8 src/ASF/sam0/drivers/sercom/sercom_interrupt.o
 .debug_frame   0x00000ab0       0x30 src/ASF/common/utils/interrupt/interrupt_sam_nvic.o
 .debug_frame   0x00000ae0       0x30 src/ASF/sam0/boards/samw25_xplained_pro/board_init.o
 .debug_frame   0x00000b10       0x44 src/ASF/sam0/drivers/port/port.o
 .debug_frame   0x00000b54      0x150 src/ASF/sam0/drivers/system/clock/clock_samd21_r21_da_ha1/clock.o
 .debug_frame   0x00000ca4      0x148 src/ASF/sam0/drivers/system/clock/clock_samd21_r21_da_ha1/gclk.o
 .debug_frame   0x00000dec       0x98 src/ASF/sam0/drivers/system/pinmux/pinmux.o
 .debug_frame   0x00000e84       0x38 src/ASF/sam0/drivers/system/system.o
 .debug_frame   0x00000ebc       0x40 src/ASF/sam0/utils/cmsis/samd21/source/gcc/startup_samd21.o
 .debug_frame   0x00000efc      0x124 src/main.o
 .debug_frame   0x00001020       0x20 c:/program files (x86)/atmel/studio/7.0/toolchain/arm/arm-gnu-toolchain/bin/../lib/gcc/arm-none-eabi/6.3.1/thumb/v6-m\libgcc.a(_udivsi3.o)
 .debug_frame   0x00001040       0x34 c:/program files (x86)/atmel/studio/7.0/toolchain/arm/arm-gnu-toolchain/bin/../lib/gcc/arm-none-eabi/6.3.1/thumb/v6-m\libgcc.a(_muldi3.o)
 .debug_frame   0x00001074       0x3c c:/program files (x86)/atmel/studio/7.0/toolchain/arm/arm-gnu-toolchain/bin/../lib/gcc/arm-none-eabi/6.3.1/thumb/v6-m\libgcc.a(adddf3.o)
 .debug_frame   0x000010b0       0x3c c:/program files (x86)/atmel/studio/7.0/toolchain/arm/arm-gnu-toolchain/bin/../lib/gcc/arm-none-eabi/6.3.1/thumb/v6-m\libgcc.a(divdf3.o)
 .debug_frame   0x000010ec       0x3c c:/program files (x86)/atmel/studio/7.0/toolchain/arm/arm-gnu-toolchain/bin/../lib/gcc/arm-none-eabi/6.3.1/thumb/v6-m\libgcc.a(muldf3.o)
 .debug_frame   0x00001128       0x38 c:/program files (x86)/atmel/studio/7.0/toolchain/arm/arm-gnu-toolchain/bin/../lib/gcc/arm-none-eabi/6.3.1/thumb/v6-m\libgcc.a(subdf3.o)
 .debug_frame   0x00001160       0x2c c:/program files (x86)/atmel/studio/7.0/toolchain/arm/arm-gnu-toolchain/bin/../lib/gcc/arm-none-eabi/6.3.1/thumb/v6-m\libgcc.a(fixdfsi.o)
 .debug_frame   0x0000118c       0x28 c:/program files (x86)/atmel/studio/7.0/toolchain/arm/arm-gnu-toolchain/bin/../lib/gcc/arm-none-eabi/6.3.1/thumb/v6-m\libgcc.a(floatunsidf.o)
 .debug_frame   0x000011b4       0x2c c:/program files (x86)/atmel/studio/7.0/toolchain/arm/arm-gnu-toolchain/bin/../lib/gcc/arm-none-eabi/6.3.1/../../../../arm-none-eabi/lib/thumb/v6-m\libc_nano.a(lib_a-init.o)
 .debug_frame   0x000011e0       0x20 c:/program files (x86)/atmel/studio/7.0/toolchain/arm/arm-gnu-toolchain/bin/../lib/gcc/arm-none-eabi/6.3.1/../../../../arm-none-eabi/lib/thumb/v6-m\libc_nano.a(lib_a-memset.o)
 .debug_frame   0x00001200       0x20 c:/program files (x86)/atmel/studio/7.0/toolchain/arm/arm-gnu-toolchain/bin/../lib/gcc/arm-none-eabi/6.3.1/../../../../arm-none-eabi/lib/thumb/v6-m\libc_nano.a(lib_a-strcmp.o)

Cross Reference Table

Symbol                                            File
AC_Handler                                        src/ASF/sam0/utils/cmsis/samd21/source/gcc/startup_samd21.o
ADC_Handler                                       src/ASF/sam0/utils/cmsis/samd21/source/gcc/startup_samd21.o
DAC_Handler                                       src/ASF/sam0/utils/cmsis/samd21/source/gcc/startup_samd21.o
DMAC_Handler                                      src/ASF/sam0/utils/cmsis/samd21/source/gcc/startup_samd21.o
Dummy_Handler                                     src/ASF/sam0/utils/cmsis/samd21/source/gcc/startup_samd21.o
EIC_Handler                                       src/ASF/sam0/utils/cmsis/samd21/source/gcc/startup_samd21.o
EVSYS_Handler                                     src/ASF/sam0/utils/cmsis/samd21/source/gcc/startup_samd21.o
HardFault_Handler                                 src/ASF/sam0/utils/cmsis/samd21/source/gcc/startup_samd21.o
I2S_Handler                                       src/ASF/sam0/utils/cmsis/samd21/source/gcc/startup_samd21.o
NMI_Handler                                       src/ASF/sam0/utils/cmsis/samd21/source/gcc/startup_samd21.o
NVMCTRL_Handler                                   src/ASF/sam0/utils/cmsis/samd21/source/gcc/startup_samd21.o
PM_Handler                                        src/ASF/sam0/utils/cmsis/samd21/source/gcc/startup_samd21.o
PTC_Handler                                       src/ASF/sam0/utils/cmsis/samd21/source/gcc/startup_samd21.o
PendSV_Handler                                    src/ASF/sam0/utils/cmsis/samd21/source/gcc/startup_samd21.o
RTC_Handler                                       src/ASF/sam0/utils/cmsis/samd21/source/gcc/startup_samd21.o
Reset_Handler                                     src/ASF/sam0/utils/cmsis/samd21/source/gcc/startup_samd21.o
SERCOM0_Handler                                   src/ASF/sam0/drivers/sercom/sercom_interrupt.o
SERCOM1_Handler                                   src/ASF/sam0/drivers/sercom/sercom_interrupt.o
SERCOM2_Handler                                   src/ASF/sam0/drivers/sercom/sercom_interrupt.o
SERCOM3_Handler                                   src/ASF/sam0/drivers/sercom/sercom_interrupt.o
SERCOM4_Handler                                   src/ASF/sam0/drivers/sercom/sercom_interrupt.o
SERCOM5_Handler                                   src/ASF/sam0/drivers/sercom/sercom_interrupt.o
SVC_Handler                                       src/ASF/sam0/utils/cmsis/samd21/source/gcc/startup_samd21.o
SYSCTRL_Handler                                   src/ASF/sam0/utils/cmsis/samd21/source/gcc/startup_samd21.o
SysTick_Handler                                   src/ASF/sam0/utils/cmsis/samd21/source/gcc/startup_samd21.o
SystemCoreClock                                   src/ASF/sam0/utils/cmsis/samd21/source/system_samd21.o
SystemCoreClockUpdate                             src/ASF/sam0/utils/cmsis/samd21/source/system_samd21.o
SystemInit                                        src/ASF/sam0/utils/cmsis/samd21/source/system_samd21.o
TC3_Handler                                       src/ASF/sam0/utils/cmsis/samd21/source/gcc/startup_samd21.o
TC4_Handler                                       src/ASF/sam0/utils/cmsis/samd21/source/gcc/startup_samd21.o
TC5_Handler                                       src/ASF/sam0/utils/cmsis/samd21/source/gcc/startup_samd21.o
TCC0_Handler                                      src/ASF/sam0/utils/cmsis/samd21/source/gcc/startup_samd21.o
TCC1_Handler                                      src/ASF/sam0/utils/cmsis/samd21/source/gcc/startup_samd21.o
TCC2_Handler                                      src/ASF/sam0/utils/cmsis/samd21/source/gcc/startup_samd21.o
USB_Handler                                       src/ASF/sam0/utils/cmsis/samd21/source/gcc/startup_samd21.o
WDT_Handler                                       src/ASF/sam0/utils/cmsis/samd21/source/gcc/startup_samd21.o
_Jv_RegisterClasses                               c:/program files (x86)/atmel/studio/7.0/toolchain/arm/arm-gnu-toolchain/bin/../lib/gcc/arm-none-eabi/6.3.1/thumb/v6-m/crtbegin.o
__aeabi_d2iz                                      c:/program files (x86)/atmel/studio/7.0/toolchain/arm/arm-gnu-toolchain/bin/../lib/gcc/arm-none-eabi/6.3.1/thumb/v6-m\libgcc.a(fixdfsi.o)
                                                  src/ASF/sam0/drivers/sercom/i2c/i2c_sam0/i2c_master.o
__aeabi_dadd                                      c:/program files (x86)/atmel/studio/7.0/toolchain/arm/arm-gnu-toolchain/bin/../lib/gcc/arm-none-eabi/6.3.1/thumb/v6-m\libgcc.a(adddf3.o)
                                                  src/ASF/sam0/drivers/sercom/i2c/i2c_sam0/i2c_master.o
__aeabi_ddiv                                      c:/program files (x86)/atmel/studio/7.0/toolchain/arm/arm-gnu-toolchain/bin/../lib/gcc/arm-none-eabi/6.3.1/thumb/v6-m\libgcc.a(divdf3.o)
                                                  src/ASF/sam0/drivers/sercom/i2c/i2c_sam0/i2c_master.o
__aeabi_dmul                                      c:/program files (x86)/atmel/studio/7.0/toolchain/arm/arm-gnu-toolchain/bin/../lib/gcc/arm-none-eabi/6.3.1/thumb/v6-m\libgcc.a(muldf3.o)
                                                  src/ASF/sam0/drivers/sercom/i2c/i2c_sam0/i2c_master.o
__aeabi_dsub                                      c:/program files (x86)/atmel/studio/7.0/toolchain/arm/arm-gnu-toolchain/bin/../lib/gcc/arm-none-eabi/6.3.1/thumb/v6-m\libgcc.a(subdf3.o)
                                                  src/ASF/sam0/drivers/sercom/i2c/i2c_sam0/i2c_master.o
__aeabi_idiv0                                     c:/program files (x86)/atmel/studio/7.0/toolchain/arm/arm-gnu-toolchain/bin/../lib/gcc/arm-none-eabi/6.3.1/thumb/v6-m\libgcc.a(_dvmd_tls.o)
                                                  c:/program files (x86)/atmel/studio/7.0/toolchain/arm/arm-gnu-toolchain/bin/../lib/gcc/arm-none-eabi/6.3.1/thumb/v6-m\libgcc.a(_udivsi3.o)
__aeabi_ldiv0                                     c:/program files (x86)/atmel/studio/7.0/toolchain/arm/arm-gnu-toolchain/bin/../lib/gcc/arm-none-eabi/6.3.1/thumb/v6-m\libgcc.a(_dvmd_tls.o)
__aeabi_lmul                                      c:/program files (x86)/atmel/studio/7.0/toolchain/arm/arm-gnu-toolchain/bin/../lib/gcc/arm-none-eabi/6.3.1/thumb/v6-m\libgcc.a(_muldi3.o)
                                                  src/ASF/sam0/drivers/sercom/sercom.o
__aeabi_ui2d                                      c:/program files (x86)/atmel/studio/7.0/toolchain/arm/arm-gnu-toolchain/bin/../lib/gcc/arm-none-eabi/6.3.1/thumb/v6-m\libgcc.a(floatunsidf.o)
                                                  src/ASF/sam0/drivers/sercom/i2c/i2c_sam0/i2c_master.o
__aeabi_uidiv                                     c:/program files (x86)/atmel/studio/7.0/toolchain/arm/arm-gnu-toolchain/bin/../lib/gcc/arm-none-eabi/6.3.1/thumb/v6-m\libgcc.a(_udivsi3.o)
                                                  c:/program files (x86)/atmel/studio/7.0/toolchain/arm/arm-gnu-toolchain/bin/../lib/gcc/arm-none-eabi/6.3.1/thumb/v6-m\libgcc.a(divdf3.o)
                                                  src/ASF/sam0/drivers/system/clock/clock_samd21_r21_da_ha1/gclk.o
                                                  src/ASF/sam0/drivers/system/clock/clock_samd21_r21_da_ha1/clock.o
                                                  src/ASF/sam0/drivers/sercom/i2c/i2c_sam0/i2c_master.o
                                                  src/ASF/common2/services/delay/sam0/systick_counter.o
__aeabi_uidivmod                                  c:/program files (x86)/atmel/studio/7.0/toolchain/arm/arm-gnu-toolchain/bin/../lib/gcc/arm-none-eabi/6.3.1/thumb/v6-m\libgcc.a(_udivsi3.o)
                                                  c:/program files (x86)/atmel/studio/7.0/toolchain/arm/arm-gnu-toolchain/bin/../lib/gcc/arm-none-eabi/6.3.1/thumb/v6-m\libgcc.a(divdf3.o)
__bss_end__                                       c:/program files (x86)/atmel/studio/7.0/toolchain/arm/arm-gnu-toolchain/bin/../lib/gcc/arm-none-eabi/6.3.1/../../../../arm-none-eabi/lib/thumb/v6-m/crt0.o
__bss_start__                                     c:/program files (x86)/atmel/studio/7.0/toolchain/arm/arm-gnu-toolchain/bin/../lib/gcc/arm-none-eabi/6.3.1/../../../../arm-none-eabi/lib/thumb/v6-m/crt0.o
__call_exitprocs                                  c:/program files (x86)/atmel/studio/7.0/toolchain/arm/arm-gnu-toolchain/bin/../lib/gcc/arm-none-eabi/6.3.1/../../../../arm-none-eabi/lib/thumb/v6-m\libc_nano.a(lib_a-exit.o)
__clzsi2                                          c:/program files (x86)/atmel/studio/7.0/toolchain/arm/arm-gnu-toolchain/bin/../lib/gcc/arm-none-eabi/6.3.1/thumb/v6-m\libgcc.a(_clzsi2.o)
                                                  c:/program files (x86)/atmel/studio/7.0/toolchain/arm/arm-gnu-toolchain/bin/../lib/gcc/arm-none-eabi/6.3.1/thumb/v6-m\libgcc.a(floatunsidf.o)
                                                  c:/program files (x86)/atmel/studio/7.0/toolchain/arm/arm-gnu-toolchain/bin/../lib/gcc/arm-none-eabi/6.3.1/thumb/v6-m\libgcc.a(subdf3.o)
                                                  c:/program files (x86)/atmel/studio/7.0/toolchain/arm/arm-gnu-toolchain/bin/../lib/gcc/arm-none-eabi/6.3.1/thumb/v6-m\libgcc.a(muldf3.o)
                                                  c:/program files (x86)/atmel/studio/7.0/toolchain/arm/arm-gnu-toolchain/bin/../lib/gcc/arm-none-eabi/6.3.1/thumb/v6-m\libgcc.a(divdf3.o)
                                                  c:/program files (x86)/atmel/studio/7.0/toolchain/arm/arm-gnu-toolchain/bin/../lib/gcc/arm-none-eabi/6.3.1/thumb/v6-m\libgcc.a(adddf3.o)
__deregister_frame_info                           c:/program files (x86)/atmel/studio/7.0/toolchain/arm/arm-gnu-toolchain/bin/../lib/gcc/arm-none-eabi/6.3.1/thumb/v6-m/crtbegin.o
__dso_handle                                      c:/program files (x86)/atmel/studio/7.0/toolchain/arm/arm-gnu-toolchain/bin/../lib/gcc/arm-none-eabi/6.3.1/thumb/v6-m/crtbegin.o
__init_array_end                                  c:/program files (x86)/atmel/studio/7.0/toolchain/arm/arm-gnu-toolchain/bin/../lib/gcc/arm-none-eabi/6.3.1/../../../../arm-none-eabi/lib/thumb/v6-m\libc_nano.a(lib_a-init.o)
__init_array_start                                c:/program files (x86)/atmel/studio/7.0/toolchain/arm/arm-gnu-toolchain/bin/../lib/gcc/arm-none-eabi/6.3.1/../../../../arm-none-eabi/lib/thumb/v6-m\libc_nano.a(lib_a-init.o)
__libc_fini_array                                 c:/program files (x86)/atmel/studio/7.0/toolchain/arm/arm-gnu-toolchain/bin/../lib/gcc/arm-none-eabi/6.3.1/../../../../arm-none-eabi/lib/thumb/v6-m/crt0.o
__libc_init_array                                 c:/program files (x86)/atmel/studio/7.0/toolchain/arm/arm-gnu-toolchain/bin/../lib/gcc/arm-none-eabi/6.3.1/../../../../arm-none-eabi/lib/thumb/v6-m\libc_nano.a(lib_a-init.o)
                                                  src/ASF/sam0/utils/cmsis/samd21/source/gcc/startup_samd21.o
                                                  c:/program files (x86)/atmel/studio/7.0/toolchain/arm/arm-gnu-toolchain/bin/../lib/gcc/arm-none-eabi/6.3.1/../../../../arm-none-eabi/lib/thumb/v6-m/crt0.o
__muldi3                                          c:/program files (x86)/atmel/studio/7.0/toolchain/arm/arm-gnu-toolchain/bin/../lib/gcc/arm-none-eabi/6.3.1/thumb/v6-m\libgcc.a(_muldi3.o)
__preinit_array_end                               c:/program files (x86)/atmel/studio/7.0/toolchain/arm/arm-gnu-toolchain/bin/../lib/gcc/arm-none-eabi/6.3.1/../../../../arm-none-eabi/lib/thumb/v6-m\libc_nano.a(lib_a-init.o)
__preinit_array_start                             c:/program files (x86)/atmel/studio/7.0/toolchain/arm/arm-gnu-toolchain/bin/../lib/gcc/arm-none-eabi/6.3.1/../../../../arm-none-eabi/lib/thumb/v6-m\libc_nano.a(lib_a-init.o)
__register_frame_info                             c:/program files (x86)/atmel/studio/7.0/toolchain/arm/arm-gnu-toolchain/bin/../lib/gcc/arm-none-eabi/6.3.1/thumb/v6-m/crtbegin.o
__sf_fake_stderr                                  c:/program files (x86)/atmel/studio/7.0/toolchain/arm/arm-gnu-toolchain/bin/../lib/gcc/arm-none-eabi/6.3.1/../../../../arm-none-eabi/lib/thumb/v6-m\libc_nano.a(lib_a-impure.o)
__sf_fake_stdin                                   c:/program files (x86)/atmel/studio/7.0/toolchain/arm/arm-gnu-toolchain/bin/../lib/gcc/arm-none-eabi/6.3.1/../../../../arm-none-eabi/lib/thumb/v6-m\libc_nano.a(lib_a-impure.o)
__sf_fake_stdout                                  c:/program files (x86)/atmel/studio/7.0/toolchain/arm/arm-gnu-toolchain/bin/../lib/gcc/arm-none-eabi/6.3.1/../../../../arm-none-eabi/lib/thumb/v6-m\libc_nano.a(lib_a-impure.o)
__stack                                           c:/program files (x86)/atmel/studio/7.0/toolchain/arm/arm-gnu-toolchain/bin/../lib/gcc/arm-none-eabi/6.3.1/../../../../arm-none-eabi/lib/thumb/v6-m/crt0.o
__udivsi3                                         c:/program files (x86)/atmel/studio/7.0/toolchain/arm/arm-gnu-toolchain/bin/../lib/gcc/arm-none-eabi/6.3.1/thumb/v6-m\libgcc.a(_udivsi3.o)
_close                                            src/ASF/sam0/utils/syscalls/gcc/syscalls.o
_end                                              src/ASF/sam0/utils/syscalls/gcc/syscalls.o
_erelocate                                        src/ASF/sam0/utils/cmsis/samd21/source/gcc/startup_samd21.o
_estack                                           src/ASF/sam0/utils/cmsis/samd21/source/gcc/startup_samd21.o
_etext                                            src/ASF/sam0/utils/cmsis/samd21/source/gcc/startup_samd21.o
_exit                                             src/ASF/sam0/utils/syscalls/gcc/syscalls.o
                                                  c:/program files (x86)/atmel/studio/7.0/toolchain/arm/arm-gnu-toolchain/bin/../lib/gcc/arm-none-eabi/6.3.1/../../../../arm-none-eabi/lib/thumb/v6-m\libc_nano.a(lib_a-exit.o)
_ezero                                            src/ASF/sam0/utils/cmsis/samd21/source/gcc/startup_samd21.o
_fini                                             c:/program files (x86)/atmel/studio/7.0/toolchain/arm/arm-gnu-toolchain/bin/../lib/gcc/arm-none-eabi/6.3.1/thumb/v6-m/crti.o
_fstat                                            src/ASF/sam0/utils/syscalls/gcc/syscalls.o
_getpid                                           src/ASF/sam0/utils/syscalls/gcc/syscalls.o
_global_impure_ptr                                c:/program files (x86)/atmel/studio/7.0/toolchain/arm/arm-gnu-toolchain/bin/../lib/gcc/arm-none-eabi/6.3.1/../../../../arm-none-eabi/lib/thumb/v6-m\libc_nano.a(lib_a-impure.o)
                                                  c:/program files (x86)/atmel/studio/7.0/toolchain/arm/arm-gnu-toolchain/bin/../lib/gcc/arm-none-eabi/6.3.1/../../../../arm-none-eabi/lib/thumb/v6-m\libc_nano.a(lib_a-exit.o)
_i2c_master_address_response                      src/ASF/sam0/drivers/sercom/i2c/i2c_sam0/i2c_master.o
                                                  src/ASF/sam0/drivers/sercom/i2c/i2c_sam0/i2c_master_interrupt.o
_i2c_master_interrupt_handler                     src/ASF/sam0/drivers/sercom/i2c/i2c_sam0/i2c_master_interrupt.o
                                                  src/ASF/sam0/drivers/sercom/i2c/i2c_sam0/i2c_master.o
_i2c_master_send_hs_master_code                   src/ASF/sam0/drivers/sercom/i2c/i2c_sam0/i2c_master.o
                                                  src/ASF/sam0/drivers/sercom/i2c/i2c_sam0/i2c_master_interrupt.o
_i2c_master_wait_for_bus                          src/ASF/sam0/drivers/sercom/i2c/i2c_sam0/i2c_master.o
                                                  src/ASF/sam0/drivers/sercom/i2c/i2c_sam0/i2c_master_interrupt.o
_i2c_slave_interrupt_handler                      src/ASF/sam0/drivers/sercom/i2c/i2c_sam0/i2c_slave_interrupt.o
                                                  src/ASF/sam0/drivers/sercom/i2c/i2c_sam0/i2c_slave.o
_impure_ptr                                       c:/program files (x86)/atmel/studio/7.0/toolchain/arm/arm-gnu-toolchain/bin/../lib/gcc/arm-none-eabi/6.3.1/../../../../arm-none-eabi/lib/thumb/v6-m\libc_nano.a(lib_a-impure.o)
_init                                             c:/program files (x86)/atmel/studio/7.0/toolchain/arm/arm-gnu-toolchain/bin/../lib/gcc/arm-none-eabi/6.3.1/thumb/v6-m/crti.o
                                                  c:/program files (x86)/atmel/studio/7.0/toolchain/arm/arm-gnu-toolchain/bin/../lib/gcc/arm-none-eabi/6.3.1/../../../../arm-none-eabi/lib/thumb/v6-m\libc_nano.a(lib_a-init.o)
_isatty                                           src/ASF/sam0/utils/syscalls/gcc/syscalls.o
_kill                                             src/ASF/sam0/utils/syscalls/gcc/syscalls.o
_lseek                                            src/ASF/sam0/utils/syscalls/gcc/syscalls.o
_mainCRTStartup                                   c:/program files (x86)/atmel/studio/7.0/toolchain/arm/arm-gnu-toolchain/bin/../lib/gcc/arm-none-eabi/6.3.1/../../../../arm-none-eabi/lib/thumb/v6-m/crt0.o
_sbrk                                             src/ASF/sam0/utils/syscalls/gcc/syscalls.o
_sercom_get_async_baud_val                        src/ASF/sam0/drivers/sercom/sercom.o
                                                  src/ASF/sam0/drivers/sercom/usart/usart.o
_sercom_get_default_pad                           src/ASF/sam0/drivers/sercom/sercom.o
                                                  src/ASF/sam0/drivers/sercom/usart/usart.o
                                                  src/ASF/sam0/drivers/sercom/spi/spi.o
                                                  src/ASF/sam0/drivers/sercom/i2c/i2c_sam0/i2c_slave.o
                                                  src/ASF/sam0/drivers/sercom/i2c/i2c_sam0/i2c_master.o
_sercom_get_interrupt_vector                      src/ASF/sam0/drivers/sercom/sercom_interrupt.o
                                                  src/main.o
                                                  src/ASF/sam0/drivers/sercom/spi/spi.o
                                                  src/ASF/sam0/drivers/sercom/i2c/i2c_sam0/i2c_slave.o
                                                  src/ASF/sam0/drivers/sercom/i2c/i2c_sam0/i2c_master.o
_sercom_get_sercom_inst_index                     src/ASF/sam0/drivers/sercom/sercom.o
                                                  src/ASF/sam0/drivers/sercom/sercom_interrupt.o
                                                  src/ASF/sam0/drivers/sercom/usart/usart.o
                                                  src/ASF/sam0/drivers/sercom/spi/spi.o
                                                  src/ASF/sam0/drivers/sercom/i2c/i2c_sam0/i2c_slave.o
                                                  src/ASF/sam0/drivers/sercom/i2c/i2c_sam0/i2c_master.o
_sercom_get_sync_baud_val                         src/ASF/sam0/drivers/sercom/sercom.o
                                                  src/ASF/sam0/drivers/sercom/usart/usart.o
                                                  src/ASF/sam0/drivers/sercom/spi/spi.o
_sercom_instances                                 src/ASF/sam0/drivers/sercom/sercom_interrupt.o
                                                  src/ASF/sam0/drivers/sercom/usart/usart_interrupt.o
                                                  src/ASF/sam0/drivers/sercom/usart/usart.o
                                                  src/ASF/sam0/drivers/sercom/spi/spi_interrupt.o
                                                  src/ASF/sam0/drivers/sercom/spi/spi.o
                                                  src/ASF/sam0/drivers/sercom/i2c/i2c_sam0/i2c_slave_interrupt.o
                                                  src/ASF/sam0/drivers/sercom/i2c/i2c_sam0/i2c_slave.o
                                                  src/ASF/sam0/drivers/sercom/i2c/i2c_sam0/i2c_master_interrupt.o
                                                  src/ASF/sam0/drivers/sercom/i2c/i2c_sam0/i2c_master.o
_sercom_set_handler                               src/ASF/sam0/drivers/sercom/sercom_interrupt.o
                                                  src/ASF/sam0/drivers/sercom/usart/usart.o
                                                  src/ASF/sam0/drivers/sercom/spi/spi.o
                                                  src/ASF/sam0/drivers/sercom/i2c/i2c_sam0/i2c_slave.o
                                                  src/ASF/sam0/drivers/sercom/i2c/i2c_sam0/i2c_master.o
_sfixed                                           src/ASF/sam0/utils/cmsis/samd21/source/gcc/startup_samd21.o
_spi_interrupt_handler                            src/ASF/sam0/drivers/sercom/spi/spi_interrupt.o
                                                  src/ASF/sam0/drivers/sercom/spi/spi.o
_srelocate                                        src/ASF/sam0/utils/cmsis/samd21/source/gcc/startup_samd21.o
_start                                            c:/program files (x86)/atmel/studio/7.0/toolchain/arm/arm-gnu-toolchain/bin/../lib/gcc/arm-none-eabi/6.3.1/../../../../arm-none-eabi/lib/thumb/v6-m/crt0.o
_system_divas_init                                src/ASF/sam0/drivers/system/system.o
_system_dummy_init                                src/ASF/sam0/drivers/system/system.o
_system_events_init                               src/ASF/sam0/drivers/system/system.o
_system_extint_init                               src/ASF/sam0/drivers/system/system.o
_szero                                            src/ASF/sam0/utils/cmsis/samd21/source/gcc/startup_samd21.o
_usart_interrupt_handler                          src/ASF/sam0/drivers/sercom/usart/usart_interrupt.o
                                                  src/ASF/sam0/drivers/sercom/usart/usart.o
_usart_read_buffer                                src/ASF/sam0/drivers/sercom/usart/usart_interrupt.o
_usart_write_buffer                               src/ASF/sam0/drivers/sercom/usart/usart_interrupt.o
atexit                                            c:/program files (x86)/atmel/studio/7.0/toolchain/arm/arm-gnu-toolchain/bin/../lib/gcc/arm-none-eabi/6.3.1/../../../../arm-none-eabi/lib/thumb/v6-m/crt0.o
blink_led                                         src/main.o
board_init                                        src/ASF/sam0/boards/samw25_xplained_pro/board_init.o
configure_i2c_master                              src/main.o
configure_i2c_slave                               src/main.o
configure_spi_master                              src/main.o
configure_spi_master_no_ss                        src/main.o
configure_spi_slave                               src/main.o
cpu_irq_enter_critical                            src/ASF/common/utils/interrupt/interrupt_sam_nvic.o
                                                  src/ASF/sam0/drivers/system/clock/clock_samd21_r21_da_ha1/gclk.o
                                                  src/ASF/sam0/drivers/sercom/usart/usart_interrupt.o
                                                  src/ASF/sam0/drivers/sercom/i2c/i2c_sam0/i2c_slave_interrupt.o
                                                  src/ASF/sam0/drivers/sercom/i2c/i2c_sam0/i2c_slave.o
                                                  src/ASF/sam0/drivers/sercom/i2c/i2c_sam0/i2c_master.o
cpu_irq_leave_critical                            src/ASF/common/utils/interrupt/interrupt_sam_nvic.o
                                                  src/ASF/sam0/drivers/system/clock/clock_samd21_r21_da_ha1/gclk.o
                                                  src/ASF/sam0/drivers/sercom/usart/usart_interrupt.o
                                                  src/ASF/sam0/drivers/sercom/i2c/i2c_sam0/i2c_slave_interrupt.o
                                                  src/ASF/sam0/drivers/sercom/i2c/i2c_sam0/i2c_slave.o
                                                  src/ASF/sam0/drivers/sercom/i2c/i2c_sam0/i2c_master.o
delay_cycles_ms                                   src/ASF/common2/services/delay/sam0/systick_counter.o
                                                  src/main.o
delay_cycles_us                                   src/ASF/common2/services/delay/sam0/systick_counter.o
delay_init                                        src/ASF/common2/services/delay/sam0/systick_counter.o
                                                  src/main.o
dummy_write                                       src/ASF/sam0/drivers/sercom/spi/spi_interrupt.o
exception_table                                   src/ASF/sam0/utils/cmsis/samd21/source/gcc/startup_samd21.o
exit                                              c:/program files (x86)/atmel/studio/7.0/toolchain/arm/arm-gnu-toolchain/bin/../lib/gcc/arm-none-eabi/6.3.1/../../../../arm-none-eabi/lib/thumb/v6-m\libc_nano.a(lib_a-exit.o)
                                                  c:/program files (x86)/atmel/studio/7.0/toolchain/arm/arm-gnu-toolchain/bin/../lib/gcc/arm-none-eabi/6.3.1/../../../../arm-none-eabi/lib/thumb/v6-m/crt0.o
g_interrupt_enabled                               src/ASF/common/utils/interrupt/interrupt_sam_nvic.o
hardware_init_hook                                c:/program files (x86)/atmel/studio/7.0/toolchain/arm/arm-gnu-toolchain/bin/../lib/gcc/arm-none-eabi/6.3.1/../../../../arm-none-eabi/lib/thumb/v6-m/crt0.o
i2c_master_init                                   src/ASF/sam0/drivers/sercom/i2c/i2c_sam0/i2c_master.o
                                                  src/main.o
i2c_master_instance                               src/main.o
i2c_master_read_byte                              src/ASF/sam0/drivers/sercom/i2c/i2c_sam0/i2c_master.o
i2c_master_read_bytes                             src/ASF/sam0/drivers/sercom/i2c/i2c_sam0/i2c_master_interrupt.o
i2c_master_read_packet_job                        src/ASF/sam0/drivers/sercom/i2c/i2c_sam0/i2c_master_interrupt.o
i2c_master_read_packet_job_no_nack                src/ASF/sam0/drivers/sercom/i2c/i2c_sam0/i2c_master_interrupt.o
i2c_master_read_packet_job_no_stop                src/ASF/sam0/drivers/sercom/i2c/i2c_sam0/i2c_master_interrupt.o
i2c_master_read_packet_wait                       src/ASF/sam0/drivers/sercom/i2c/i2c_sam0/i2c_master.o
i2c_master_read_packet_wait_no_nack               src/ASF/sam0/drivers/sercom/i2c/i2c_sam0/i2c_master.o
i2c_master_read_packet_wait_no_stop               src/ASF/sam0/drivers/sercom/i2c/i2c_sam0/i2c_master.o
i2c_master_register_callback                      src/ASF/sam0/drivers/sercom/i2c/i2c_sam0/i2c_master_interrupt.o
i2c_master_reset                                  src/ASF/sam0/drivers/sercom/i2c/i2c_sam0/i2c_master.o
i2c_master_send_nack                              src/ASF/sam0/drivers/sercom/i2c/i2c_sam0/i2c_master.o