Archive member included to satisfy reference by file (symbol)

c:/program files (x86)/atmel/studio/7.0/toolchain/arm/arm-gnu-toolchain/bin/../lib/gcc/arm-none-eabi/6.3.1/thumb/v6-m\libgcc.a(_udivsi3.o)
                              src/ASF/common2/services/delay/sam0/systick_counter.o (__aeabi_uidiv)
c:/program files (x86)/atmel/studio/7.0/toolchain/arm/arm-gnu-toolchain/bin/../lib/gcc/arm-none-eabi/6.3.1/thumb/v6-m\libgcc.a(_divsi3.o)
                              src/ASF/thirdparty/fatfs/fatfs-r0.09/src/ff.o (__aeabi_idiv)
c:/program files (x86)/atmel/studio/7.0/toolchain/arm/arm-gnu-toolchain/bin/../lib/gcc/arm-none-eabi/6.3.1/thumb/v6-m\libgcc.a(_dvmd_tls.o)
                              c:/program files (x86)/atmel/studio/7.0/toolchain/arm/arm-gnu-toolchain/bin/../lib/gcc/arm-none-eabi/6.3.1/thumb/v6-m\libgcc.a(_udivsi3.o) (__aeabi_idiv0)
c:/program files (x86)/atmel/studio/7.0/toolchain/arm/arm-gnu-toolchain/bin/../lib/gcc/arm-none-eabi/6.3.1/thumb/v6-m\libgcc.a(_muldi3.o)
                              src/ASF/sam0/drivers/sercom/sercom.o (__aeabi_lmul)
c:/program files (x86)/atmel/studio/7.0/toolchain/arm/arm-gnu-toolchain/bin/../lib/gcc/arm-none-eabi/6.3.1/thumb/v6-m\libgcc.a(adddf3.o)
                              src/ASF/sam0/drivers/sercom/i2c/i2c_sam0/i2c_master.o (__aeabi_dadd)
c:/program files (x86)/atmel/studio/7.0/toolchain/arm/arm-gnu-toolchain/bin/../lib/gcc/arm-none-eabi/6.3.1/thumb/v6-m\libgcc.a(divdf3.o)
                              src/ASF/sam0/drivers/sercom/i2c/i2c_sam0/i2c_master.o (__aeabi_ddiv)
c:/program files (x86)/atmel/studio/7.0/toolchain/arm/arm-gnu-toolchain/bin/../lib/gcc/arm-none-eabi/6.3.1/thumb/v6-m\libgcc.a(muldf3.o)
                              src/ASF/sam0/drivers/sercom/i2c/i2c_sam0/i2c_master.o (__aeabi_dmul)
c:/program files (x86)/atmel/studio/7.0/toolchain/arm/arm-gnu-toolchain/bin/../lib/gcc/arm-none-eabi/6.3.1/thumb/v6-m\libgcc.a(subdf3.o)
                              src/ASF/sam0/drivers/sercom/i2c/i2c_sam0/i2c_master.o (__aeabi_dsub)
c:/program files (x86)/atmel/studio/7.0/toolchain/arm/arm-gnu-toolchain/bin/../lib/gcc/arm-none-eabi/6.3.1/thumb/v6-m\libgcc.a(fixdfsi.o)
                              src/ASF/sam0/drivers/sercom/i2c/i2c_sam0/i2c_master.o (__aeabi_d2iz)
c:/program files (x86)/atmel/studio/7.0/toolchain/arm/arm-gnu-toolchain/bin/../lib/gcc/arm-none-eabi/6.3.1/thumb/v6-m\libgcc.a(floatunsidf.o)
                              src/ASF/sam0/drivers/sercom/i2c/i2c_sam0/i2c_master.o (__aeabi_ui2d)
c:/program files (x86)/atmel/studio/7.0/toolchain/arm/arm-gnu-toolchain/bin/../lib/gcc/arm-none-eabi/6.3.1/thumb/v6-m\libgcc.a(_clzsi2.o)
                              c:/program files (x86)/atmel/studio/7.0/toolchain/arm/arm-gnu-toolchain/bin/../lib/gcc/arm-none-eabi/6.3.1/thumb/v6-m\libgcc.a(adddf3.o) (__clzsi2)
c:/program files (x86)/atmel/studio/7.0/toolchain/arm/arm-gnu-toolchain/bin/../lib/gcc/arm-none-eabi/6.3.1/../../../../arm-none-eabi/lib/thumb/v6-m\libc_nano.a(lib_a-exit.o)
                              c:/program files (x86)/atmel/studio/7.0/toolchain/arm/arm-gnu-toolchain/bin/../lib/gcc/arm-none-eabi/6.3.1/../../../../arm-none-eabi/lib/thumb/v6-m/crt0.o (exit)
c:/program files (x86)/atmel/studio/7.0/toolchain/arm/arm-gnu-toolchain/bin/../lib/gcc/arm-none-eabi/6.3.1/../../../../arm-none-eabi/lib/thumb/v6-m\libc_nano.a(lib_a-impure.o)
                              c:/program files (x86)/atmel/studio/7.0/toolchain/arm/arm-gnu-toolchain/bin/../lib/gcc/arm-none-eabi/6.3.1/../../../../arm-none-eabi/lib/thumb/v6-m\libc_nano.a(lib_a-exit.o) (_global_impure_ptr)
c:/program files (x86)/atmel/studio/7.0/toolchain/arm/arm-gnu-toolchain/bin/../lib/gcc/arm-none-eabi/6.3.1/../../../../arm-none-eabi/lib/thumb/v6-m\libc_nano.a(lib_a-init.o)
                              c:/program files (x86)/atmel/studio/7.0/toolchain/arm/arm-gnu-toolchain/bin/../lib/gcc/arm-none-eabi/6.3.1/../../../../arm-none-eabi/lib/thumb/v6-m/crt0.o (__libc_init_array)
c:/program files (x86)/atmel/studio/7.0/toolchain/arm/arm-gnu-toolchain/bin/../lib/gcc/arm-none-eabi/6.3.1/../../../../arm-none-eabi/lib/thumb/v6-m\libc_nano.a(lib_a-malloc.o)
                              src/SerialConsole/circular_buffer.o (malloc)
c:/program files (x86)/atmel/studio/7.0/toolchain/arm/arm-gnu-toolchain/bin/../lib/gcc/arm-none-eabi/6.3.1/../../../../arm-none-eabi/lib/thumb/v6-m\libc_nano.a(lib_a-memcpy-stub.o)
                              src/ASF/thirdparty/fatfs/fatfs-port-r0.09/diskio.o (memcpy)
c:/program files (x86)/atmel/studio/7.0/toolchain/arm/arm-gnu-toolchain/bin/../lib/gcc/arm-none-eabi/6.3.1/../../../../arm-none-eabi/lib/thumb/v6-m\libc_nano.a(lib_a-memset.o)
                              c:/program files (x86)/atmel/studio/7.0/toolchain/arm/arm-gnu-toolchain/bin/../lib/gcc/arm-none-eabi/6.3.1/../../../../arm-none-eabi/lib/thumb/v6-m/crt0.o (memset)
[...]
Memory Configuration

Name             Origin             Length             Attributes
rom              0x00000000         0x00040000         xr
ram              0x20000000         0x00008000         xrw
*default*        0x00000000         0xffffffff

Linker script and memory map

LOAD c:/program files (x86)/atmel/studio/7.0/toolchain/arm/arm-gnu-toolchain/bin/../lib/gcc/arm-none-eabi/6.3.1/thumb/v6-m/crti.o
LOAD c:/program files (x86)/atmel/studio/7.0/toolchain/arm/arm-gnu-toolchain/bin/../lib/gcc/arm-none-eabi/6.3.1/thumb/v6-m/crtbegin.o
LOAD c:/program files (x86)/atmel/studio/7.0/toolchain/arm/arm-gnu-toolchain/bin/../lib/gcc/arm-none-eabi/6.3.1/../../../../arm-none-eabi/lib/thumb/v6-m/crt0.o
LOAD src/ASF/common2/services/delay/sam0/systick_counter.o
LOAD src/Systick/Systick.o
LOAD src/ASF/common/services/crc32/crc32.o
LOAD src/ASF/sam0/boards/board_init.o
LOAD src/ASF/sam0/drivers/dsu/crc32/crc32.o
LOAD src/ASF/sam0/drivers/nvm/nvm.o
LOAD src/ASF/sam0/drivers/pac/pac_sam_d_r_h/pac.o
LOAD src/ASF/sam0/drivers/sercom/i2c/i2c_sam0/i2c_master.o
LOAD src/SD Card/SdCard.o
LOAD src/SerialConsole/circular_buffer.o
LOAD src/SerialConsole/SerialConsole.o
LOAD src/ASF/common2/components/memory/sd_mmc/sd_mmc.o
LOAD src/ASF/common2/components/memory/sd_mmc/sd_mmc_mem.o
LOAD src/ASF/common2/components/memory/sd_mmc/sd_mmc_spi.o
LOAD src/ASF/common/services/storage/ctrl_access/ctrl_access.o
LOAD src/ASF/common/utils/interrupt/interrupt_sam_nvic.o
LOAD src/ASF/sam0/drivers/port/port.o
LOAD src/ASF/sam0/drivers/rtc/rtc_sam_d_r_h/rtc_calendar.o
LOAD src/ASF/sam0/drivers/sercom/sercom.o
LOAD src/ASF/sam0/drivers/sercom/sercom_interrupt.o
LOAD src/ASF/sam0/drivers/sercom/spi/spi.o
LOAD src/ASF/sam0/drivers/sercom/spi/spi_interrupt.o
LOAD src/ASF/sam0/drivers/sercom/usart/usart.o
LOAD src/ASF/sam0/drivers/sercom/usart/usart_interrupt.o
LOAD src/ASF/sam0/drivers/system/clock/clock_samd21_r21_da_ha1/clock.o
LOAD src/ASF/sam0/drivers/system/clock/clock_samd21_r21_da_ha1/gclk.o
LOAD src/ASF/sam0/drivers/system/interrupt/system_interrupt.o
LOAD src/ASF/sam0/drivers/system/pinmux/pinmux.o
LOAD src/ASF/sam0/drivers/system/system.o
LOAD src/ASF/sam0/utils/cmsis/samd21/source/gcc/startup_samd21.o
LOAD src/ASF/sam0/utils/cmsis/samd21/source/system_samd21.o
LOAD src/ASF/sam0/utils/stdio/read.o
LOAD src/ASF/sam0/utils/stdio/write.o
LOAD src/ASF/sam0/utils/syscalls/gcc/syscalls.o
LOAD src/ASF/thirdparty/fatfs/fatfs-port-r0.09/diskio.o
LOAD src/ASF/thirdparty/fatfs/fatfs-port-r0.09/sam0/fattime_rtc.o
LOAD src/ASF/thirdparty/fatfs/fatfs-r0.09/src/ff.o
LOAD src/ASF/thirdparty/fatfs/fatfs-r0.09/src/option/ccsbcs.o
LOAD src/BootMain.o
START GROUP
LOAD ../src/ASF/thirdparty/CMSIS/Lib/GCC\libarm_cortexM0l_math.a
LOAD c:/program files (x86)/atmel/studio/7.0/toolchain/arm/arm-gnu-toolchain/bin/../lib/gcc/arm-none-eabi/6.3.1/../../../../arm-none-eabi/lib/thumb/v6-m\libm.a
END GROUP
                0x00002000                __stack_size__ = 0x2000
START GROUP
LOAD c:/program files (x86)/atmel/studio/7.0/toolchain/arm/arm-gnu-toolchain/bin/../lib/gcc/arm-none-eabi/6.3.1/thumb/v6-m\libgcc.a
LOAD c:/program files (x86)/atmel/studio/7.0/toolchain/arm/arm-gnu-toolchain/bin/../lib/gcc/arm-none-eabi/6.3.1/../../../../arm-none-eabi/lib/thumb/v6-m\libc_nano.a
END GROUP
START GROUP
LOAD c:/program files (x86)/atmel/studio/7.0/toolchain/arm/arm-gnu-toolchain/bin/../lib/gcc/arm-none-eabi/6.3.1/thumb/v6-m\libgcc.a
LOAD c:/program files (x86)/atmel/studio/7.0/toolchain/arm/arm-gnu-toolchain/bin/../lib/gcc/arm-none-eabi/6.3.1/../../../../arm-none-eabi/lib/thumb/v6-m\libc_nano.a
END GROUP
LOAD c:/program files (x86)/atmel/studio/7.0/toolchain/arm/arm-gnu-toolchain/bin/../lib/gcc/arm-none-eabi/6.3.1/thumb/v6-m/crtend.o
LOAD c:/program files (x86)/atmel/studio/7.0/toolchain/arm/arm-gnu-toolchain/bin/../lib/gcc/arm-none-eabi/6.3.1/thumb/v6-m/crtn.o
                0x00002000                STACK_SIZE = DEFINED (STACK_SIZE)?STACK_SIZE:DEFINED (__stack_size__)?__stack_size__:0x2000

.text           0x00000000     0xd3f8
                0x00000000                . = ALIGN (0x4)
                0x00000000                _sfixed = .
 *(.vectors .vectors.*)
 .vectors       0x00000000       0xb4 src/ASF/sam0/utils/cmsis/samd21/source/gcc/startup_samd21.o
                0x00000000                exception_table
 *(.text .text.* .gnu.linkonce.t.*)
 .text          0x000000b4       0x60 c:/program files (x86)/atmel/studio/7.0/toolchain/arm/arm-gnu-toolchain/bin/../lib/gcc/arm-none-eabi/6.3.1/thumb/v6-m/crtbegin.o
 .text.delay_cycles
                0x00000114       0x34 src/ASF/common2/services/delay/sam0/systick_counter.o
 .text.delay_init
                0x00000148       0x58 src/ASF/common2/services/delay/sam0/systick_counter.o
                0x00000148                delay_init
 .text.delay_cycles_ms
                0x000001a0       0x30 src/ASF/common2/services/delay/sam0/systick_counter.o
                0x000001a0                delay_cycles_ms
 .text.GetSystick
                0x000001d0       0x14 src/Systick/Systick.o
                0x000001d0                GetSystick
 .text.SysTick_Handler
                0x000001e4       0x18 src/Systick/Systick.o
                0x000001e4                SysTick_Handler
 .text.system_pinmux_get_group_from_gpio_pin
                0x000001fc       0x60 src/ASF/sam0/boards/board_init.o
 .text.port_get_group_from_gpio_pin
                0x0000025c       0x24 src/ASF/sam0/boards/board_init.o
 .text.port_get_config_defaults
                0x00000280       0x22 src/ASF/sam0/boards/board_init.o
 *fill*         0x000002a2        0x2 
 .text.port_pin_set_output_level
                0x000002a4       0x54 src/ASF/sam0/boards/board_init.o
 .text.system_board_init
                0x000002f8       0x60 src/ASF/sam0/boards/board_init.o
                0x000002f8                board_init
                0x000002f8                system_board_init
 .text.system_interrupt_enable_global
                0x00000358       0x1c src/ASF/sam0/drivers/dsu/crc32/crc32.o
 .text.system_interrupt_disable_global
                0x00000374       0x1c src/ASF/sam0/drivers/dsu/crc32/crc32.o
 .text.dsu_crc32_cal
                0x00000390       0xb8 src/ASF/sam0/drivers/dsu/crc32/crc32.o
                0x00000390                dsu_crc32_cal
 .text.nvm_is_ready
                0x00000448       0x28 src/ASF/sam0/drivers/nvm/nvm.o
 .text.system_apb_clock_set_mask
                0x00000470       0x5c src/ASF/sam0/drivers/nvm/nvm.o
 .text.nvm_set_config
                0x000004cc       0xd8 src/ASF/sam0/drivers/nvm/nvm.o
                0x000004cc                nvm_set_config
 .text.nvm_execute_command
                0x000005a4      0x118 src/ASF/sam0/drivers/nvm/nvm.o
                0x000005a4                nvm_execute_command
 .text.nvm_write_buffer
                0x000006bc      0x14c src/ASF/sam0/drivers/nvm/nvm.o
                0x000006bc                nvm_write_buffer
 .text.nvm_erase_row
                0x00000808       0xa8 src/ASF/sam0/drivers/nvm/nvm.o
                0x00000808                nvm_erase_row
 .text.system_apb_clock_set_mask
                0x000008b0       0x5c src/ASF/sam0/drivers/pac/pac_sam_d_r_h/pac.o
 .text.system_peripheral_lock
                0x0000090c       0x98 src/ASF/sam0/drivers/pac/pac_sam_d_r_h/pac.o
                0x0000090c                system_peripheral_lock
 .text.system_peripheral_unlock
                0x000009a4       0x98 src/ASF/sam0/drivers/pac/pac_sam_d_r_h/pac.o
                0x000009a4                system_peripheral_unlock
 .text.SdCard_Initiate
                0x00000a3c       0x6c src/SD Card/SdCard.o
                0x00000a3c                SdCard_Initiate
 .text.advance_pointer
                0x00000aa8       0x60 src/SerialConsole/circular_buffer.o
 .text.retreat_pointer
                0x00000b08       0x34 src/SerialConsole/circular_buffer.o
 .text.circular_buf_init
                0x00000b3c       0x3c src/SerialConsole/circular_buffer.o
                0x00000b3c                circular_buf_init
 .text.circular_buf_reset
                0x00000b78       0x22 src/SerialConsole/circular_buffer.o
                0x00000b78                circular_buf_reset
 *fill*         0x00000b9a        0x2 
 .text.circular_buf_put
                0x00000b9c       0x34 src/SerialConsole/circular_buffer.o
                0x00000b9c                circular_buf_put
 .text.circular_buf_get
                0x00000bd0       0x54 src/SerialConsole/circular_buffer.o
                0x00000bd0                circular_buf_get
 .text.circular_buf_empty
                0x00000c24       0x38 src/SerialConsole/circular_buffer.o
                0x00000c24                circular_buf_empty
 .text.system_interrupt_enable
                0x00000c5c       0x2c src/SerialConsole/SerialConsole.o
 .text.system_interrupt_disable
                0x00000c88       0x30 src/SerialConsole/SerialConsole.o
 .text.usart_is_syncing
                0x00000cb8       0x20 src/SerialConsole/SerialConsole.o
 .text._usart_wait_for_sync
                0x00000cd8       0x24 src/SerialConsole/SerialConsole.o
 .text.usart_get_config_defaults
                0x00000cfc       0xbe src/SerialConsole/SerialConsole.o
 *fill*         0x00000dba        0x2 
 .text.usart_enable
                0x00000dbc       0x48 src/SerialConsole/SerialConsole.o
 .text.usart_disable
                0x00000e04       0x4c src/SerialConsole/SerialConsole.o
 .text.usart_enable_callback
                0x00000e50       0x36 src/SerialConsole/SerialConsole.o
 *fill*         0x00000e86        0x2 
 .text.usart_serial_putchar
                0x00000e88       0x34 src/SerialConsole/SerialConsole.o
 .text.usart_serial_getchar
                0x00000ebc       0x40 src/SerialConsole/SerialConsole.o
 .text.stdio_serial_init
                0x00000efc       0x60 src/SerialConsole/SerialConsole.o
 .text.InitializeSerialConsole
                0x00000f5c       0x70 src/SerialConsole/SerialConsole.o
                0x00000f5c                InitializeSerialConsole
 .text.DeinitializeSerialConsole
                0x00000fcc       0x1c src/SerialConsole/SerialConsole.o
                0x00000fcc                DeinitializeSerialConsole
 .text.SerialConsoleWriteString
                0x00000fe8       0x8c src/SerialConsole/SerialConsole.o
                0x00000fe8                SerialConsoleWriteString
 .text.LogMessage
                0x00001074       0x1c src/SerialConsole/SerialConsole.o
                0x00001074                LogMessage
 .text.configure_usart
                0x00001090       0x88 src/SerialConsole/SerialConsole.o
 .text.configure_usart_callbacks
                0x00001118       0x4c src/SerialConsole/SerialConsole.o
 .text.usart_read_callback
                0x00001164       0x10 src/SerialConsole/SerialConsole.o
                0x00001164                usart_read_callback
 .text.usart_write_callback
                0x00001174       0x44 src/SerialConsole/SerialConsole.o
                0x00001174                usart_write_callback
 .text.SDMMC_UNSTUFF_BITS
                0x000011b8      0x15c src/ASF/common2/components/memory/sd_mmc/sd_mmc.o
 .text.mmc_spi_op_cond
                0x00001314       0xac src/ASF/common2/components/memory/sd_mmc/sd_mmc.o
 .text.sd_spi_op_cond
                0x000013c0       0xe4 src/ASF/common2/components/memory/sd_mmc/sd_mmc.o
 .text.sdio_op_cond
                0x000014a4        0xc src/ASF/common2/components/memory/sd_mmc/sd_mmc.o
 .text.sd_cmd8  0x000014b0       0x70 src/ASF/common2/components/memory/sd_mmc/sd_mmc.o
 .text.mmc_cmd8
                0x00001520      0x12c src/ASF/common2/components/memory/sd_mmc/sd_mmc.o
 .text.sd_mmc_cmd9_spi
                0x0000164c       0x70 src/ASF/common2/components/memory/sd_mmc/sd_mmc.o
 .text.mmc_decode_csd
                0x000016bc      0x130 src/ASF/common2/components/memory/sd_mmc/sd_mmc.o
 .text.sd_decode_csd
                0x000017ec       0xec src/ASF/common2/components/memory/sd_mmc/sd_mmc.o
 .text.sd_mmc_cmd13
                0x000018d8       0x5c src/ASF/common2/components/memory/sd_mmc/sd_mmc.o
 .text.sd_acmd51
                0x00001934      0x108 src/ASF/common2/components/memory/sd_mmc/sd_mmc.o
 .text.sd_mmc_select_slot
                0x00001a3c       0xc4 src/ASF/common2/components/memory/sd_mmc/sd_mmc.o
 .text.sd_mmc_configure_slot
                0x00001b00       0x38 src/ASF/common2/components/memory/sd_mmc/sd_mmc.o
 .text.sd_mmc_deselect_slot
                0x00001b38       0x24 src/ASF/common2/components/memory/sd_mmc/sd_mmc.o
 .text.sd_mmc_spi_card_init
                0x00001b5c      0x1ac src/ASF/common2/components/memory/sd_mmc/sd_mmc.o
 .text.sd_mmc_spi_install_mmc
                0x00001d08      0x100 src/ASF/common2/components/memory/sd_mmc/sd_mmc.o
 .text.sd_mmc_init
                0x00001e08       0x50 src/ASF/common2/components/memory/sd_mmc/sd_mmc.o
                0x00001e08                sd_mmc_init
 .text.sd_mmc_check
                0x00001e58       0x74 src/ASF/common2/components/memory/sd_mmc/sd_mmc.o
                0x00001e58                sd_mmc_check
 .text.sd_mmc_get_type
                0x00001ecc       0x3c src/ASF/common2/components/memory/sd_mmc/sd_mmc.o
                0x00001ecc                sd_mmc_get_type
 .text.sd_mmc_get_capacity
                0x00001f08       0x3c src/ASF/common2/components/memory/sd_mmc/sd_mmc.o
                0x00001f08                sd_mmc_get_capacity
 .text.sd_mmc_is_write_protected
                0x00001f44       0x16 src/ASF/common2/components/memory/sd_mmc/sd_mmc.o
                0x00001f44                sd_mmc_is_write_protected
 *fill*         0x00001f5a        0x2 
 .text.sd_mmc_init_read_blocks
                0x00001f5c       0xec src/ASF/common2/components/memory/sd_mmc/sd_mmc.o
                0x00001f5c                sd_mmc_init_read_blocks
 .text.sd_mmc_start_read_blocks
                0x00002048       0x58 src/ASF/common2/components/memory/sd_mmc/sd_mmc.o
                0x00002048                sd_mmc_start_read_blocks
 .text.sd_mmc_wait_end_of_read_blocks
                0x000020a0       0x98 src/ASF/common2/components/memory/sd_mmc/sd_mmc.o
                0x000020a0                sd_mmc_wait_end_of_read_blocks
 .text.sd_mmc_init_write_blocks
                0x00002138       0xe8 src/ASF/common2/components/memory/sd_mmc/sd_mmc.o
                0x00002138                sd_mmc_init_write_blocks
 .text.sd_mmc_start_write_blocks
                0x00002220       0x58 src/ASF/common2/components/memory/sd_mmc/sd_mmc.o
                0x00002220                sd_mmc_start_write_blocks
 .text.sd_mmc_wait_end_of_write_blocks
                0x00002278       0x6c src/ASF/common2/components/memory/sd_mmc/sd_mmc.o
                0x00002278                sd_mmc_wait_end_of_write_blocks
 .text.sd_mmc_test_unit_ready
                0x000022e4       0x78 src/ASF/common2/components/memory/sd_mmc/sd_mmc_mem.o
                0x000022e4                sd_mmc_test_unit_ready
 .text.sd_mmc_test_unit_ready_0
                0x0000235c       0x18 src/ASF/common2/components/memory/sd_mmc/sd_mmc_mem.o
                0x0000235c                sd_mmc_test_unit_ready_0
 .text.sd_mmc_read_capacity
                0x00002374       0x40 src/ASF/common2/components/memory/sd_mmc/sd_mmc_mem.o
                0x00002374                sd_mmc_read_capacity
 .text.sd_mmc_read_capacity_0
                0x000023b4       0x20 src/ASF/common2/components/memory/sd_mmc/sd_mmc_mem.o
                0x000023b4                sd_mmc_read_capacity_0
 .text.sd_mmc_unload
                0x000023d4       0x2c src/ASF/common2/components/memory/sd_mmc/sd_mmc_mem.o
                0x000023d4                sd_mmc_unload
 .text.sd_mmc_unload_0
                0x00002400       0x28 src/ASF/common2/components/memory/sd_mmc/sd_mmc_mem.o
                0x00002400                sd_mmc_unload_0
 .text.sd_mmc_wr_protect
                0x00002428       0x24 src/ASF/common2/components/memory/sd_mmc/sd_mmc_mem.o
                0x00002428                sd_mmc_wr_protect
 .text.sd_mmc_wr_protect_0
                0x0000244c       0x18 src/ASF/common2/components/memory/sd_mmc/sd_mmc_mem.o
                0x0000244c                sd_mmc_wr_protect_0
 .text.sd_mmc_removal
                0x00002464       0x16 src/ASF/common2/components/memory/sd_mmc/sd_mmc_mem.o
                0x00002464                sd_mmc_removal
 *fill*         0x0000247a        0x2 
 .text.sd_mmc_removal_0
                0x0000247c       0x18 src/ASF/common2/components/memory/sd_mmc/sd_mmc_mem.o
                0x0000247c                sd_mmc_removal_0
 .text.sd_mmc_mem_2_ram
                0x00002494       0x6c src/ASF/common2/components/memory/sd_mmc/sd_mmc_mem.o
                0x00002494                sd_mmc_mem_2_ram
 .text.sd_mmc_mem_2_ram_0
                0x00002500       0x24 src/ASF/common2/components/memory/sd_mmc/sd_mmc_mem.o
                0x00002500                sd_mmc_mem_2_ram_0
 .text.sd_mmc_ram_2_mem
                0x00002524       0x6c src/ASF/common2/components/memory/sd_mmc/sd_mmc_mem.o
                0x00002524                sd_mmc_ram_2_mem
 .text.sd_mmc_ram_2_mem_0
                0x00002590       0x24 src/ASF/common2/components/memory/sd_mmc/sd_mmc_mem.o
                0x00002590                sd_mmc_ram_2_mem_0
 .text.system_pinmux_get_group_from_gpio_pin
                0x000025b4       0x60 src/ASF/common2/components/memory/sd_mmc/sd_mmc_spi.o
 .text.port_get_group_from_gpio_pin
                0x00002614       0x24 src/ASF/common2/components/memory/sd_mmc/sd_mmc_spi.o
 .text.port_get_config_defaults
                0x00002638       0x22 src/ASF/common2/components/memory/sd_mmc/sd_mmc_spi.o
 *fill*         0x0000265a        0x2 
 .text.port_pin_set_output_level
                0x0000265c       0x54 src/ASF/common2/components/memory/sd_mmc/sd_mmc_spi.o
 .text.system_interrupt_enable
                0x000026b0       0x2c src/ASF/common2/components/memory/sd_mmc/sd_mmc_spi.o
 .text.spi_is_syncing
                0x000026dc       0x20 src/ASF/common2/components/memory/sd_mmc/sd_mmc_spi.o
 .text.spi_get_config_defaults
                0x000026fc       0x84 src/ASF/common2/components/memory/sd_mmc/sd_mmc_spi.o
 .text.spi_slave_inst_get_config_defaults
                0x00002780       0x22 src/ASF/common2/components/memory/sd_mmc/sd_mmc_spi.o
 *fill*         0x000027a2        0x2 
 .text.spi_attach_slave
                0x000027a4       0x64 src/ASF/common2/components/memory/sd_mmc/sd_mmc_spi.o
 .text.spi_enable
                0x00002808       0x50 src/ASF/common2/components/memory/sd_mmc/sd_mmc_spi.o
 .text.sd_mmc_spi_crc7
                0x00002858       0xbc src/ASF/common2/components/memory/sd_mmc/sd_mmc_spi.o
 .text.sd_mmc_spi_wait_busy
                0x00002914       0x6c src/ASF/common2/components/memory/sd_mmc/sd_mmc_spi.o
 .text.sd_mmc_spi_start_read_block
                0x00002980       0x84 src/ASF/common2/components/memory/sd_mmc/sd_mmc_spi.o
 .text.sd_mmc_spi_stop_read_block
                0x00002a04       0x2c src/ASF/common2/components/memory/sd_mmc/sd_mmc_spi.o
 .text.sd_mmc_spi_start_write_block
                0x00002a30       0x50 src/ASF/common2/components/memory/sd_mmc/sd_mmc_spi.o
 .text.sd_mmc_spi_stop_write_block
                0x00002a80       0x94 src/ASF/common2/components/memory/sd_mmc/sd_mmc_spi.o
 .text.sd_mmc_spi_stop_multiwrite_block
                0x00002b14       0x9c src/ASF/common2/components/memory/sd_mmc/sd_mmc_spi.o
 .text.sd_mmc_deinit
                0x00002bb0       0x1c src/ASF/common2/components/memory/sd_mmc/sd_mmc_spi.o
                0x00002bb0                sd_mmc_deinit
 .text.sd_mmc_spi_init
                0x00002bcc       0xc8 src/ASF/common2/components/memory/sd_mmc/sd_mmc_spi.o
                0x00002bcc                sd_mmc_spi_init
 .text.sd_mmc_spi_select_device
                0x00002c94       0x88 src/ASF/common2/components/memory/sd_mmc/sd_mmc_spi.o
                0x00002c94                sd_mmc_spi_select_device
 .text.sd_mmc_spi_deselect_device
                0x00002d1c       0x44 src/ASF/common2/components/memory/sd_mmc/sd_mmc_spi.o
                0x00002d1c                sd_mmc_spi_deselect_device
 .text.sd_mmc_spi_send_clock
                0x00002d60       0x4c src/ASF/common2/components/memory/sd_mmc/sd_mmc_spi.o
                0x00002d60                sd_mmc_spi_send_clock
 .text.sd_mmc_spi_send_cmd
                0x00002dac       0x28 src/ASF/common2/components/memory/sd_mmc/sd_mmc_spi.o
                0x00002dac                sd_mmc_spi_send_cmd
 .text.sd_mmc_spi_adtc_start
                0x00002dd4      0x218 src/ASF/common2/components/memory/sd_mmc/sd_mmc_spi.o
                0x00002dd4                sd_mmc_spi_adtc_start
 .text.sd_mmc_spi_get_response
                0x00002fec       0x14 src/ASF/common2/components/memory/sd_mmc/sd_mmc_spi.o
                0x00002fec                sd_mmc_spi_get_response
 .text.sd_mmc_spi_read_word
                0x00003000       0xa4 src/ASF/common2/components/memory/sd_mmc/sd_mmc_spi.o
                0x00003000                sd_mmc_spi_read_word
 .text.sd_mmc_spi_start_read_blocks
                0x000030a4       0xa4 src/ASF/common2/components/memory/sd_mmc/sd_mmc_spi.o
                0x000030a4                sd_mmc_spi_start_read_blocks
 .text.sd_mmc_spi_wait_end_of_read_blocks
                0x00003148        0xc src/ASF/common2/components/memory/sd_mmc/sd_mmc_spi.o
                0x00003148                sd_mmc_spi_wait_end_of_read_blocks
 .text.sd_mmc_spi_start_write_blocks
                0x00003154       0xc0 src/ASF/common2/components/memory/sd_mmc/sd_mmc_spi.o
                0x00003154                sd_mmc_spi_start_write_blocks
 .text.sd_mmc_spi_wait_end_of_write_blocks
                0x00003214       0x38 src/ASF/common2/components/memory/sd_mmc/sd_mmc_spi.o
                0x00003214                sd_mmc_spi_wait_end_of_write_blocks
 .text.mem_test_unit_ready
                0x0000324c       0x40 src/ASF/common/services/storage/ctrl_access/ctrl_access.o
                0x0000324c                mem_test_unit_ready
 .text.mem_read_capacity
                0x0000328c       0x4c src/ASF/common/services/storage/ctrl_access/ctrl_access.o
                0x0000328c                mem_read_capacity
 .text.mem_sector_size
                0x000032d8       0x2a src/ASF/common/services/storage/ctrl_access/ctrl_access.o
                0x000032d8                mem_sector_size
 *fill*         0x00003302        0x2 
 .text.mem_wr_protect
                0x00003304       0x48 src/ASF/common/services/storage/ctrl_access/ctrl_access.o
                0x00003304                mem_wr_protect
 .text.memory_2_ram
                0x0000334c       0x54 src/ASF/common/services/storage/ctrl_access/ctrl_access.o
                0x0000334c                memory_2_ram
 .text.ram_2_memory
                0x000033a0       0x54 src/ASF/common/services/storage/ctrl_access/ctrl_access.o
                0x000033a0                ram_2_memory
 .text.cpu_irq_enter_critical
                0x000033f4       0x54 src/ASF/common/utils/interrupt/interrupt_sam_nvic.o
                0x000033f4                cpu_irq_enter_critical
 .text.cpu_irq_leave_critical
                0x00003448       0x40 src/ASF/common/utils/interrupt/interrupt_sam_nvic.o
                0x00003448                cpu_irq_leave_critical
 .text.system_pinmux_get_config_defaults
                0x00003488       0x28 src/ASF/sam0/drivers/port/port.o
 .text.port_pin_set_config
                0x000034b0       0x60 src/ASF/sam0/drivers/port/port.o
                0x000034b0                port_pin_set_config
 .text.system_gclk_chan_get_config_defaults
                0x00003510       0x16 src/ASF/sam0/drivers/rtc/rtc_sam_d_r_h/rtc_calendar.o
 *fill*         0x00003526        0x2 
 .text.system_apb_clock_set_mask
                0x00003528       0x5c src/ASF/sam0/drivers/rtc/rtc_sam_d_r_h/rtc_calendar.o
 .text.rtc_calendar_is_syncing
                0x00003584       0x28 src/ASF/sam0/drivers/rtc/rtc_sam_d_r_h/rtc_calendar.o
 .text.rtc_calendar_enable
                0x000035ac       0x38 src/ASF/sam0/drivers/rtc/rtc_sam_d_r_h/rtc_calendar.o
                0x000035ac                rtc_calendar_enable
 .text.rtc_calendar_disable
                0x000035e4       0x44 src/ASF/sam0/drivers/rtc/rtc_sam_d_r_h/rtc_calendar.o
                0x000035e4                rtc_calendar_disable
 .text.rtc_calendar_reset
                0x00003628       0x44 src/ASF/sam0/drivers/rtc/rtc_sam_d_r_h/rtc_calendar.o
                0x00003628                rtc_calendar_reset
 .text.rtc_calendar_time_to_register_value
                0x0000366c       0x88 src/ASF/sam0/drivers/rtc/rtc_sam_d_r_h/rtc_calendar.o
                0x0000366c                rtc_calendar_time_to_register_value
 .text.rtc_calendar_register_value_to_time
                0x000036f4       0xa0 src/ASF/sam0/drivers/rtc/rtc_sam_d_r_h/rtc_calendar.o
                0x000036f4                rtc_calendar_register_value_to_time
 .text._rtc_calendar_set_config
                0x00003794       0xc8 src/ASF/sam0/drivers/rtc/rtc_sam_d_r_h/rtc_calendar.o
 .text.rtc_calendar_init
                0x0000385c       0x94 src/ASF/sam0/drivers/rtc/rtc_sam_d_r_h/rtc_calendar.o
                0x0000385c                rtc_calendar_init
 .text.rtc_calendar_get_time
                0x000038f0       0x8c src/ASF/sam0/drivers/rtc/rtc_sam_d_r_h/rtc_calendar.o
                0x000038f0                rtc_calendar_get_time
 .text.rtc_calendar_set_alarm
                0x0000397c       0x74 src/ASF/sam0/drivers/rtc/rtc_sam_d_r_h/rtc_calendar.o
                0x0000397c                rtc_calendar_set_alarm
 .text.system_gclk_chan_get_config_defaults
                0x000039f0       0x16 src/ASF/sam0/drivers/sercom/sercom.o
 .text.long_division
                0x00003a06       0xe0 src/ASF/sam0/drivers/sercom/sercom.o
 .text._sercom_get_sync_baud_val
                0x00003ae6       0x7c src/ASF/sam0/drivers/sercom/sercom.o
                0x00003ae6                _sercom_get_sync_baud_val
 *fill*         0x00003b62        0x2 
 .text._sercom_get_async_baud_val
                0x00003b64      0x1c0 src/ASF/sam0/drivers/sercom/sercom.o
                0x00003b64                _sercom_get_async_baud_val
 .text.sercom_set_gclk_generator
                0x00003d24       0x8c src/ASF/sam0/drivers/sercom/sercom.o
                0x00003d24                sercom_set_gclk_generator
 .text._sercom_get_default_pad
                0x00003db0      0x1bc src/ASF/sam0/drivers/sercom/sercom.o
                0x00003db0                _sercom_get_default_pad
 .text._sercom_get_sercom_inst_index
                0x00003f6c       0x50 src/ASF/sam0/drivers/sercom/sercom.o
                0x00003f6c                _sercom_get_sercom_inst_index
 .text._sercom_default_handler
                0x00003fbc       0x14 src/ASF/sam0/drivers/sercom/sercom_interrupt.o
 .text._sercom_set_handler
                0x00003fd0       0x6c src/ASF/sam0/drivers/sercom/sercom_interrupt.o
                0x00003fd0                _sercom_set_handler
 .text._sercom_get_interrupt_vector
                0x0000403c       0x44 src/ASF/sam0/drivers/sercom/sercom_interrupt.o
                0x0000403c                _sercom_get_interrupt_vector
 .text.SERCOM0_Handler
                0x00004080       0x18 src/ASF/sam0/drivers/sercom/sercom_interrupt.o
                0x00004080                SERCOM0_Handler
 .text.SERCOM1_Handler
                0x00004098       0x18 src/ASF/sam0/drivers/sercom/sercom_interrupt.o
                0x00004098                SERCOM1_Handler
 .text.SERCOM2_Handler
                0x000040b0       0x18 src/ASF/sam0/drivers/sercom/sercom_interrupt.o
                0x000040b0                SERCOM2_Handler
 .text.SERCOM3_Handler
                0x000040c8       0x18 src/ASF/sam0/drivers/sercom/sercom_interrupt.o
                0x000040c8                SERCOM3_Handler
 .text.SERCOM4_Handler
                0x000040e0       0x18 src/ASF/sam0/drivers/sercom/sercom_interrupt.o
                0x000040e0                SERCOM4_Handler
 .text.SERCOM5_Handler
                0x000040f8       0x18 src/ASF/sam0/drivers/sercom/sercom_interrupt.o
                0x000040f8                SERCOM5_Handler
 .text.system_pinmux_get_config_defaults
                0x00004110       0x28 src/ASF/sam0/drivers/sercom/spi/spi.o
 .text.system_pinmux_get_group_from_gpio_pin
                0x00004138       0x60 src/ASF/sam0/drivers/sercom/spi/spi.o
 .text.port_get_group_from_gpio_pin
                0x00004198       0x24 src/ASF/sam0/drivers/sercom/spi/spi.o
 .text.port_pin_set_output_level
                0x000041bc       0x54 src/ASF/sam0/drivers/sercom/spi/spi.o
 .text.system_gclk_chan_get_config_defaults
                0x00004210       0x16 src/ASF/sam0/drivers/sercom/spi/spi.o
 *fill*         0x00004226        0x2 
 .text.system_apb_clock_set_mask
                0x00004228       0x5c src/ASF/sam0/drivers/sercom/spi/spi.o
 .text.system_is_debugger_present
                0x00004284       0x20 src/ASF/sam0/drivers/sercom/spi/spi.o
 .text.system_interrupt_enable
                0x000042a4       0x2c src/ASF/sam0/drivers/sercom/spi/spi.o
 .text.system_interrupt_disable
                0x000042d0       0x30 src/ASF/sam0/drivers/sercom/spi/spi.o
 .text.spi_is_syncing
                0x00004300       0x20 src/ASF/sam0/drivers/sercom/spi/spi.o
 .text.spi_enable
                0x00004320       0x50 src/ASF/sam0/drivers/sercom/spi/spi.o
 .text.spi_disable
                0x00004370       0x5c src/ASF/sam0/drivers/sercom/spi/spi.o
 .text.spi_is_write_complete
                0x000043cc       0x28 src/ASF/sam0/drivers/sercom/spi/spi.o
 .text.spi_is_ready_to_write
                0x000043f4       0x28 src/ASF/sam0/drivers/sercom/spi/spi.o
 .text.spi_is_ready_to_read
                0x0000441c       0x28 src/ASF/sam0/drivers/sercom/spi/spi.o
 .text.spi_write
                0x00004444       0x48 src/ASF/sam0/drivers/sercom/spi/spi.o
 .text.spi_read
                0x0000448c       0x88 src/ASF/sam0/drivers/sercom/spi/spi.o
 .text.spi_reset
                0x00004514       0x40 src/ASF/sam0/drivers/sercom/spi/spi.o
                0x00004514                spi_reset
 .text.spi_set_baudrate
                0x00004554       0xc8 src/ASF/sam0/drivers/sercom/spi/spi.o
                0x00004554                spi_set_baudrate
 .text._spi_set_config
                0x0000461c      0x210 src/ASF/sam0/drivers/sercom/spi/spi.o
 .text.spi_init
                0x0000482c      0x190 src/ASF/sam0/drivers/sercom/spi/spi.o
                0x0000482c                spi_init
 .text.spi_read_buffer_wait
                0x000049bc      0x134 src/ASF/sam0/drivers/sercom/spi/spi.o
                0x000049bc                spi_read_buffer_wait
 .text.spi_select_slave
                0x00004af0       0xf0 src/ASF/sam0/drivers/sercom/spi/spi.o
                0x00004af0                spi_select_slave
 .text.spi_write_buffer_wait
                0x00004be0      0x14c src/ASF/sam0/drivers/sercom/spi/spi.o
                0x00004be0                spi_write_buffer_wait
 .text._spi_write
                0x00004d2c       0x7a src/ASF/sam0/drivers/sercom/spi/spi_interrupt.o
 *fill*         0x00004da6        0x2 
 .text._spi_write_dummy
                0x00004da8       0x34 src/ASF/sam0/drivers/sercom/spi/spi_interrupt.o
 .text._spi_read_dummy
                0x00004ddc       0x36 src/ASF/sam0/drivers/sercom/spi/spi_interrupt.o
 .text._spi_read
                0x00004e12       0x70 src/ASF/sam0/drivers/sercom/spi/spi_interrupt.o
 *fill*         0x00004e82        0x2 
 .text._spi_interrupt_handler
                0x00004e84      0x280 src/ASF/sam0/drivers/sercom/spi/spi_interrupt.o
                0x00004e84                _spi_interrupt_handler
 .text.system_gclk_chan_get_config_defaults
                0x00005104       0x16 src/ASF/sam0/drivers/sercom/usart/usart.o
 *fill*         0x0000511a        0x2 
 .text.system_apb_clock_set_mask
                0x0000511c       0x5c src/ASF/sam0/drivers/sercom/usart/usart.o
 .text.system_pinmux_get_config_defaults
                0x00005178       0x28 src/ASF/sam0/drivers/sercom/usart/usart.o
 .text.system_is_debugger_present
                0x000051a0       0x20 src/ASF/sam0/drivers/sercom/usart/usart.o
 .text.usart_is_syncing
                0x000051c0       0x20 src/ASF/sam0/drivers/sercom/usart/usart.o
 .text._usart_wait_for_sync
                0x000051e0       0x24 src/ASF/sam0/drivers/sercom/usart/usart.o
 .text._usart_set_config
                0x00005204      0x2dc src/ASF/sam0/drivers/sercom/usart/usart.o
 .text.usart_init
                0x000054e0      0x274 src/ASF/sam0/drivers/sercom/usart/usart.o
                0x000054e0                usart_init
 .text.usart_write_wait
                0x00005754       0x64 src/ASF/sam0/drivers/sercom/usart/usart.o
                0x00005754                usart_write_wait
 .text.usart_read_wait
                0x000057b8       0xec src/ASF/sam0/drivers/sercom/usart/usart.o
                0x000057b8                usart_read_wait
 .text.system_interrupt_enter_critical_section
                0x000058a4       0x14 src/ASF/sam0/drivers/sercom/usart/usart_interrupt.o
 .text.system_interrupt_leave_critical_section
                0x000058b8       0x14 src/ASF/sam0/drivers/sercom/usart/usart_interrupt.o
 .text.usart_is_syncing
                0x000058cc       0x20 src/ASF/sam0/drivers/sercom/usart/usart_interrupt.o
 .text._usart_wait_for_sync
                0x000058ec       0x24 src/ASF/sam0/drivers/sercom/usart/usart_interrupt.o
 .text._usart_write_buffer
                0x00005910       0x5c src/ASF/sam0/drivers/sercom/usart/usart_interrupt.o
                0x00005910                _usart_write_buffer
 .text._usart_read_buffer
                0x0000596c       0x78 src/ASF/sam0/drivers/sercom/usart/usart_interrupt.o
                0x0000596c                _usart_read_buffer
 .text.usart_register_callback
                0x000059e4       0x48 src/ASF/sam0/drivers/sercom/usart/usart_interrupt.o
                0x000059e4                usart_register_callback
 .text.usart_write_buffer_job
                0x00005a2c       0x48 src/ASF/sam0/drivers/sercom/usart/usart_interrupt.o
                0x00005a2c                usart_write_buffer_job
 .text.usart_read_buffer_job
                0x00005a74       0x48 src/ASF/sam0/drivers/sercom/usart/usart_interrupt.o
                0x00005a74                usart_read_buffer_job
 .text.usart_get_job_status
                0x00005abc       0x50 src/ASF/sam0/drivers/sercom/usart/usart_interrupt.o
                0x00005abc                usart_get_job_status
 .text._usart_interrupt_handler
                0x00005b0c      0x340 src/ASF/sam0/drivers/sercom/usart/usart_interrupt.o
                0x00005b0c                _usart_interrupt_handler
 .text.system_gclk_gen_get_config_defaults
                0x00005e4c       0x2e src/ASF/sam0/drivers/system/clock/clock_samd21_r21_da_ha1/clock.o
 .text.system_gclk_chan_get_config_defaults
                0x00005e7a       0x16 src/ASF/sam0/drivers/system/clock/clock_samd21_r21_da_ha1/clock.o
 .text.system_clock_source_xosc32k_get_config_defaults
                0x00005e90       0x48 src/ASF/sam0/drivers/system/clock/clock_samd21_r21_da_ha1/clock.o
 .text.system_clock_source_osc8m_get_config_defaults
                0x00005ed8       0x22 src/ASF/sam0/drivers/system/clock/clock_samd21_r21_da_ha1/clock.o
 .text.system_clock_source_dfll_get_config_defaults
                0x00005efa       0x52 src/ASF/sam0/drivers/system/clock/clock_samd21_r21_da_ha1/clock.o
 .text.system_cpu_clock_set_divider
                0x00005f4c       0x20 src/ASF/sam0/drivers/system/clock/clock_samd21_r21_da_ha1/clock.o
 .text.system_apb_clock_set_divider
                0x00005f6c       0x54 src/ASF/sam0/drivers/system/clock/clock_samd21_r21_da_ha1/clock.o
 .text.system_flash_set_waitstates
                0x00005fc0       0x34 src/ASF/sam0/drivers/system/clock/clock_samd21_r21_da_ha1/clock.o
 .text._system_dfll_wait_for_sync
                0x00005ff4       0x1c src/ASF/sam0/drivers/system/clock/clock_samd21_r21_da_ha1/clock.o
 .text._system_clock_source_dfll_set_config_errata_9905
                0x00006010       0x44 src/ASF/sam0/drivers/system/clock/clock_samd21_r21_da_ha1/clock.o
 .text.system_clock_source_get_hz
                0x00006054       0xc0 src/ASF/sam0/drivers/system/clock/clock_samd21_r21_da_ha1/clock.o
                0x00006054                system_clock_source_get_hz
 .text.system_clock_source_osc8m_set_config
                0x00006114       0x78 src/ASF/sam0/drivers/system/clock/clock_samd21_r21_da_ha1/clock.o
                0x00006114                system_clock_source_osc8m_set_config
 .text.system_clock_source_xosc32k_set_config
                0x0000618c      0x120 src/ASF/sam0/drivers/system/clock/clock_samd21_r21_da_ha1/clock.o
                0x0000618c                system_clock_source_xosc32k_set_config
 .text.system_clock_source_dfll_set_config
                0x000062ac       0xd0 src/ASF/sam0/drivers/system/clock/clock_samd21_r21_da_ha1/clock.o
                0x000062ac                system_clock_source_dfll_set_config
 .text.system_clock_source_enable
                0x0000637c       0xac src/ASF/sam0/drivers/system/clock/clock_samd21_r21_da_ha1/clock.o
                0x0000637c                system_clock_source_enable
 .text.system_clock_source_is_ready
                0x00006428       0x84 src/ASF/sam0/drivers/system/clock/clock_samd21_r21_da_ha1/clock.o
                0x00006428                system_clock_source_is_ready
 .text._switch_peripheral_gclk
                0x000064ac       0x38 src/ASF/sam0/drivers/system/clock/clock_samd21_r21_da_ha1/clock.o
 .text.system_clock_init
                0x000064e4      0x270 src/ASF/sam0/drivers/system/clock/clock_samd21_r21_da_ha1/clock.o
                0x000064e4                system_clock_init
 .text.system_apb_clock_set_mask
                0x00006754       0x5c src/ASF/sam0/drivers/system/clock/clock_samd21_r21_da_ha1/gclk.o
 .text.system_interrupt_enter_critical_section
                0x000067b0       0x14 src/ASF/sam0/drivers/system/clock/clock_samd21_r21_da_ha1/gclk.o
 .text.system_interrupt_leave_critical_section
                0x000067c4       0x14 src/ASF/sam0/drivers/system/clock/clock_samd21_r21_da_ha1/gclk.o
 .text.system_gclk_is_syncing
                0x000067d8       0x20 src/ASF/sam0/drivers/system/clock/clock_samd21_r21_da_ha1/gclk.o
 .text.system_gclk_init
                0x000067f8       0x30 src/ASF/sam0/drivers/system/clock/clock_samd21_r21_da_ha1/gclk.o
                0x000067f8                system_gclk_init
 .text.system_gclk_gen_set_config
                0x00006828      0x124 src/ASF/sam0/drivers/system/clock/clock_samd21_r21_da_ha1/gclk.o
                0x00006828                system_gclk_gen_set_config
 .text.system_gclk_gen_enable
                0x0000694c       0x5c src/ASF/sam0/drivers/system/clock/clock_samd21_r21_da_ha1/gclk.o
                0x0000694c                system_gclk_gen_enable
 .text.system_gclk_gen_get_hz
                0x000069a8       0xd8 src/ASF/sam0/drivers/system/clock/clock_samd21_r21_da_ha1/gclk.o
                0x000069a8                system_gclk_gen_get_hz
 .text.system_gclk_chan_set_config
                0x00006a80       0x44 src/ASF/sam0/drivers/system/clock/clock_samd21_r21_da_ha1/gclk.o
                0x00006a80                system_gclk_chan_set_config
 .text.system_gclk_chan_enable
                0x00006ac4       0x48 src/ASF/sam0/drivers/system/clock/clock_samd21_r21_da_ha1/gclk.o
                0x00006ac4                system_gclk_chan_enable
 .text.system_gclk_chan_disable
                0x00006b0c       0x98 src/ASF/sam0/drivers/system/clock/clock_samd21_r21_da_ha1/gclk.o
                0x00006b0c                system_gclk_chan_disable
 .text.system_gclk_chan_get_hz
                0x00006ba4       0x58 src/ASF/sam0/drivers/system/clock/clock_samd21_r21_da_ha1/gclk.o
                0x00006ba4                system_gclk_chan_get_hz
 .text.system_pinmux_get_group_from_gpio_pin
                0x00006bfc       0x60 src/ASF/sam0/drivers/system/pinmux/pinmux.o
 .text._system_pinmux_config
                0x00006c5c      0x110 src/ASF/sam0/drivers/system/pinmux/pinmux.o
 .text.system_pinmux_pin_set_config
                0x00006d6c       0x48 src/ASF/sam0/drivers/system/pinmux/pinmux.o
                0x00006d6c                system_pinmux_pin_set_config
 .text._system_dummy_init
                0x00006db4        0xa src/ASF/sam0/drivers/system/system.o
                0x00006db4                _system_extint_init
                0x00006db4                _system_events_init
                0x00006db4                _system_dummy_init
                0x00006db4                _system_divas_init
 *fill*         0x00006dbe        0x2 
 .text.system_init
                0x00006dc0       0x34 src/ASF/sam0/drivers/system/system.o
                0x00006dc0                system_init
 .text.Reset_Handler
                0x00006df4       0xf8 src/ASF/sam0/utils/cmsis/samd21/source/gcc/startup_samd21.o
                0x00006df4                Reset_Handler
 .text.Dummy_Handler
                0x00006eec        0x6 src/ASF/sam0/utils/cmsis/samd21/source/gcc/startup_samd21.o
                0x00006eec                DMAC_Handler
                0x00006eec                HardFault_Handler
                0x00006eec                AC_Handler
                0x00006eec                PendSV_Handler
                0x00006eec                NMI_Handler
                0x00006eec                ADC_Handler
                0x00006eec                TCC1_Handler
                0x00006eec                TCC0_Handler
                0x00006eec                RTC_Handler
                0x00006eec                EIC_Handler
                0x00006eec                WDT_Handler
                0x00006eec                TC4_Handler
                0x00006eec                USB_Handler
                0x00006eec                TC3_Handler
                0x00006eec                Dummy_Handler
                0x00006eec                PM_Handler
                0x00006eec                SVC_Handler
                0x00006eec                TCC2_Handler
                0x00006eec                EVSYS_Handler
                0x00006eec                I2S_Handler
                0x00006eec                NVMCTRL_Handler
                0x00006eec                DAC_Handler
                0x00006eec                PTC_Handler
                0x00006eec                TC5_Handler
                0x00006eec                SYSCTRL_Handler
 *fill*         0x00006ef2        0x2 
 .text._read    0x00006ef4       0x54 src/ASF/sam0/utils/stdio/read.o
                0x00006ef4                _read
 .text._write   0x00006f48       0x6c src/ASF/sam0/utils/stdio/write.o
                0x00006f48                _write
 .text._sbrk    0x00006fb4       0x3c src/ASF/sam0/utils/syscalls/gcc/syscalls.o
                0x00006fb4                _sbrk
 .text._close   0x00006ff0       0x14 src/ASF/sam0/utils/syscalls/gcc/syscalls.o
                0x00006ff0                _close
 .text._fstat   0x00007004       0x1c src/ASF/sam0/utils/syscalls/gcc/syscalls.o
                0x00007004                _fstat
 .text._lseek   0x00007020       0x16 src/ASF/sam0/utils/syscalls/gcc/syscalls.o
                0x00007020                _lseek
 .text.rtc_calendar_get_time_defaults
                0x00007036       0x3c src/ASF/thirdparty/fatfs/fatfs-port-r0.09/diskio.o
 *fill*         0x00007072        0x2 
 .text.rtc_calendar_get_config_defaults
                0x00007074       0xa4 src/ASF/thirdparty/fatfs/fatfs-port-r0.09/diskio.o
 .text.configure_rtc_calendar
                0x00007118       0x94 src/ASF/thirdparty/fatfs/fatfs-port-r0.09/diskio.o
 .text.disk_initialize
                0x000071ac       0x84 src/ASF/thirdparty/fatfs/fatfs-port-r0.09/diskio.o
                0x000071ac                disk_initialize
 .text.disk_status
                0x00007230       0x38 src/ASF/thirdparty/fatfs/fatfs-port-r0.09/diskio.o
                0x00007230                disk_status
 .text.disk_read
                0x00007268       0xd8 src/ASF/thirdparty/fatfs/fatfs-port-r0.09/diskio.o
                0x00007268                disk_read
 .text.disk_write
                0x00007340       0xd8 src/ASF/thirdparty/fatfs/fatfs-port-r0.09/diskio.o
                0x00007340                disk_write
 .text.disk_ioctl
                0x00007418       0xf8 src/ASF/thirdparty/fatfs/fatfs-port-r0.09/diskio.o
                0x00007418                disk_ioctl
 .text.get_fattime
                0x00007510       0x60 src/ASF/thirdparty/fatfs/fatfs-port-r0.09/sam0/fattime_rtc.o
                0x00007510                get_fattime
 .text.mem_cpy  0x00007570       0x38 src/ASF/thirdparty/fatfs/fatfs-r0.09/src/ff.o
 .text.mem_set  0x000075a8       0x30 src/ASF/thirdparty/fatfs/fatfs-r0.09/src/ff.o
 .text.mem_cmp  0x000075d8       0x4a src/ASF/thirdparty/fatfs/fatfs-r0.09/src/ff.o
 .text.chk_chr  0x00007622       0x32 src/ASF/thirdparty/fatfs/fatfs-r0.09/src/ff.o
 .text.move_window
                0x00007654       0xc8 src/ASF/thirdparty/fatfs/fatfs-r0.09/src/ff.o
 .text.sync     0x0000771c      0x198 src/ASF/thirdparty/fatfs/fatfs-r0.09/src/ff.o
 .text.clust2sect
                0x000078b4       0x38 src/ASF/thirdparty/fatfs/fatfs-r0.09/src/ff.o
 .text.get_fat  0x000078ec      0x16c src/ASF/thirdparty/fatfs/fatfs-r0.09/src/ff.o
 .text.put_fat  0x00007a58      0x23c src/ASF/thirdparty/fatfs/fatfs-r0.09/src/ff.o
 .text.remove_chain
                0x00007c94       0xc8 src/ASF/thirdparty/fatfs/fatfs-r0.09/src/ff.o
 .text.create_chain
                0x00007d5c      0x13c src/ASF/thirdparty/fatfs/fatfs-r0.09/src/ff.o
 .text.dir_sdi  0x00007e98      0x130 src/ASF/thirdparty/fatfs/fatfs-r0.09/src/ff.o
 .text.dir_next
                0x00007fc8      0x1f0 src/ASF/thirdparty/fatfs/fatfs-r0.09/src/ff.o
 .text.cmp_lfn  0x000081b8      0x104 src/ASF/thirdparty/fatfs/fatfs-r0.09/src/ff.o
 .text.pick_lfn
                0x000082bc       0xe4 src/ASF/thirdparty/fatfs/fatfs-r0.09/src/ff.o
 .text.fit_lfn  0x000083a0      0x110 src/ASF/thirdparty/fatfs/fatfs-r0.09/src/ff.o
 .text.gen_numname
                0x000084b0      0x100 src/ASF/thirdparty/fatfs/fatfs-r0.09/src/ff.o
 .text.sum_sfn  0x000085b0       0x4e src/ASF/thirdparty/fatfs/fatfs-r0.09/src/ff.o
 *fill*         0x000085fe        0x2 
 .text.dir_find
                0x00008600      0x1fc src/ASF/thirdparty/fatfs/fatfs-r0.09/src/ff.o
 .text.dir_read
                0x000087fc      0x1c4 src/ASF/thirdparty/fatfs/fatfs-r0.09/src/ff.o
 .text.dir_register
                0x000089c0      0x368 src/ASF/thirdparty/fatfs/fatfs-r0.09/src/ff.o
 .text.dir_remove
                0x00008d28       0xd8 src/ASF/thirdparty/fatfs/fatfs-r0.09/src/ff.o
 .text.create_name
                0x00008e00      0x448 src/ASF/thirdparty/fatfs/fatfs-r0.09/src/ff.o
 .text.follow_path
                0x00009248      0x138 src/ASF/thirdparty/fatfs/fatfs-r0.09/src/ff.o
 .text.check_fs
                0x00009380       0xd4 src/ASF/thirdparty/fatfs/fatfs-r0.09/src/ff.o
 .text.chk_mounted
                0x00009454      0x5fc src/ASF/thirdparty/fatfs/fatfs-r0.09/src/ff.o
 .text.validate
                0x00009a50       0x54 src/ASF/thirdparty/fatfs/fatfs-r0.09/src/ff.o
 .text.f_mount  0x00009aa4       0x58 src/ASF/thirdparty/fatfs/fatfs-r0.09/src/ff.o
                0x00009aa4                f_mount
 .text.f_open   0x00009afc      0x530 src/ASF/thirdparty/fatfs/fatfs-r0.09/src/ff.o
                0x00009afc                f_open
 .text.f_read   0x0000a02c      0x29c src/ASF/thirdparty/fatfs/fatfs-r0.09/src/ff.o
                0x0000a02c                f_read
 .text.f_write  0x0000a2c8      0x350 src/ASF/thirdparty/fatfs/fatfs-r0.09/src/ff.o
                0x0000a2c8                f_write
 .text.f_sync   0x0000a618      0x180 src/ASF/thirdparty/fatfs/fatfs-r0.09/src/ff.o
                0x0000a618                f_sync
 .text.f_close  0x0000a798       0x3c src/ASF/thirdparty/fatfs/fatfs-r0.09/src/ff.o
                0x0000a798                f_close
 .text.f_unlink
                0x0000a7d4      0x260 src/ASF/thirdparty/fatfs/fatfs-r0.09/src/ff.o
                0x0000a7d4                f_unlink
 .text.f_putc   0x0000aa34       0x48 src/ASF/thirdparty/fatfs/fatfs-r0.09/src/ff.o
                0x0000aa34                f_putc
 .text.f_puts   0x0000aa7c       0x4c src/ASF/thirdparty/fatfs/fatfs-r0.09/src/ff.o
                0x0000aa7c                f_puts
 .text.ff_convert
                0x0000aac8       0xac src/ASF/thirdparty/fatfs/fatfs-r0.09/src/option/ccsbcs.o
                0x0000aac8                ff_convert
 .text.ff_wtoupper
                0x0000ab74       0x60 src/ASF/thirdparty/fatfs/fatfs-r0.09/src/option/ccsbcs.o
                0x0000ab74                ff_wtoupper
 .text.NVIC_SystemReset
                0x0000abd4       0x1c src/BootMain.o
 .text.system_apb_clock_set_mask
                0x0000abf0       0x5c src/BootMain.o
 .text.nvm_get_config_defaults
                0x0000ac4c       0x3c src/BootMain.o
 .text.system_reset
                0x0000ac88       0x14 src/BootMain.o
 .text.system_interrupt_enable_global
                0x0000ac9c       0x1c src/BootMain.o
 .text.dsu_crc32_init
                0x0000acb8       0x18 src/BootMain.o
 .text.main     0x0000acd0      0x1cc src/BootMain.o
                0x0000acd0                main
 .text.StartFilesystemAndTest
                0x0000ae9c      0x2a8 src/BootMain.o
 .text.jumpToApplication
                0x0000b144       0x38 src/BootMain.o
 .text.configure_nvm
                0x0000b17c       0x2c src/BootMain.o
 .text.perform_nvm_crc
                0x0000b1a8       0xfc src/BootMain.o
 .text.write_nvm
                0x0000b2a4       0x80 src/BootMain.o
 .text.erase_nvm
                0x0000b324       0xac src/BootMain.o
 .text.flash_bin
                0x0000b3d0      0x16c src/BootMain.o
 .text          0x0000b53c      0x114 c:/program files (x86)/atmel/studio/7.0/toolchain/arm/arm-gnu-toolchain/bin/../lib/gcc/arm-none-eabi/6.3.1/thumb/v6-m\libgcc.a(_udivsi3.o)
                0x0000b53c                __aeabi_uidiv
                0x0000b53c                __udivsi3
                0x0000b648                __aeabi_uidivmod
 .text          0x0000b650      0x1d4 c:/program files (x86)/atmel/studio/7.0/toolchain/arm/arm-gnu-toolchain/bin/../lib/gcc/arm-none-eabi/6.3.1/thumb/v6-m\libgcc.a(_divsi3.o)
                0x0000b650                __divsi3
                0x0000b650                __aeabi_idiv
                0x0000b81c                __aeabi_idivmod
 .text          0x0000b824        0x4 c:/program files (x86)/atmel/studio/7.0/toolchain/arm/arm-gnu-toolchain/bin/../lib/gcc/arm-none-eabi/6.3.1/thumb/v6-m\libgcc.a(_dvmd_tls.o)
                0x0000b824                __aeabi_idiv0
                0x0000b824                __aeabi_ldiv0
 .text          0x0000b828       0x54 c:/program files (x86)/atmel/studio/7.0/toolchain/arm/arm-gnu-toolchain/bin/../lib/gcc/arm-none-eabi/6.3.1/thumb/v6-m\libgcc.a(_muldi3.o)
                0x0000b828                __muldi3
                0x0000b828                __aeabi_lmul
 .text.__libc_init_array
                0x0000b87c       0x48 c:/program files (x86)/atmel/studio/7.0/toolchain/arm/arm-gnu-toolchain/bin/../lib/gcc/arm-none-eabi/6.3.1/../../../../arm-none-eabi/lib/thumb/v6-m\libc_nano.a(lib_a-init.o)
                0x0000b87c                __libc_init_array
 .text.malloc   0x0000b8c4       0x14 c:/program files (x86)/atmel/studio/7.0/toolchain/arm/arm-gnu-toolchain/bin/../lib/gcc/arm-none-eabi/6.3.1/../../../../arm-none-eabi/lib/thumb/v6-m\libc_nano.a(lib_a-malloc.o)
                0x0000b8c4                malloc
 .text.memcpy   0x0000b8d8       0x12 c:/program files (x86)/atmel/studio/7.0/toolchain/arm/arm-gnu-toolchain/bin/../lib/gcc/arm-none-eabi/6.3.1/../../../../arm-none-eabi/lib/thumb/v6-m\libc_nano.a(lib_a-memcpy-stub.o)
                0x0000b8d8                memcpy
 .text.memset   0x0000b8ea       0x10 c:/program files (x86)/atmel/studio/7.0/toolchain/arm/arm-gnu-toolchain/bin/../lib/gcc/arm-none-eabi/6.3.1/../../../../arm-none-eabi/lib/thumb/v6-m\libc_nano.a(lib_a-memset.o)
                0x0000b8ea                memset
 *fill*         0x0000b8fa        0x2 
 .text._free_r  0x0000b8fc       0x94 c:/program files (x86)/atmel/studio/7.0/toolchain/arm/arm-gnu-toolchain/bin/../lib/gcc/arm-none-eabi/6.3.1/../../../../arm-none-eabi/lib/thumb/v6-m\libc_nano.a(lib_a-nano-freer.o)
                0x0000b8fc                _free_r
 .text._malloc_r
                0x0000b990       0xbc c:/program files (x86)/atmel/studio/7.0/toolchain/arm/arm-gnu-toolchain/bin/../lib/gcc/arm-none-eabi/6.3.1/../../../../arm-none-eabi/lib/thumb/v6-m\libc_nano.a(lib_a-nano-mallocr.o)
                0x0000b990                _malloc_r
 .text._sbrk_r  0x0000ba4c       0x24 c:/program files (x86)/atmel/studio/7.0/toolchain/arm/arm-gnu-toolchain/bin/../lib/gcc/arm-none-eabi/6.3.1/../../../../arm-none-eabi/lib/thumb/v6-m\libc_nano.a(lib_a-sbrkr.o)
                0x0000ba4c                _sbrk_r
 .text.setbuf   0x0000ba70       0x12 c:/program files (x86)/atmel/studio/7.0/toolchain/arm/arm-gnu-toolchain/bin/../lib/gcc/arm-none-eabi/6.3.1/../../../../arm-none-eabi/lib/thumb/v6-m\libc_nano.a(lib_a-setbuf.o)
                0x0000ba70                setbuf
 *fill*         0x0000ba82        0x2 
 .text.setvbuf  0x0000ba84      0x158 c:/program files (x86)/atmel/studio/7.0/toolchain/arm/arm-gnu-toolchain/bin/../lib/gcc/arm-none-eabi/6.3.1/../../../../arm-none-eabi/lib/thumb/v6-m\libc_nano.a(lib_a-setvbuf.o)
                0x0000ba84                setvbuf
 .text.snprintf
                0x0000bbdc       0x64 c:/program files (x86)/atmel/studio/7.0/toolchain/arm/arm-gnu-toolchain/bin/../lib/gcc/arm-none-eabi/6.3.1/../../../../arm-none-eabi/lib/thumb/v6-m\libc_nano.a(lib_a-snprintf.o)
                0x0000bbdc                sniprintf
                0x0000bbdc                snprintf
 .text          0x0000bc40        0xe c:/program files (x86)/atmel/studio/7.0/toolchain/arm/arm-gnu-toolchain/bin/../lib/gcc/arm-none-eabi/6.3.1/../../../../arm-none-eabi/lib/thumb/v6-m\libc_nano.a(lib_a-strlen.o)
                0x0000bc40                strlen
 *fill*         0x0000bc4e        0x2 
 .text.__sflush_r
                0x0000bc50      0x114 c:/program files (x86)/atmel/studio/7.0/toolchain/arm/arm-gnu-toolchain/bin/../lib/gcc/arm-none-eabi/6.3.1/../../../../arm-none-eabi/lib/thumb/v6-m\libc_nano.a(lib_a-fflush.o)
                0x0000bc50                __sflush_r
 .text._fflush_r
                0x0000bd64       0x58 c:/program files (x86)/atmel/studio/7.0/toolchain/arm/arm-gnu-toolchain/bin/../lib/gcc/arm-none-eabi/6.3.1/../../../../arm-none-eabi/lib/thumb/v6-m\libc_nano.a(lib_a-fflush.o)
                0x0000bd64                _fflush_r
 .text._cleanup_r
                0x0000bdbc       0x10 c:/program files (x86)/atmel/studio/7.0/toolchain/arm/arm-gnu-toolchain/bin/../lib/gcc/arm-none-eabi/6.3.1/../../../../arm-none-eabi/lib/thumb/v6-m\libc_nano.a(lib_a-findfp.o)
                0x0000bdbc                _cleanup_r
 .text.std.isra.0
                0x0000bdcc       0x48 c:/program files (x86)/atmel/studio/7.0/toolchain/arm/arm-gnu-toolchain/bin/../lib/gcc/arm-none-eabi/6.3.1/../../../../arm-none-eabi/lib/thumb/v6-m\libc_nano.a(lib_a-findfp.o)
 .text.__sfmoreglue
                0x0000be14       0x2c c:/program files (x86)/atmel/studio/7.0/toolchain/arm/arm-gnu-toolchain/bin/../lib/gcc/arm-none-eabi/6.3.1/../../../../arm-none-eabi/lib/thumb/v6-m\libc_nano.a(lib_a-findfp.o)
                0x0000be14                __sfmoreglue
 .text.__sinit  0x0000be40       0x68 c:/program files (x86)/atmel/studio/7.0/toolchain/arm/arm-gnu-toolchain/bin/../lib/gcc/arm-none-eabi/6.3.1/../../../../arm-none-eabi/lib/thumb/v6-m\libc_nano.a(lib_a-findfp.o)
                0x0000be40                __sinit
 .text.__sfp    0x0000bea8       0x80 c:/program files (x86)/atmel/studio/7.0/toolchain/arm/arm-gnu-toolchain/bin/../lib/gcc/arm-none-eabi/6.3.1/../../../../arm-none-eabi/lib/thumb/v6-m\libc_nano.a(lib_a-findfp.o)
                0x0000bea8                __sfp
 .text._fwalk_reent
                0x0000bf28       0x42 c:/program files (x86)/atmel/studio/7.0/toolchain/arm/arm-gnu-toolchain/bin/../lib/gcc/arm-none-eabi/6.3.1/../../../../arm-none-eabi/lib/thumb/v6-m\libc_nano.a(lib_a-fwalk.o)
                0x0000bf28                _fwalk_reent
 *fill*         0x0000bf6a        0x2 
 .text.__swhatbuf_r
                0x0000bf6c       0x50 c:/program files (x86)/atmel/studio/7.0/toolchain/arm/arm-gnu-toolchain/bin/../lib/gcc/arm-none-eabi/6.3.1/../../../../arm-none-eabi/lib/thumb/v6-m\libc_nano.a(lib_a-makebuf.o)
                0x0000bf6c                __swhatbuf_r
 .text.__malloc_lock
                0x0000bfbc        0x2 c:/program files (x86)/atmel/studio/7.0/toolchain/arm/arm-gnu-toolchain/bin/../lib/gcc/arm-none-eabi/6.3.1/../../../../arm-none-eabi/lib/thumb/v6-m\libc_nano.a(lib_a-mlock.o)
                0x0000bfbc                __malloc_lock
 .text.__malloc_unlock
                0x0000bfbe        0x2 c:/program files (x86)/atmel/studio/7.0/toolchain/arm/arm-gnu-toolchain/bin/../lib/gcc/arm-none-eabi/6.3.1/../../../../arm-none-eabi/lib/thumb/v6-m\libc_nano.a(lib_a-mlock.o)
                0x0000bfbe                __malloc_unlock
 .text.__ssputs_r
                0x0000bfc0       0xc4 c:/program files (x86)/atmel/studio/7.0/toolchain/arm/arm-gnu-toolchain/bin/../lib/gcc/arm-none-eabi/6.3.1/../../../../arm-none-eabi/lib/thumb/v6-m\libc_nano.a(lib_a-nano-svfprintf.o)
                0x0000bfc0                __ssputs_r
 .text._svfprintf_r
                0x0000c084      0x208 c:/program files (x86)/atmel/studio/7.0/toolchain/arm/arm-gnu-toolchain/bin/../lib/gcc/arm-none-eabi/6.3.1/../../../../arm-none-eabi/lib/thumb/v6-m\libc_nano.a(lib_a-nano-svfprintf.o)
                0x0000c084                _svfiprintf_r
                0x0000c084                _svfprintf_r
 .text._printf_common
                0x0000c28c       0xda c:/program files (x86)/atmel/studio/7.0/toolchain/arm/arm-gnu-toolchain/bin/../lib/gcc/arm-none-eabi/6.3.1/../../../../arm-none-eabi/lib/thumb/v6-m\libc_nano.a(lib_a-nano-vfprintf_i.o)
                0x0000c28c                _printf_common
 *fill*         0x0000c366        0x2 
 .text._printf_i
                0x0000c368      0x234 c:/program files (x86)/atmel/studio/7.0/toolchain/arm/arm-gnu-toolchain/bin/../lib/gcc/arm-none-eabi/6.3.1/../../../../arm-none-eabi/lib/thumb/v6-m\libc_nano.a(lib_a-nano-vfprintf_i.o)
                0x0000c368                _printf_i
 .text.__sread  0x0000c59c       0x28 c:/program files (x86)/atmel/studio/7.0/toolchain/arm/arm-gnu-toolchain/bin/../lib/gcc/arm-none-eabi/6.3.1/../../../../arm-none-eabi/lib/thumb/v6-m\libc_nano.a(lib_a-stdio.o)
                0x0000c59c                __sread
 .text.__swrite
                0x0000c5c4       0x38 c:/program files (x86)/atmel/studio/7.0/toolchain/arm/arm-gnu-toolchain/bin/../lib/gcc/arm-none-eabi/6.3.1/../../../../arm-none-eabi/lib/thumb/v6-m\libc_nano.a(lib_a-stdio.o)
                0x0000c5c4                __swrite
 .text.__sseek  0x0000c5fc       0x2c c:/program files (x86)/atmel/studio/7.0/toolchain/arm/arm-gnu-toolchain/bin/../lib/gcc/arm-none-eabi/6.3.1/../../../../arm-none-eabi/lib/thumb/v6-m\libc_nano.a(lib_a-stdio.o)
                0x0000c5fc                __sseek
 .text.__sclose
                0x0000c628        0xc c:/program files (x86)/atmel/studio/7.0/toolchain/arm/arm-gnu-toolchain/bin/../lib/gcc/arm-none-eabi/6.3.1/../../../../arm-none-eabi/lib/thumb/v6-m\libc_nano.a(lib_a-stdio.o)
                0x0000c628                __sclose
 .text._write_r
                0x0000c634       0x28 c:/program files (x86)/atmel/studio/7.0/toolchain/arm/arm-gnu-toolchain/bin/../lib/gcc/arm-none-eabi/6.3.1/../../../../arm-none-eabi/lib/thumb/v6-m\libc_nano.a(lib_a-writer.o)
                0x0000c634                _write_r
 .text._close_r
                0x0000c65c       0x24 c:/program files (x86)/atmel/studio/7.0/toolchain/arm/arm-gnu-toolchain/bin/../lib/gcc/arm-none-eabi/6.3.1/../../../../arm-none-eabi/lib/thumb/v6-m\libc_nano.a(lib_a-closer.o)
                0x0000c65c                _close_r
 .text._fstat_r
                0x0000c680       0x24 c:/program files (x86)/atmel/studio/7.0/toolchain/arm/arm-gnu-toolchain/bin/../lib/gcc/arm-none-eabi/6.3.1/../../../../arm-none-eabi/lib/thumb/v6-m\libc_nano.a(lib_a-fstatr.o)
                0x0000c680                _fstat_r
 .text._lseek_r
                0x0000c6a4       0x28 c:/program files (x86)/atmel/studio/7.0/toolchain/arm/arm-gnu-toolchain/bin/../lib/gcc/arm-none-eabi/6.3.1/../../../../arm-none-eabi/lib/thumb/v6-m\libc_nano.a(lib_a-lseekr.o)
                0x0000c6a4                _lseek_r
 .text.memchr   0x0000c6cc       0x16 c:/program files (x86)/atmel/studio/7.0/toolchain/arm/arm-gnu-toolchain/bin/../lib/gcc/arm-none-eabi/6.3.1/../../../../arm-none-eabi/lib/thumb/v6-m\libc_nano.a(lib_a-memchr-stub.o)
                0x0000c6cc                memchr
 .text.memmove  0x0000c6e2       0x24 c:/program files (x86)/atmel/studio/7.0/toolchain/arm/arm-gnu-toolchain/bin/../lib/gcc/arm-none-eabi/6.3.1/../../../../arm-none-eabi/lib/thumb/v6-m\libc_nano.a(lib_a-memmove.o)
                0x0000c6e2                memmove
 .text._realloc_r
                0x0000c706       0x4c c:/program files (x86)/atmel/studio/7.0/toolchain/arm/arm-gnu-toolchain/bin/../lib/gcc/arm-none-eabi/6.3.1/../../../../arm-none-eabi/lib/thumb/v6-m\libc_nano.a(lib_a-nano-reallocr.o)
                0x0000c706                _realloc_r
 *fill*         0x0000c752        0x2 
 .text._read_r  0x0000c754       0x28 c:/program files (x86)/atmel/studio/7.0/toolchain/arm/arm-gnu-toolchain/bin/../lib/gcc/arm-none-eabi/6.3.1/../../../../arm-none-eabi/lib/thumb/v6-m\libc_nano.a(lib_a-readr.o)
                0x0000c754                _read_r
 .text._malloc_usable_size_r
                0x0000c77c       0x10 c:/program files (x86)/atmel/studio/7.0/toolchain/arm/arm-gnu-toolchain/bin/../lib/gcc/arm-none-eabi/6.3.1/../../../../arm-none-eabi/lib/thumb/v6-m\libc_nano.a(lib_a-nano-msizer.o)
                0x0000c77c                _malloc_usable_size_r
 *(.glue_7t)
 .glue_7t       0x0000c78c        0x0 linker stubs
 *(.glue_7)
 .glue_7        0x0000c78c        0x0 linker stubs
 *(.rodata .rodata* .gnu.linkonce.r.*)
 .rodata.nvm_execute_command
                0x0000c78c      0x118 src/ASF/sam0/drivers/nvm/nvm.o
 .rodata.sd_mmc_trans_units
                0x0000c8a4       0x1c src/ASF/common2/components/memory/sd_mmc/sd_mmc.o
                0x0000c8a4                sd_mmc_trans_units
 .rodata.sd_trans_multipliers
                0x0000c8c0       0x40 src/ASF/common2/components/memory/sd_mmc/sd_mmc.o
                0x0000c8c0                sd_trans_multipliers
 .rodata.mmc_trans_multipliers
                0x0000c900       0x40 src/ASF/common2/components/memory/sd_mmc/sd_mmc.o
                0x0000c900                mmc_trans_multipliers
 .rodata        0x0000c940       0x15 src/ASF/common/services/storage/ctrl_access/ctrl_access.o
 *fill*         0x0000c955        0x3 
 .rodata.lun_desc
                0x0000c958       0x20 src/ASF/common/services/storage/ctrl_access/ctrl_access.o
 .rodata        0x0000c978       0x18 src/ASF/sam0/drivers/sercom/sercom.o
 .rodata        0x0000c990        0x6 src/ASF/sam0/drivers/sercom/sercom_interrupt.o
 *fill*         0x0000c996        0x2 
 .rodata.system_clock_source_get_hz
                0x0000c998       0x24 src/ASF/sam0/drivers/system/clock/clock_samd21_r21_da_ha1/clock.o
 .rodata.system_clock_source_enable
                0x0000c9bc       0x24 src/ASF/sam0/drivers/system/clock/clock_samd21_r21_da_ha1/clock.o
 .rodata.system_clock_source_is_ready
                0x0000c9e0       0x24 src/ASF/sam0/drivers/system/clock/clock_samd21_r21_da_ha1/clock.o
 .rodata.LfnOfs
                0x0000ca04        0xd src/ASF/thirdparty/fatfs/fatfs-r0.09/src/ff.o
 *fill*         0x0000ca11        0x3 
 .rodata        0x0000ca14       0x48 src/ASF/thirdparty/fatfs/fatfs-r0.09/src/ff.o
 .rodata.excvt.4558
                0x0000ca5c       0x80 src/ASF/thirdparty/fatfs/fatfs-r0.09/src/ff.o
 .rodata.Tbl    0x0000cadc      0x100 src/ASF/thirdparty/fatfs/fatfs-r0.09/src/option/ccsbcs.o
 .rodata.tbl_lower.4308
                0x0000cbdc      0x1e0 src/ASF/thirdparty/fatfs/fatfs-r0.09/src/option/ccsbcs.o
 .rodata.tbl_upper.4309
                0x0000cdbc      0x1e0 src/ASF/thirdparty/fatfs/fatfs-r0.09/src/option/ccsbcs.o
 .rodata        0x0000cf9c      0x3a4 src/BootMain.o
 .rodata._global_impure_ptr
                0x0000d340        0x4 c:/program files (x86)/atmel/studio/7.0/toolchain/arm/arm-gnu-toolchain/bin/../lib/gcc/arm-none-eabi/6.3.1/../../../../arm-none-eabi/lib/thumb/v6-m\libc_nano.a(lib_a-impure.o)
                0x0000d340                _global_impure_ptr
 .rodata.__sf_fake_stderr
                0x0000d344       0x20 c:/program files (x86)/atmel/studio/7.0/toolchain/arm/arm-gnu-toolchain/bin/../lib/gcc/arm-none-eabi/6.3.1/../../../../arm-none-eabi/lib/thumb/v6-m\libc_nano.a(lib_a-findfp.o)
                0x0000d344                __sf_fake_stderr
 .rodata.__sf_fake_stdin
                0x0000d364       0x20 c:/program files (x86)/atmel/studio/7.0/toolchain/arm/arm-gnu-toolchain/bin/../lib/gcc/arm-none-eabi/6.3.1/../../../../arm-none-eabi/lib/thumb/v6-m\libc_nano.a(lib_a-findfp.o)
                0x0000d364                __sf_fake_stdin
 .rodata.__sf_fake_stdout
                0x0000d384       0x20 c:/program files (x86)/atmel/studio/7.0/toolchain/arm/arm-gnu-toolchain/bin/../lib/gcc/arm-none-eabi/6.3.1/../../../../arm-none-eabi/lib/thumb/v6-m\libc_nano.a(lib_a-findfp.o)
                0x0000d384                __sf_fake_stdout
 .rodata._svfprintf_r.str1.1
                0x0000d3a4       0x11 c:/program files (x86)/atmel/studio/7.0/toolchain/arm/arm-gnu-toolchain/bin/../lib/gcc/arm-none-eabi/6.3.1/../../../../arm-none-eabi/lib/thumb/v6-m\libc_nano.a(lib_a-nano-svfprintf.o)
 .rodata._printf_i.str1.1
                0x0000d3b5       0x22 c:/program files (x86)/atmel/studio/7.0/toolchain/arm/arm-gnu-toolchain/bin/../lib/gcc/arm-none-eabi/6.3.1/../../../../arm-none-eabi/lib/thumb/v6-m\libc_nano.a(lib_a-nano-vfprintf_i.o)
 *(.ARM.extab* .gnu.linkonce.armextab.*)
                0x0000d3d8                . = ALIGN (0x4)
 *fill*         0x0000d3d7        0x1 
 *(.init)
 .init          0x0000d3d8        0x4 c:/program files (x86)/atmel/studio/7.0/toolchain/arm/arm-gnu-toolchain/bin/../lib/gcc/arm-none-eabi/6.3.1/thumb/v6-m/crti.o
                0x0000d3d8                _init
 .init          0x0000d3dc        0x8 c:/program files (x86)/atmel/studio/7.0/toolchain/arm/arm-gnu-toolchain/bin/../lib/gcc/arm-none-eabi/6.3.1/thumb/v6-m/crtn.o
                0x0000d3e4                . = ALIGN (0x4)
                0x0000d3e4                __preinit_array_start = .
 *(.preinit_array)
                0x0000d3e4                __preinit_array_end = .
                0x0000d3e4                . = ALIGN (0x4)
                0x0000d3e4                __init_array_start = .
 *(SORT(.init_array.*))
 *(.init_array)
 .init_array    0x0000d3e4        0x4 c:/program files (x86)/atmel/studio/7.0/toolchain/arm/arm-gnu-toolchain/bin/../lib/gcc/arm-none-eabi/6.3.1/thumb/v6-m/crtbegin.o
                0x0000d3e8                __init_array_end = .
                0x0000d3e8                . = ALIGN (0x4)
 *crtbegin.o(.ctors)
 *(EXCLUDE_FILE(*crtend.o) .ctors)
 *(SORT(.ctors.*))
 *crtend.o(.ctors)
                0x0000d3e8                . = ALIGN (0x4)
 *(.fini)
 .fini          0x0000d3e8        0x4 c:/program files (x86)/atmel/studio/7.0/toolchain/arm/arm-gnu-toolchain/bin/../lib/gcc/arm-none-eabi/6.3.1/thumb/v6-m/crti.o
                0x0000d3e8                _fini
 .fini          0x0000d3ec        0x8 c:/program files (x86)/atmel/studio/7.0/toolchain/arm/arm-gnu-toolchain/bin/../lib/gcc/arm-none-eabi/6.3.1/thumb/v6-m/crtn.o
                0x0000d3f4                . = ALIGN (0x4)
                0x0000d3f4                __fini_array_start = .
 *(.fini_array)
 .fini_array    0x0000d3f4        0x4 c:/program files (x86)/atmel/studio/7.0/toolchain/arm/arm-gnu-toolchain/bin/../lib/gcc/arm-none-eabi/6.3.1/thumb/v6-m/crtbegin.o
 *(SORT(.fini_array.*))
                0x0000d3f8                __fini_array_end = .
 *crtbegin.o(.dtors)
 *(EXCLUDE_FILE(*crtend.o) .dtors)
 *(SORT(.dtors.*))
 *crtend.o(.dtors)
                0x0000d3f8                . = ALIGN (0x4)
                0x0000d3f8                _efixed = .
                [!provide]                PROVIDE (__exidx_start, .)

.vfp11_veneer   0x0000d3f8        0x0
 .vfp11_veneer  0x0000d3f8        0x0 linker stubs

.v4_bx          0x0000d3f8        0x0
 .v4_bx         0x0000d3f8        0x0 linker stubs

.iplt           0x0000d3f8        0x0
 .iplt          0x0000d3f8        0x0 c:/program files (x86)/atmel/studio/7.0/toolchain/arm/arm-gnu-toolchain/bin/../lib/gcc/arm-none-eabi/6.3.1/thumb/v6-m/crtbegin.o

.eh_frame       0x0000d3f8        0x0
 .eh_frame      0x0000d3f8        0x0 c:/program files (x86)/atmel/studio/7.0/toolchain/arm/arm-gnu-toolchain/bin/../lib/gcc/arm-none-eabi/6.3.1/thumb/v6-m/crtbegin.o

.rel.dyn        0x0000d3f8        0x0
 .rel.iplt      0x0000d3f8        0x0 c:/program files (x86)/atmel/studio/7.0/toolchain/arm/arm-gnu-toolchain/bin/../lib/gcc/arm-none-eabi/6.3.1/thumb/v6-m/crtbegin.o

.jcr            0x0000d3f8        0x0
 .jcr           0x0000d3f8        0x0 c:/program files (x86)/atmel/studio/7.0/toolchain/arm/arm-gnu-toolchain/bin/../lib/gcc/arm-none-eabi/6.3.1/thumb/v6-m/crtbegin.o

.igot.plt       0x0000d3f8        0x0
 .igot.plt      0x0000d3f8        0x0 c:/program files (x86)/atmel/studio/7.0/toolchain/arm/arm-gnu-toolchain/bin/../lib/gcc/arm-none-eabi/6.3.1/thumb/v6-m/crtbegin.o

.ARM.exidx
 *(.ARM.exidx* .gnu.linkonce.armexidx.*)
                [!provide]                PROVIDE (__exidx_end, .)
                0x0000d3f8                . = ALIGN (0x4)
                0x0000d3f8                _etext = .

.relocate       0x20000000       0xdc load address 0x0000d3f8
                0x20000000                . = ALIGN (0x4)
                0x20000000                _srelocate = .
 *(.ramfunc .ramfunc.*)
 *(.data .data.*)
 .data.cycles_per_ms
                0x20000000        0x4 src/ASF/common2/services/delay/sam0/systick_counter.o
 .data.cycles_per_us
                0x20000004        0x4 src/ASF/common2/services/delay/sam0/systick_counter.o
 .data.ss_pins  0x20000008        0x1 src/ASF/common2/components/memory/sd_mmc/sd_mmc_spi.o
                0x20000008                ss_pins
 .data.g_interrupt_enabled
                0x20000009        0x1 src/ASF/common/utils/interrupt/interrupt_sam_nvic.o
                0x20000009                g_interrupt_enabled
 *fill*         0x2000000a        0x2 
 .data.test_file_name
                0x2000000c       0x12 src/BootMain.o
                0x2000000c                test_file_name
 *fill*         0x2000001e        0x2 
 .data.test_bin_file
                0x20000020       0x10 src/BootMain.o
                0x20000020                test_bin_file
 .data.test_bin_TestA
                0x20000030       0x16 src/BootMain.o
                0x20000030                test_bin_TestA
 *fill*         0x20000046        0x2 
 .data.test_bin_TestB
                0x20000048        0xc src/BootMain.o
                0x20000048                test_bin_TestB
 .data.test_txt_flagA
                0x20000054       0x16 src/BootMain.o
                0x20000054                test_txt_flagA
 *fill*         0x2000006a        0x2 
 .data.test_txt_flagB
                0x2000006c        0xc src/BootMain.o
                0x2000006c                test_txt_flagB
 .data._impure_ptr
                0x20000078        0x4 c:/program files (x86)/atmel/studio/7.0/toolchain/arm/arm-gnu-toolchain/bin/../lib/gcc/arm-none-eabi/6.3.1/../../../../arm-none-eabi/lib/thumb/v6-m\libc_nano.a(lib_a-impure.o)
                0x20000078                _impure_ptr
 .data.impure_data
                0x2000007c       0x60 c:/program files (x86)/atmel/studio/7.0/toolchain/arm/arm-gnu-toolchain/bin/../lib/gcc/arm-none-eabi/6.3.1/../../../../arm-none-eabi/lib/thumb/v6-m\libc_nano.a(lib_a-impure.o)
                0x200000dc                . = ALIGN (0x4)
                0x200000dc                _erelocate = .

.bss            0x200000dc      0xd04 load address 0x0000d4d4
                0x200000dc                . = ALIGN (0x4)
                0x200000dc                _sbss = .
                0x200000dc                _szero = .
 *(.bss .bss.*)
 .bss           0x200000dc       0x1c c:/program files (x86)/atmel/studio/7.0/toolchain/arm/arm-gnu-toolchain/bin/../lib/gcc/arm-none-eabi/6.3.1/thumb/v6-m/crtbegin.o
 .bss.ul_tickcount
                0x200000f8        0x4 src/Systick/Systick.o
 .bss._nvm_dev  0x200000fc        0x6 src/ASF/sam0/drivers/nvm/nvm.o
 *fill*         0x20000102        0x2 
 .bss.sd_mmc_cards
                0x20000104       0x20 src/ASF/common2/components/memory/sd_mmc/sd_mmc.o
 .bss.sd_mmc_slot_sel
                0x20000124        0x1 src/ASF/common2/components/memory/sd_mmc/sd_mmc.o
 *fill*         0x20000125        0x3 
 .bss.sd_mmc_card
                0x20000128        0x4 src/ASF/common2/components/memory/sd_mmc/sd_mmc.o
 .bss.sd_mmc_nb_block_to_tranfer
                0x2000012c        0x2 src/ASF/common2/components/memory/sd_mmc/sd_mmc.o
 .bss.sd_mmc_nb_block_remaining
                0x2000012e        0x2 src/ASF/common2/components/memory/sd_mmc/sd_mmc.o
 .bss.sd_mmc_ejected
                0x20000130        0x2 src/ASF/common2/components/memory/sd_mmc/sd_mmc_mem.o
 *fill*         0x20000132        0x2 
 .bss.sd_mmc_master
                0x20000134       0x3c src/ASF/common2/components/memory/sd_mmc/sd_mmc_spi.o
 .bss.sd_mmc_spi_devices
                0x20000170        0x3 src/ASF/common2/components/memory/sd_mmc/sd_mmc_spi.o
 *fill*         0x20000173        0x1 
 .bss.slave_configs
                0x20000174        0x3 src/ASF/common2/components/memory/sd_mmc/sd_mmc_spi.o
 .bss.sd_mmc_spi_err
                0x20000177        0x1 src/ASF/common2/components/memory/sd_mmc/sd_mmc_spi.o
 .bss.sd_mmc_spi_response_32
                0x20000178        0x4 src/ASF/common2/components/memory/sd_mmc/sd_mmc_spi.o
 .bss.sd_mmc_spi_transfert_pos
                0x2000017c        0x4 src/ASF/common2/components/memory/sd_mmc/sd_mmc_spi.o
 .bss.sd_mmc_spi_block_size
                0x20000180        0x2 src/ASF/common2/components/memory/sd_mmc/sd_mmc_spi.o
 .bss.sd_mmc_spi_nb_block
                0x20000182        0x2 src/ASF/common2/components/memory/sd_mmc/sd_mmc_spi.o
 .bss.cpu_irq_critical_section_counter
                0x20000184        0x4 src/ASF/common/utils/interrupt/interrupt_sam_nvic.o
 .bss.cpu_irq_prev_interrupt_state
                0x20000188        0x1 src/ASF/common/utils/interrupt/interrupt_sam_nvic.o
 *fill*         0x20000189        0x3 
 .bss._sercom_config
                0x2000018c        0x2 src/ASF/sam0/drivers/sercom/sercom.o
 .bss._handler_table_initialized
                0x2000018e        0x1 src/ASF/sam0/drivers/sercom/sercom_interrupt.o
 *fill*         0x2000018f        0x1 
 .bss._sercom_interrupt_handlers
                0x20000190       0x18 src/ASF/sam0/drivers/sercom/sercom_interrupt.o
 .bss._system_clock_inst
                0x200001a8       0x18 src/ASF/sam0/drivers/system/clock/clock_samd21_r21_da_ha1/clock.o
 .bss.heap.5296
                0x200001c0        0x4 src/ASF/sam0/utils/syscalls/gcc/syscalls.o
 .bss.FatFs     0x200001c4        0x4 src/ASF/thirdparty/fatfs/fatfs-r0.09/src/ff.o
 .bss.Fsid      0x200001c8        0x2 src/ASF/thirdparty/fatfs/fatfs-r0.09/src/ff.o
 .bss.is_flashing.13812
                0x200001ca        0x1 src/BootMain.o
 *fill*         0x200001cb        0x1 
 .bss.__malloc_free_list
                0x200001cc        0x4 c:/program files (x86)/atmel/studio/7.0/toolchain/arm/arm-gnu-toolchain/bin/../lib/gcc/arm-none-eabi/6.3.1/../../../../arm-none-eabi/lib/thumb/v6-m\libc_nano.a(lib_a-nano-mallocr.o)
                0x200001cc                __malloc_free_list
 .bss.__malloc_sbrk_start
                0x200001d0        0x4 c:/program files (x86)/atmel/studio/7.0/toolchain/arm/arm-gnu-toolchain/bin/../lib/gcc/arm-none-eabi/6.3.1/../../../../arm-none-eabi/lib/thumb/v6-m\libc_nano.a(lib_a-nano-mallocr.o)
                0x200001d0                __malloc_sbrk_start
 *(COMMON)
 COMMON         0x200001d4      0x844 src/SerialConsole/SerialConsole.o
                0x200001d4                usart_instance
                0x20000208                cbufRx
                0x2000020c                latestRx
                0x20000210                txCharacterBuffer
                0x20000610                rxCharacterBuffer
                0x20000a10                latestTx
                0x20000a14                cbufTx
 COMMON         0x20000a18        0x4 src/ASF/sam0/drivers/rtc/rtc_sam_d_r_h/rtc_calendar.o
                0x20000a18                _rtc_instance
 COMMON         0x20000a1c       0x18 src/ASF/sam0/drivers/sercom/sercom_interrupt.o
                0x20000a1c                _sercom_instances
 COMMON         0x20000a34        0x2 src/ASF/sam0/drivers/sercom/spi/spi_interrupt.o
                0x20000a34                dummy_write
 *fill*         0x20000a36        0x2 
 COMMON         0x20000a38        0x4 src/ASF/sam0/utils/stdio/read.o
                0x20000a38                ptr_get
 COMMON         0x20000a3c        0x8 src/ASF/sam0/utils/stdio/write.o
                0x20000a3c                ptr_put
                0x20000a40                stdio_base
 COMMON         0x20000a44        0x8 src/ASF/thirdparty/fatfs/fatfs-port-r0.09/diskio.o
                0x20000a44                rtc_instance
 COMMON         0x20000a4c      0x38d src/BootMain.o
                0x20000a4c                fs
                0x20000c7c                file_object
                0x20000ca0                cdc_uart_module
                0x20000cd4                readBuffer
                0x20000dd4                flash_status
                0x20000dd5                flagB_status
                0x20000dd6                res
                0x20000dd7                flagA_status
                0x20000dd8                status
 *fill*         0x20000dd9        0x3 
 COMMON         0x20000ddc        0x4 c:/program files (x86)/atmel/studio/7.0/toolchain/arm/arm-gnu-toolchain/bin/../lib/gcc/arm-none-eabi/6.3.1/../../../../arm-none-eabi/lib/thumb/v6-m\libc_nano.a(lib_a-reent.o)
                0x20000ddc                errno
                0x20000de0                . = ALIGN (0x4)
                0x20000de0                _ebss = .
                0x20000de0                _ezero = .

.stack          0x20000de0     0x2000 load address 0x0000e1d8
                0x20000de0                . = ALIGN (0x8)
                0x20000de0                _sstack = .
                0x20002de0                . = (. + STACK_SIZE)
 *fill*         0x20000de0     0x2000 
                0x20002de0                . = ALIGN (0x8)
                0x20002de0                _estack = .
                0x20002de0                . = ALIGN (0x4)
                0x20002de0                _end = .
OUTPUT(Bootloader.elf elf32-littlearm)

.ARM.attributes
                0x00000000       0x28
 .ARM.attributes
                0x00000000       0x1e c:/program files (x86)/atmel/studio/7.0/toolchain/arm/arm-gnu-toolchain/bin/../lib/gcc/arm-none-eabi/6.3.1/thumb/v6-m/crti.o
 .ARM.attributes
                0x0000001e       0x2c c:/program files (x86)/atmel/studio/7.0/toolchain/arm/arm-gnu-toolchain/bin/../lib/gcc/arm-none-eabi/6.3.1/thumb/v6-m/crtbegin.o
 .ARM.attributes
                0x0000004a       0x32 src/ASF/common2/services/delay/sam0/systick_counter.o
 .ARM.attributes
                0x0000007c       0x32 src/Systick/Systick.o
 .ARM.attributes
                0x000000ae       0x32 src/ASF/sam0/boards/board_init.o
 .ARM.attributes
                0x000000e0       0x32 src/ASF/sam0/drivers/dsu/crc32/crc32.o
 .ARM.attributes
                0x00000112       0x32 src/ASF/sam0/drivers/nvm/nvm.o
 .ARM.attributes
                0x00000144       0x32 src/ASF/sam0/drivers/pac/pac_sam_d_r_h/pac.o
 .ARM.attributes
                0x00000176       0x32 src/SD Card/SdCard.o
 .ARM.attributes
                0x000001a8       0x32 src/SerialConsole/circular_buffer.o
 .ARM.attributes
                0x000001da       0x32 src/SerialConsole/SerialConsole.o
 .ARM.attributes
                0x0000020c       0x32 src/ASF/common2/components/memory/sd_mmc/sd_mmc.o
 .ARM.attributes
                0x0000023e       0x32 src/ASF/common2/components/memory/sd_mmc/sd_mmc_mem.o
 .ARM.attributes
                0x00000270       0x32 src/ASF/common2/components/memory/sd_mmc/sd_mmc_spi.o
 .ARM.attributes
                0x000002a2       0x32 src/ASF/common/services/storage/ctrl_access/ctrl_access.o
 .ARM.attributes
                0x000002d4       0x32 src/ASF/common/utils/interrupt/interrupt_sam_nvic.o
 .ARM.attributes
                0x00000306       0x32 src/ASF/sam0/drivers/port/port.o
 .ARM.attributes
                0x00000338       0x32 src/ASF/sam0/drivers/rtc/rtc_sam_d_r_h/rtc_calendar.o
 .ARM.attributes
                0x0000036a       0x32 src/ASF/sam0/drivers/sercom/sercom.o
 .ARM.attributes
                0x0000039c       0x32 src/ASF/sam0/drivers/sercom/sercom_interrupt.o
 .ARM.attributes
                0x000003ce       0x32 src/ASF/sam0/drivers/sercom/spi/spi.o
 .ARM.attributes
                0x00000400       0x32 src/ASF/sam0/drivers/sercom/spi/spi_interrupt.o
 .ARM.attributes
                0x00000432       0x32 src/ASF/sam0/drivers/sercom/usart/usart.o
 .ARM.attributes
                0x00000464       0x32 src/ASF/sam0/drivers/sercom/usart/usart_interrupt.o
 .ARM.attributes
                0x00000496       0x32 src/ASF/sam0/drivers/system/clock/clock_samd21_r21_da_ha1/clock.o
 .ARM.attributes
                0x000004c8       0x32 src/ASF/sam0/drivers/system/clock/clock_samd21_r21_da_ha1/gclk.o
 .ARM.attributes
                0x000004fa       0x32 src/ASF/sam0/drivers/system/pinmux/pinmux.o
 .ARM.attributes
                0x0000052c       0x32 src/ASF/sam0/drivers/system/system.o
 .ARM.attributes
                0x0000055e       0x32 src/ASF/sam0/utils/cmsis/samd21/source/gcc/startup_samd21.o
 .ARM.attributes
                0x00000590       0x32 src/ASF/sam0/utils/stdio/read.o
 .ARM.attributes
                0x000005c2       0x32 src/ASF/sam0/utils/stdio/write.o
 .ARM.attributes
                0x000005f4       0x32 src/ASF/sam0/utils/syscalls/gcc/syscalls.o
 .ARM.attributes
                0x00000626       0x32 src/ASF/thirdparty/fatfs/fatfs-port-r0.09/diskio.o
 .ARM.attributes
                0x00000658       0x32 src/ASF/thirdparty/fatfs/fatfs-port-r0.09/sam0/fattime_rtc.o
 .ARM.attributes
                0x0000068a       0x32 src/ASF/thirdparty/fatfs/fatfs-r0.09/src/ff.o
 .ARM.attributes
                0x000006bc       0x32 src/ASF/thirdparty/fatfs/fatfs-r0.09/src/option/ccsbcs.o
 .ARM.attributes
                0x000006ee       0x32 src/BootMain.o
 .ARM.attributes
                0x00000720       0x1e c:/program files (x86)/atmel/studio/7.0/toolchain/arm/arm-gnu-toolchain/bin/../lib/gcc/arm-none-eabi/6.3.1/thumb/v6-m\libgcc.a(_udivsi3.o)
 .ARM.attributes
                0x0000073e       0x1e c:/program files (x86)/atmel/studio/7.0/toolchain/arm/arm-gnu-toolchain/bin/../lib/gcc/arm-none-eabi/6.3.1/thumb/v6-m\libgcc.a(_divsi3.o)
 .ARM.attributes
                0x0000075c       0x1e c:/program files (x86)/atmel/studio/7.0/toolchain/arm/arm-gnu-toolchain/bin/../lib/gcc/arm-none-eabi/6.3.1/thumb/v6-m\libgcc.a(_dvmd_tls.o)
 .ARM.attributes
                0x0000077a       0x2c c:/program files (x86)/atmel/studio/7.0/toolchain/arm/arm-gnu-toolchain/bin/../lib/gcc/arm-none-eabi/6.3.1/thumb/v6-m\libgcc.a(_muldi3.o)
 .ARM.attributes
                0x000007a6       0x2c c:/program files (x86)/atmel/studio/7.0/toolchain/arm/arm-gnu-toolchain/bin/../lib/gcc/arm-none-eabi/6.3.1/../../../../arm-none-eabi/lib/thumb/v6-m\libc_nano.a(lib_a-impure.o)
 .ARM.attributes
                0x000007d2       0x2c c:/program files (x86)/atmel/studio/7.0/toolchain/arm/arm-gnu-toolchain/bin/../lib/gcc/arm-none-eabi/6.3.1/../../../../arm-none-eabi/lib/thumb/v6-m\libc_nano.a(lib_a-init.o)
 .ARM.attributes
                0x000007fe       0x2c c:/program files (x86)/atmel/studio/7.0/toolchain/arm/arm-gnu-toolchain/bin/../lib/gcc/arm-none-eabi/6.3.1/../../../../arm-none-eabi/lib/thumb/v6-m\libc_nano.a(lib_a-malloc.o)
 .ARM.attributes
                0x0000082a       0x2c c:/program files (x86)/atmel/studio/7.0/toolchain/arm/arm-gnu-toolchain/bin/../lib/gcc/arm-none-eabi/6.3.1/../../../../arm-none-eabi/lib/thumb/v6-m\libc_nano.a(lib_a-memcpy-stub.o)
 .ARM.attributes
                0x00000856       0x2c c:/program files (x86)/atmel/studio/7.0/toolchain/arm/arm-gnu-toolchain/bin/../lib/gcc/arm-none-eabi/6.3.1/../../../../arm-none-eabi/lib/thumb/v6-m\libc_nano.a(lib_a-memset.o)
 .ARM.attributes
                0x00000882       0x2c c:/program files (x86)/atmel/studio/7.0/toolchain/arm/arm-gnu-toolchain/bin/../lib/gcc/arm-none-eabi/6.3.1/../../../../arm-none-eabi/lib/thumb/v6-m\libc_nano.a(lib_a-nano-freer.o)
 .ARM.attributes
                0x000008ae       0x2c c:/program files (x86)/atmel/studio/7.0/toolchain/arm/arm-gnu-toolchain/bin/../lib/gcc/arm-none-eabi/6.3.1/../../../../arm-none-eabi/lib/thumb/v6-m\libc_nano.a(lib_a-nano-mallocr.o)
 .ARM.attributes
                0x000008da       0x2c c:/program files (x86)/atmel/studio/7.0/toolchain/arm/arm-gnu-toolchain/bin/../lib/gcc/arm-none-eabi/6.3.1/../../../../arm-none-eabi/lib/thumb/v6-m\libc_nano.a(lib_a-sbrkr.o)
 .ARM.attributes
                0x00000906       0x2c c:/program files (x86)/atmel/studio/7.0/toolchain/arm/arm-gnu-toolchain/bin/../lib/gcc/arm-none-eabi/6.3.1/../../../../arm-none-eabi/lib/thumb/v6-m\libc_nano.a(lib_a-setbuf.o)
 .ARM.attributes
                0x00000932       0x2c c:/program files (x86)/atmel/studio/7.0/toolchain/arm/arm-gnu-toolchain/bin/../lib/gcc/arm-none-eabi/6.3.1/../../../../arm-none-eabi/lib/thumb/v6-m\libc_nano.a(lib_a-setvbuf.o)
 .ARM.attributes
                0x0000095e       0x2c c:/program files (x86)/atmel/studio/7.0/toolchain/arm/arm-gnu-toolchain/bin/../lib/gcc/arm-none-eabi/6.3.1/../../../../arm-none-eabi/lib/thumb/v6-m\libc_nano.a(lib_a-snprintf.o)
 .ARM.attributes
                0x0000098a       0x1c c:/program files (x86)/atmel/studio/7.0/toolchain/arm/arm-gnu-toolchain/bin/../lib/gcc/arm-none-eabi/6.3.1/../../../../arm-none-eabi/lib/thumb/v6-m\libc_nano.a(lib_a-strlen.o)
 .ARM.attributes
                0x000009a6       0x2c c:/program files (x86)/atmel/studio/7.0/toolchain/arm/arm-gnu-toolchain/bin/../lib/gcc/arm-none-eabi/6.3.1/../../../../arm-none-eabi/lib/thumb/v6-m\libc_nano.a(lib_a-fflush.o)
 .ARM.attributes
                0x000009d2       0x2c c:/program files (x86)/atmel/studio/7.0/toolchain/arm/arm-gnu-toolchain/bin/../lib/gcc/arm-none-eabi/6.3.1/../../../../arm-none-eabi/lib/thumb/v6-m\libc_nano.a(lib_a-findfp.o)
 .ARM.attributes
                0x000009fe       0x2c c:/program files (x86)/atmel/studio/7.0/toolchain/arm/arm-gnu-toolchain/bin/../lib/gcc/arm-none-eabi/6.3.1/../../../../arm-none-eabi/lib/thumb/v6-m\libc_nano.a(lib_a-fwalk.o)
 .ARM.attributes
                0x00000a2a       0x2c c:/program files (x86)/atmel/studio/7.0/toolchain/arm/arm-gnu-toolchain/bin/../lib/gcc/arm-none-eabi/6.3.1/../../../../arm-none-eabi/lib/thumb/v6-m\libc_nano.a(lib_a-makebuf.o)
 .ARM.attributes
                0x00000a56       0x2c c:/program files (x86)/atmel/studio/7.0/toolchain/arm/arm-gnu-toolchain/bin/../lib/gcc/arm-none-eabi/6.3.1/../../../../arm-none-eabi/lib/thumb/v6-m\libc_nano.a(lib_a-mlock.o)
 .ARM.attributes
                0x00000a82       0x2c c:/program files (x86)/atmel/studio/7.0/toolchain/arm/arm-gnu-toolchain/bin/../lib/gcc/arm-none-eabi/6.3.1/../../../../arm-none-eabi/lib/thumb/v6-m\libc_nano.a(lib_a-nano-svfprintf.o)
 .ARM.attributes
                0x00000aae       0x2c c:/program files (x86)/atmel/studio/7.0/toolchain/arm/arm-gnu-toolchain/bin/../lib/gcc/arm-none-eabi/6.3.1/../../../../arm-none-eabi/lib/thumb/v6-m\libc_nano.a(lib_a-nano-vfprintf_i.o)
 .ARM.attributes
                0x00000ada       0x2c c:/program files (x86)/atmel/studio/7.0/toolchain/arm/arm-gnu-toolchain/bin/../lib/gcc/arm-none-eabi/6.3.1/../../../../arm-none-eabi/lib/thumb/v6-m\libc_nano.a(lib_a-reent.o)
 .ARM.attributes
                0x00000b06       0x2c c:/program files (x86)/atmel/studio/7.0/toolchain/arm/arm-gnu-toolchain/bin/../lib/gcc/arm-none-eabi/6.3.1/../../../../arm-none-eabi/lib/thumb/v6-m\libc_nano.a(lib_a-stdio.o)
 .ARM.attributes
                0x00000b32       0x2c c:/program files (x86)/atmel/studio/7.0/toolchain/arm/arm-gnu-toolchain/bin/../lib/gcc/arm-none-eabi/6.3.1/../../../../arm-none-eabi/lib/thumb/v6-m\libc_nano.a(lib_a-writer.o)
 .ARM.attributes
                0x00000b5e       0x2c c:/program files (x86)/atmel/studio/7.0/toolchain/arm/arm-gnu-toolchain/bin/../lib/gcc/arm-none-eabi/6.3.1/../../../../arm-none-eabi/lib/thumb/v6-m\libc_nano.a(lib_a-closer.o)
 .ARM.attributes
                0x00000b8a       0x2c c:/program files (x86)/atmel/studio/7.0/toolchain/arm/arm-gnu-toolchain/bin/../lib/gcc/arm-none-eabi/6.3.1/../../../../arm-none-eabi/lib/thumb/v6-m\libc_nano.a(lib_a-fstatr.o)
 .ARM.attributes
                0x00000bb6       0x2c c:/program files (x86)/atmel/studio/7.0/toolchain/arm/arm-gnu-toolchain/bin/../lib/gcc/arm-none-eabi/6.3.1/../../../../arm-none-eabi/lib/thumb/v6-m\libc_nano.a(lib_a-lseekr.o)
 .ARM.attributes
                0x00000be2       0x2c c:/program files (x86)/atmel/studio/7.0/toolchain/arm/arm-gnu-toolchain/bin/../lib/gcc/arm-none-eabi/6.3.1/../../../../arm-none-eabi/lib/thumb/v6-m\libc_nano.a(lib_a-memchr-stub.o)
 .ARM.attributes
                0x00000c0e       0x2c c:/program files (x86)/atmel/studio/7.0/toolchain/arm/arm-gnu-toolchain/bin/../lib/gcc/arm-none-eabi/6.3.1/../../../../arm-none-eabi/lib/thumb/v6-m\libc_nano.a(lib_a-memmove.o)
 .ARM.attributes
                0x00000c3a       0x2c c:/program files (x86)/atmel/studio/7.0/toolchain/arm/arm-gnu-toolchain/bin/../lib/gcc/arm-none-eabi/6.3.1/../../../../arm-none-eabi/lib/thumb/v6-m\libc_nano.a(lib_a-nano-reallocr.o)
 .ARM.attributes
                0x00000c66       0x2c c:/program files (x86)/atmel/studio/7.0/toolchain/arm/arm-gnu-toolchain/bin/../lib/gcc/arm-none-eabi/6.3.1/../../../../arm-none-eabi/lib/thumb/v6-m\libc_nano.a(lib_a-readr.o)
 .ARM.attributes
                0x00000c92       0x2c c:/program files (x86)/atmel/studio/7.0/toolchain/arm/arm-gnu-toolchain/bin/../lib/gcc/arm-none-eabi/6.3.1/../../../../arm-none-eabi/lib/thumb/v6-m\libc_nano.a(lib_a-nano-msizer.o)
 .ARM.attributes
                0x00000cbe       0x1e c:/program files (x86)/atmel/studio/7.0/toolchain/arm/arm-gnu-toolchain/bin/../lib/gcc/arm-none-eabi/6.3.1/thumb/v6-m/crtn.o

.comment        0x00000000       0x59
 .comment       0x00000000       0x59 src/ASF/common2/services/delay/sam0/systick_counter.o
                                 0x5a (size before relaxing)
 .comment       0x00000059       0x5a src/Systick/Systick.o
 .comment       0x00000059       0x5a src/ASF/sam0/boards/board_init.o
 .comment       0x00000059       0x5a src/ASF/sam0/drivers/dsu/crc32/crc32.o
 .comment       0x00000059       0x5a src/ASF/sam0/drivers/nvm/nvm.o
 .comment       0x00000059       0x5a src/ASF/sam0/drivers/pac/pac_sam_d_r_h/pac.o
 .comment       0x00000059       0x5a src/SD Card/SdCard.o
 .comment       0x00000059       0x5a src/SerialConsole/circular_buffer.o
 .comment       0x00000059       0x5a src/SerialConsole/SerialConsole.o
 .comment       0x00000059       0x5a src/ASF/common2/components/memory/sd_mmc/sd_mmc.o
 .comment       0x00000059       0x5a src/ASF/common2/components/memory/sd_mmc/sd_mmc_mem.o
 .comment       0x00000059       0x5a src/ASF/common2/components/memory/sd_mmc/sd_mmc_spi.o
 .comment       0x00000059       0x5a src/ASF/common/services/storage/ctrl_access/ctrl_access.o
 .comment       0x00000059       0x5a src/ASF/common/utils/interrupt/interrupt_sam_nvic.o
 .comment       0x00000059       0x5a src/ASF/sam0/drivers/port/port.o
 .comment       0x00000059       0x5a src/ASF/sam0/drivers/rtc/rtc_sam_d_r_h/rtc_calendar.o
 .comment       0x00000059       0x5a src/ASF/sam0/drivers/sercom/sercom.o
 .comment       0x00000059       0x5a src/ASF/sam0/drivers/sercom/sercom_interrupt.o
 .comment       0x00000059       0x5a src/ASF/sam0/drivers/sercom/spi/spi.o
 .comment       0x00000059       0x5a src/ASF/sam0/drivers/sercom/spi/spi_interrupt.o
 .comment       0x00000059       0x5a src/ASF/sam0/drivers/sercom/usart/usart.o
 .comment       0x00000059       0x5a src/ASF/sam0/drivers/sercom/usart/usart_interrupt.o
 .comment       0x00000059       0x5a src/ASF/sam0/drivers/system/clock/clock_samd21_r21_da_ha1/clock.o
 .comment       0x00000059       0x5a src/ASF/sam0/drivers/system/clock/clock_samd21_r21_da_ha1/gclk.o
 .comment       0x00000059       0x5a src/ASF/sam0/drivers/system/pinmux/pinmux.o
 .comment       0x00000059       0x5a src/ASF/sam0/drivers/system/system.o
 .comment       0x00000059       0x5a src/ASF/sam0/utils/cmsis/samd21/source/gcc/startup_samd21.o
 .comment       0x00000059       0x5a src/ASF/sam0/utils/stdio/read.o
 .comment       0x00000059       0x5a src/ASF/sam0/utils/stdio/write.o
 .comment       0x00000059       0x5a src/ASF/sam0/utils/syscalls/gcc/syscalls.o
 .comment       0x00000059       0x5a src/ASF/thirdparty/fatfs/fatfs-port-r0.09/diskio.o
 .comment       0x00000059       0x5a src/ASF/thirdparty/fatfs/fatfs-port-r0.09/sam0/fattime_rtc.o
 .comment       0x00000059       0x5a src/ASF/thirdparty/fatfs/fatfs-r0.09/src/ff.o
 .comment       0x00000059       0x5a src/ASF/thirdparty/fatfs/fatfs-r0.09/src/option/ccsbcs.o